C:/Users/joaop/Documents/Workspace STM/Workspace Estudo/CAN_LoopBack/Drivers/BSP/STM324x9I_EVAL/stm324x9i_eval.c:496:13:I2Cx_Init	48	static
C:/Users/joaop/Documents/Workspace STM/Workspace Estudo/CAN_LoopBack/Drivers/BSP/STM324x9I_EVAL/stm324x9i_eval.c:569:16:I2Cx_Read	32	static
C:/Users/joaop/Documents/Workspace STM/Workspace Estudo/CAN_LoopBack/Drivers/BSP/STM324x9I_EVAL/stm324x9i_eval.c:549:13:I2Cx_Write	32	static
C:/Users/joaop/Documents/Workspace STM/Workspace Estudo/CAN_LoopBack/Drivers/BSP/STM324x9I_EVAL/stm324x9i_eval.c:625:26:I2Cx_WriteMultiple	24	static
C:/Users/joaop/Documents/Workspace STM/Workspace Estudo/CAN_LoopBack/Drivers/BSP/STM324x9I_EVAL/stm324x9i_eval.c:594:26:I2Cx_ReadMultiple	32	static
C:/Users/joaop/Documents/Workspace STM/Workspace Estudo/CAN_LoopBack/Drivers/BSP/STM324x9I_EVAL/stm324x9i_eval.c:159:10:BSP_GetVersion	0	static
C:/Users/joaop/Documents/Workspace STM/Workspace Estudo/CAN_LoopBack/Drivers/BSP/STM324x9I_EVAL/stm324x9i_eval.c:173:6:BSP_LED_Init	64	static
C:/Users/joaop/Documents/Workspace STM/Workspace Estudo/CAN_LoopBack/Drivers/BSP/STM324x9I_EVAL/stm324x9i_eval.c:200:6:BSP_LED_On	0	static
C:/Users/joaop/Documents/Workspace STM/Workspace Estudo/CAN_LoopBack/Drivers/BSP/STM324x9I_EVAL/stm324x9i_eval.c:214:6:BSP_LED_Off	0	static
C:/Users/joaop/Documents/Workspace STM/Workspace Estudo/CAN_LoopBack/Drivers/BSP/STM324x9I_EVAL/stm324x9i_eval.c:228:6:BSP_LED_Toggle	0	static
C:/Users/joaop/Documents/Workspace STM/Workspace Estudo/CAN_LoopBack/Drivers/BSP/STM324x9I_EVAL/stm324x9i_eval.c:245:6:BSP_PB_Init	56	static
C:/Users/joaop/Documents/Workspace STM/Workspace Estudo/CAN_LoopBack/Drivers/BSP/STM324x9I_EVAL/stm324x9i_eval.c:295:10:BSP_PB_GetState	8	static
C:/Users/joaop/Documents/Workspace STM/Workspace Estudo/CAN_LoopBack/Drivers/BSP/STM324x9I_EVAL/stm324x9i_eval.c:309:6:BSP_COM_Init	56	static
C:/Users/joaop/Documents/Workspace STM/Workspace Estudo/CAN_LoopBack/Drivers/BSP/STM324x9I_EVAL/stm324x9i_eval.c:348:9:BSP_JOY_Init	16	static
C:/Users/joaop/Documents/Workspace STM/Workspace Estudo/CAN_LoopBack/Drivers/BSP/STM324x9I_EVAL/stm324x9i_eval.c:376:18:BSP_JOY_GetState	8	static
C:/Users/joaop/Documents/Workspace STM/Workspace Estudo/CAN_LoopBack/Drivers/BSP/STM324x9I_EVAL/stm324x9i_eval.c:674:6:IOE_Init	0	static
C:/Users/joaop/Documents/Workspace STM/Workspace Estudo/CAN_LoopBack/Drivers/BSP/STM324x9I_EVAL/stm324x9i_eval.c:682:6:IOE_ITConfig	40	static
C:/Users/joaop/Documents/Workspace STM/Workspace Estudo/CAN_LoopBack/Drivers/BSP/STM324x9I_EVAL/stm324x9i_eval.c:693:6:IOE_Write	0	static
C:/Users/joaop/Documents/Workspace STM/Workspace Estudo/CAN_LoopBack/Drivers/BSP/STM324x9I_EVAL/stm324x9i_eval.c:704:9:IOE_Read	0	static
C:/Users/joaop/Documents/Workspace STM/Workspace Estudo/CAN_LoopBack/Drivers/BSP/STM324x9I_EVAL/stm324x9i_eval.c:717:10:IOE_ReadMultiple	16	static
C:/Users/joaop/Documents/Workspace STM/Workspace Estudo/CAN_LoopBack/Drivers/BSP/STM324x9I_EVAL/stm324x9i_eval.c:729:6:IOE_WriteMultiple	16	static
C:/Users/joaop/Documents/Workspace STM/Workspace Estudo/CAN_LoopBack/Drivers/BSP/STM324x9I_EVAL/stm324x9i_eval.c:418:9:BSP_TS3510_IsDetected	32	static
C:/Users/joaop/Documents/Workspace STM/Workspace Estudo/CAN_LoopBack/Drivers/BSP/STM324x9I_EVAL/stm324x9i_eval.c:738:6:IOE_Delay	0	static
C:/Users/joaop/Documents/Workspace STM/Workspace Estudo/CAN_LoopBack/Drivers/BSP/STM324x9I_EVAL/stm324x9i_eval.c:748:6:AUDIO_IO_Init	0	static
C:/Users/joaop/Documents/Workspace STM/Workspace Estudo/CAN_LoopBack/Drivers/BSP/STM324x9I_EVAL/stm324x9i_eval.c:756:6:AUDIO_IO_DeInit	0	static
C:/Users/joaop/Documents/Workspace STM/Workspace Estudo/CAN_LoopBack/Drivers/BSP/STM324x9I_EVAL/stm324x9i_eval.c:767:6:AUDIO_IO_Write	24	static
C:/Users/joaop/Documents/Workspace STM/Workspace Estudo/CAN_LoopBack/Drivers/BSP/STM324x9I_EVAL/stm324x9i_eval.c:784:10:AUDIO_IO_Read	24	static
C:/Users/joaop/Documents/Workspace STM/Workspace Estudo/CAN_LoopBack/Drivers/BSP/STM324x9I_EVAL/stm324x9i_eval.c:803:6:AUDIO_IO_Delay	0	static
C:/Users/joaop/Documents/Workspace STM/Workspace Estudo/CAN_LoopBack/Drivers/BSP/STM324x9I_EVAL/stm324x9i_eval.c:813:6:CAMERA_IO_Init	0	static
C:/Users/joaop/Documents/Workspace STM/Workspace Estudo/CAN_LoopBack/Drivers/BSP/STM324x9I_EVAL/stm324x9i_eval.c:824:6:CAMERA_IO_Write	0	static
C:/Users/joaop/Documents/Workspace STM/Workspace Estudo/CAN_LoopBack/Drivers/BSP/STM324x9I_EVAL/stm324x9i_eval.c:835:9:CAMERA_IO_Read	0	static
C:/Users/joaop/Documents/Workspace STM/Workspace Estudo/CAN_LoopBack/Drivers/BSP/STM324x9I_EVAL/stm324x9i_eval.c:844:6:CAMERA_Delay	0	static
C:/Users/joaop/Documents/Workspace STM/Workspace Estudo/CAN_LoopBack/Drivers/BSP/STM324x9I_EVAL/stm324x9i_eval.c:854:6:EEPROM_IO_Init	0	static
C:/Users/joaop/Documents/Workspace STM/Workspace Estudo/CAN_LoopBack/Drivers/BSP/STM324x9I_EVAL/stm324x9i_eval.c:867:19:EEPROM_IO_WriteData	16	static
C:/Users/joaop/Documents/Workspace STM/Workspace Estudo/CAN_LoopBack/Drivers/BSP/STM324x9I_EVAL/stm324x9i_eval.c:880:19:EEPROM_IO_ReadData	16	static
C:/Users/joaop/Documents/Workspace STM/Workspace Estudo/CAN_LoopBack/Drivers/BSP/STM324x9I_EVAL/stm324x9i_eval.c:892:19:EEPROM_IO_IsDeviceReady	0	static
