C:/Users/joaop/Documents/Workspace STM/Workspace Estudo/CAN_LoopBack/Drivers/BSP/STM324x9I_EVAL/stm324x9i_eval_io.c:91:9:BSP_IO_Init	16	static
C:/Users/joaop/Documents/Workspace STM/Workspace Estudo/CAN_LoopBack/Drivers/BSP/STM324x9I_EVAL/stm324x9i_eval_io.c:117:9:BSP_IO_ITGetStatus	8	static
C:/Users/joaop/Documents/Workspace STM/Workspace Estudo/CAN_LoopBack/Drivers/BSP/STM324x9I_EVAL/stm324x9i_eval_io.c:126:6:BSP_IO_ITClear	0	static
C:/Users/joaop/Documents/Workspace STM/Workspace Estudo/CAN_LoopBack/Drivers/BSP/STM324x9I_EVAL/stm324x9i_eval_io.c:145:9:BSP_IO_ConfigPin	8	static
C:/Users/joaop/Documents/Workspace STM/Workspace Estudo/CAN_LoopBack/Drivers/BSP/STM324x9I_EVAL/stm324x9i_eval_io.c:159:6:BSP_IO_WritePin	0	static
C:/Users/joaop/Documents/Workspace STM/Workspace Estudo/CAN_LoopBack/Drivers/BSP/STM324x9I_EVAL/stm324x9i_eval_io.c:171:10:BSP_IO_ReadPin	8	static
C:/Users/joaop/Documents/Workspace STM/Workspace Estudo/CAN_LoopBack/Drivers/BSP/STM324x9I_EVAL/stm324x9i_eval_io.c:181:6:BSP_IO_TogglePin	16	static
