Archive member included to satisfy reference by file (symbol)

c:/st/stm32cubeide_1.10.1/stm32cubeide/plugins/com.st.stm32cube.ide.mcu.externaltools.gnu-tools-for-stm32.10.3-2021.10.win32_1.0.0.202111181127/tools/bin/../lib/gcc/arm-none-eabi/10.3.1/../../../../arm-none-eabi/lib/thumb/v7e-m+fp/hard\libc_nano.a(lib_a-errno.o)
                              ./Core/Src/syscalls.o (__errno)
c:/st/stm32cubeide_1.10.1/stm32cubeide/plugins/com.st.stm32cube.ide.mcu.externaltools.gnu-tools-for-stm32.10.3-2021.10.win32_1.0.0.202111181127/tools/bin/../lib/gcc/arm-none-eabi/10.3.1/../../../../arm-none-eabi/lib/thumb/v7e-m+fp/hard\libc_nano.a(lib_a-exit.o)
                              c:/st/stm32cubeide_1.10.1/stm32cubeide/plugins/com.st.stm32cube.ide.mcu.externaltools.gnu-tools-for-stm32.10.3-2021.10.win32_1.0.0.202111181127/tools/bin/../lib/gcc/arm-none-eabi/10.3.1/../../../../arm-none-eabi/lib/thumb/v7e-m+fp/hard/crt0.o (exit)
c:/st/stm32cubeide_1.10.1/stm32cubeide/plugins/com.st.stm32cube.ide.mcu.externaltools.gnu-tools-for-stm32.10.3-2021.10.win32_1.0.0.202111181127/tools/bin/../lib/gcc/arm-none-eabi/10.3.1/../../../../arm-none-eabi/lib/thumb/v7e-m+fp/hard\libc_nano.a(lib_a-impure.o)
                              c:/st/stm32cubeide_1.10.1/stm32cubeide/plugins/com.st.stm32cube.ide.mcu.externaltools.gnu-tools-for-stm32.10.3-2021.10.win32_1.0.0.202111181127/tools/bin/../lib/gcc/arm-none-eabi/10.3.1/../../../../arm-none-eabi/lib/thumb/v7e-m+fp/hard\libc_nano.a(lib_a-exit.o) (_global_impure_ptr)
c:/st/stm32cubeide_1.10.1/stm32cubeide/plugins/com.st.stm32cube.ide.mcu.externaltools.gnu-tools-for-stm32.10.3-2021.10.win32_1.0.0.202111181127/tools/bin/../lib/gcc/arm-none-eabi/10.3.1/../../../../arm-none-eabi/lib/thumb/v7e-m+fp/hard\libc_nano.a(lib_a-init.o)
                              c:/st/stm32cubeide_1.10.1/stm32cubeide/plugins/com.st.stm32cube.ide.mcu.externaltools.gnu-tools-for-stm32.10.3-2021.10.win32_1.0.0.202111181127/tools/bin/../lib/gcc/arm-none-eabi/10.3.1/../../../../arm-none-eabi/lib/thumb/v7e-m+fp/hard/crt0.o (__libc_init_array)
c:/st/stm32cubeide_1.10.1/stm32cubeide/plugins/com.st.stm32cube.ide.mcu.externaltools.gnu-tools-for-stm32.10.3-2021.10.win32_1.0.0.202111181127/tools/bin/../lib/gcc/arm-none-eabi/10.3.1/../../../../arm-none-eabi/lib/thumb/v7e-m+fp/hard\libc_nano.a(lib_a-memset.o)
                              c:/st/stm32cubeide_1.10.1/stm32cubeide/plugins/com.st.stm32cube.ide.mcu.externaltools.gnu-tools-for-stm32.10.3-2021.10.win32_1.0.0.202111181127/tools/bin/../lib/gcc/arm-none-eabi/10.3.1/../../../../arm-none-eabi/lib/thumb/v7e-m+fp/hard/crt0.o (memset)
c:/st/stm32cubeide_1.10.1/stm32cubeide/plugins/com.st.stm32cube.ide.mcu.externaltools.gnu-tools-for-stm32.10.3-2021.10.win32_1.0.0.202111181127/tools/bin/../lib/gcc/arm-none-eabi/10.3.1/thumb/v7e-m+fp/hard\libgcc.a(_aeabi_uldivmod.o)
                              ./Drivers/STM32F4xx_HAL_Driver/Src/stm32f4xx_hal_rcc.o (__aeabi_uldivmod)
c:/st/stm32cubeide_1.10.1/stm32cubeide/plugins/com.st.stm32cube.ide.mcu.externaltools.gnu-tools-for-stm32.10.3-2021.10.win32_1.0.0.202111181127/tools/bin/../lib/gcc/arm-none-eabi/10.3.1/thumb/v7e-m+fp/hard\libgcc.a(_udivmoddi4.o)
                              c:/st/stm32cubeide_1.10.1/stm32cubeide/plugins/com.st.stm32cube.ide.mcu.externaltools.gnu-tools-for-stm32.10.3-2021.10.win32_1.0.0.202111181127/tools/bin/../lib/gcc/arm-none-eabi/10.3.1/thumb/v7e-m+fp/hard\libgcc.a(_aeabi_uldivmod.o) (__udivmoddi4)
c:/st/stm32cubeide_1.10.1/stm32cubeide/plugins/com.st.stm32cube.ide.mcu.externaltools.gnu-tools-for-stm32.10.3-2021.10.win32_1.0.0.202111181127/tools/bin/../lib/gcc/arm-none-eabi/10.3.1/thumb/v7e-m+fp/hard\libgcc.a(_dvmd_tls.o)
                              c:/st/stm32cubeide_1.10.1/stm32cubeide/plugins/com.st.stm32cube.ide.mcu.externaltools.gnu-tools-for-stm32.10.3-2021.10.win32_1.0.0.202111181127/tools/bin/../lib/gcc/arm-none-eabi/10.3.1/thumb/v7e-m+fp/hard\libgcc.a(_aeabi_uldivmod.o) (__aeabi_ldiv0)

Discarded input sections

 .text          0x0000000000000000        0x0 c:/st/stm32cubeide_1.10.1/stm32cubeide/plugins/com.st.stm32cube.ide.mcu.externaltools.gnu-tools-for-stm32.10.3-2021.10.win32_1.0.0.202111181127/tools/bin/../lib/gcc/arm-none-eabi/10.3.1/thumb/v7e-m+fp/hard/crti.o
 .data          0x0000000000000000        0x0 c:/st/stm32cubeide_1.10.1/stm32cubeide/plugins/com.st.stm32cube.ide.mcu.externaltools.gnu-tools-for-stm32.10.3-2021.10.win32_1.0.0.202111181127/tools/bin/../lib/gcc/arm-none-eabi/10.3.1/thumb/v7e-m+fp/hard/crti.o
 .bss           0x0000000000000000        0x0 c:/st/stm32cubeide_1.10.1/stm32cubeide/plugins/com.st.stm32cube.ide.mcu.externaltools.gnu-tools-for-stm32.10.3-2021.10.win32_1.0.0.202111181127/tools/bin/../lib/gcc/arm-none-eabi/10.3.1/thumb/v7e-m+fp/hard/crti.o
[...]
Memory Configuration

Name             Origin             Length             Attributes
CCMRAM           0x0000000010000000 0x0000000000010000 xrw
RAM              0x0000000020000000 0x0000000000020000 xrw
FLASH            0x0000000008000000 0x0000000000080000 xr
*default*        0x0000000000000000 0xffffffffffffffff

Linker script and memory map

LOAD c:/st/stm32cubeide_1.10.1/stm32cubeide/plugins/com.st.stm32cube.ide.mcu.externaltools.gnu-tools-for-stm32.10.3-2021.10.win32_1.0.0.202111181127/tools/bin/../lib/gcc/arm-none-eabi/10.3.1/thumb/v7e-m+fp/hard/crti.o
LOAD c:/st/stm32cubeide_1.10.1/stm32cubeide/plugins/com.st.stm32cube.ide.mcu.externaltools.gnu-tools-for-stm32.10.3-2021.10.win32_1.0.0.202111181127/tools/bin/../lib/gcc/arm-none-eabi/10.3.1/thumb/v7e-m+fp/hard/crtbegin.o
LOAD c:/st/stm32cubeide_1.10.1/stm32cubeide/plugins/com.st.stm32cube.ide.mcu.externaltools.gnu-tools-for-stm32.10.3-2021.10.win32_1.0.0.202111181127/tools/bin/../lib/gcc/arm-none-eabi/10.3.1/../../../../arm-none-eabi/lib/thumb/v7e-m+fp/hard/crt0.o
LOAD ./Core/Src/SMLed.o
LOAD ./Core/Src/SMLedActions.o
LOAD ./Core/Src/main.o
LOAD ./Core/Src/stm32f4xx_hal_msp.o
LOAD ./Core/Src/stm32f4xx_it.o
LOAD ./Core/Src/syscalls.o
LOAD ./Core/Src/sysmem.o
LOAD ./Core/Src/system_stm32f4xx.o
LOAD ./Core/Startup/startup_stm32f407vetx.o
LOAD ./Drivers/STM32F4xx_HAL_Driver/Src/stm32f4xx_hal.o
LOAD ./Drivers/STM32F4xx_HAL_Driver/Src/stm32f4xx_hal_cortex.o
LOAD ./Drivers/STM32F4xx_HAL_Driver/Src/stm32f4xx_hal_dma.o
LOAD ./Drivers/STM32F4xx_HAL_Driver/Src/stm32f4xx_hal_dma_ex.o
LOAD ./Drivers/STM32F4xx_HAL_Driver/Src/stm32f4xx_hal_exti.o
LOAD ./Drivers/STM32F4xx_HAL_Driver/Src/stm32f4xx_hal_flash.o
LOAD ./Drivers/STM32F4xx_HAL_Driver/Src/stm32f4xx_hal_flash_ex.o
LOAD ./Drivers/STM32F4xx_HAL_Driver/Src/stm32f4xx_hal_flash_ramfunc.o
LOAD ./Drivers/STM32F4xx_HAL_Driver/Src/stm32f4xx_hal_gpio.o
LOAD ./Drivers/STM32F4xx_HAL_Driver/Src/stm32f4xx_hal_pwr.o
LOAD ./Drivers/STM32F4xx_HAL_Driver/Src/stm32f4xx_hal_pwr_ex.o
LOAD ./Drivers/STM32F4xx_HAL_Driver/Src/stm32f4xx_hal_rcc.o
LOAD ./Drivers/STM32F4xx_HAL_Driver/Src/stm32f4xx_hal_rcc_ex.o
LOAD ./Drivers/STM32F4xx_HAL_Driver/Src/stm32f4xx_hal_tim.o
LOAD ./Drivers/STM32F4xx_HAL_Driver/Src/stm32f4xx_hal_tim_ex.o
LOAD ./QP/include/qstamp.o
LOAD ./QP/ports/arm-cm/qv/gnu/qv_port.o
LOAD ./QP/src/qf/qep_hsm.o
LOAD ./QP/src/qf/qep_msm.o
LOAD ./QP/src/qf/qf_act.o
LOAD ./QP/src/qf/qf_actq.o
LOAD ./QP/src/qf/qf_defer.o
LOAD ./QP/src/qf/qf_dyn.o
LOAD ./QP/src/qf/qf_mem.o
LOAD ./QP/src/qf/qf_ps.o
LOAD ./QP/src/qf/qf_qact.o
LOAD ./QP/src/qf/qf_qeq.o
LOAD ./QP/src/qf/qf_qmact.o
LOAD ./QP/src/qf/qf_time.o
LOAD ./QP/src/qv/qv.o
START GROUP
LOAD c:/st/stm32cubeide_1.10.1/stm32cubeide/plugins/com.st.stm32cube.ide.mcu.externaltools.gnu-tools-for-stm32.10.3-2021.10.win32_1.0.0.202111181127/tools/bin/../lib/gcc/arm-none-eabi/10.3.1/../../../../arm-none-eabi/lib/thumb/v7e-m+fp/hard\libc_nano.a
LOAD c:/st/stm32cubeide_1.10.1/stm32cubeide/plugins/com.st.stm32cube.ide.mcu.externaltools.gnu-tools-for-stm32.10.3-2021.10.win32_1.0.0.202111181127/tools/bin/../lib/gcc/arm-none-eabi/10.3.1/../../../../arm-none-eabi/lib/thumb/v7e-m+fp/hard\libm.a
END GROUP
START GROUP
LOAD c:/st/stm32cubeide_1.10.1/stm32cubeide/plugins/com.st.stm32cube.ide.mcu.externaltools.gnu-tools-for-stm32.10.3-2021.10.win32_1.0.0.202111181127/tools/bin/../lib/gcc/arm-none-eabi/10.3.1/thumb/v7e-m+fp/hard\libgcc.a
LOAD c:/st/stm32cubeide_1.10.1/stm32cubeide/plugins/com.st.stm32cube.ide.mcu.externaltools.gnu-tools-for-stm32.10.3-2021.10.win32_1.0.0.202111181127/tools/bin/../lib/gcc/arm-none-eabi/10.3.1/../../../../arm-none-eabi/lib/thumb/v7e-m+fp/hard\libc_nano.a
END GROUP
START GROUP
LOAD c:/st/stm32cubeide_1.10.1/stm32cubeide/plugins/com.st.stm32cube.ide.mcu.externaltools.gnu-tools-for-stm32.10.3-2021.10.win32_1.0.0.202111181127/tools/bin/../lib/gcc/arm-none-eabi/10.3.1/thumb/v7e-m+fp/hard\libgcc.a
LOAD c:/st/stm32cubeide_1.10.1/stm32cubeide/plugins/com.st.stm32cube.ide.mcu.externaltools.gnu-tools-for-stm32.10.3-2021.10.win32_1.0.0.202111181127/tools/bin/../lib/gcc/arm-none-eabi/10.3.1/../../../../arm-none-eabi/lib/thumb/v7e-m+fp/hard\libc_nano.a
LOAD c:/st/stm32cubeide_1.10.1/stm32cubeide/plugins/com.st.stm32cube.ide.mcu.externaltools.gnu-tools-for-stm32.10.3-2021.10.win32_1.0.0.202111181127/tools/bin/../lib/gcc/arm-none-eabi/10.3.1/../../../../arm-none-eabi/lib/thumb/v7e-m+fp/hard\libnosys.a
END GROUP
START GROUP
LOAD c:/st/stm32cubeide_1.10.1/stm32cubeide/plugins/com.st.stm32cube.ide.mcu.externaltools.gnu-tools-for-stm32.10.3-2021.10.win32_1.0.0.202111181127/tools/bin/../lib/gcc/arm-none-eabi/10.3.1/thumb/v7e-m+fp/hard\libgcc.a
LOAD c:/st/stm32cubeide_1.10.1/stm32cubeide/plugins/com.st.stm32cube.ide.mcu.externaltools.gnu-tools-for-stm32.10.3-2021.10.win32_1.0.0.202111181127/tools/bin/../lib/gcc/arm-none-eabi/10.3.1/../../../../arm-none-eabi/lib/thumb/v7e-m+fp/hard\libc_nano.a
LOAD c:/st/stm32cubeide_1.10.1/stm32cubeide/plugins/com.st.stm32cube.ide.mcu.externaltools.gnu-tools-for-stm32.10.3-2021.10.win32_1.0.0.202111181127/tools/bin/../lib/gcc/arm-none-eabi/10.3.1/../../../../arm-none-eabi/lib/thumb/v7e-m+fp/hard\libnosys.a
END GROUP
LOAD c:/st/stm32cubeide_1.10.1/stm32cubeide/plugins/com.st.stm32cube.ide.mcu.externaltools.gnu-tools-for-stm32.10.3-2021.10.win32_1.0.0.202111181127/tools/bin/../lib/gcc/arm-none-eabi/10.3.1/thumb/v7e-m+fp/hard/crtend.o
LOAD c:/st/stm32cubeide_1.10.1/stm32cubeide/plugins/com.st.stm32cube.ide.mcu.externaltools.gnu-tools-for-stm32.10.3-2021.10.win32_1.0.0.202111181127/tools/bin/../lib/gcc/arm-none-eabi/10.3.1/thumb/v7e-m+fp/hard/crtn.o
                0x0000000020020000                _estack = (ORIGIN (RAM) + LENGTH (RAM))
                0x0000000000000200                _Min_Heap_Size = 0x200
                0x0000000000000400                _Min_Stack_Size = 0x400

.isr_vector     0x0000000008000000      0x188
                0x0000000008000000                . = ALIGN (0x4)
 *(.isr_vector)
 .isr_vector    0x0000000008000000      0x188 ./Core/Startup/startup_stm32f407vetx.o
                0x0000000008000000                g_pfnVectors
                0x0000000008000188                . = ALIGN (0x4)

.text           0x0000000008000188     0x21f4
                0x0000000008000188                . = ALIGN (0x4)
 *(.text)
 .text          0x0000000008000188       0x40 c:/st/stm32cubeide_1.10.1/stm32cubeide/plugins/com.st.stm32cube.ide.mcu.externaltools.gnu-tools-for-stm32.10.3-2021.10.win32_1.0.0.202111181127/tools/bin/../lib/gcc/arm-none-eabi/10.3.1/thumb/v7e-m+fp/hard/crtbegin.o
 .text          0x00000000080001c8       0x30 c:/st/stm32cubeide_1.10.1/stm32cubeide/plugins/com.st.stm32cube.ide.mcu.externaltools.gnu-tools-for-stm32.10.3-2021.10.win32_1.0.0.202111181127/tools/bin/../lib/gcc/arm-none-eabi/10.3.1/thumb/v7e-m+fp/hard\libgcc.a(_aeabi_uldivmod.o)
                0x00000000080001c8                __aeabi_uldivmod
 .text          0x00000000080001f8      0x2d0 c:/st/stm32cubeide_1.10.1/stm32cubeide/plugins/com.st.stm32cube.ide.mcu.externaltools.gnu-tools-for-stm32.10.3-2021.10.win32_1.0.0.202111181127/tools/bin/../lib/gcc/arm-none-eabi/10.3.1/thumb/v7e-m+fp/hard\libgcc.a(_udivmoddi4.o)
                0x00000000080001f8                __udivmoddi4
 .text          0x00000000080004c8        0x4 c:/st/stm32cubeide_1.10.1/stm32cubeide/plugins/com.st.stm32cube.ide.mcu.externaltools.gnu-tools-for-stm32.10.3-2021.10.win32_1.0.0.202111181127/tools/bin/../lib/gcc/arm-none-eabi/10.3.1/thumb/v7e-m+fp/hard\libgcc.a(_dvmd_tls.o)
                0x00000000080004c8                __aeabi_idiv0
                0x00000000080004c8                __aeabi_ldiv0
 *(.text*)
 .text.SMLed_ctor
                0x00000000080004cc       0x24 ./Core/Src/SMLed.o
                0x00000000080004cc                SMLed_ctor
 .text.SMLed_initial
                0x00000000080004f0       0x24 ./Core/Src/SMLed.o
                0x00000000080004f0                SMLed_initial
 .text.SMLed_Desligado_e
                0x0000000008000514       0x16 ./Core/Src/SMLed.o
                0x0000000008000514                SMLed_Desligado_e
 *fill*         0x000000000800052a        0x2 
 .text.SMLed_Desligado
                0x000000000800052c       0x38 ./Core/Src/SMLed.o
                0x000000000800052c                SMLed_Desligado
 .text.SMLed_Ligado_e
                0x0000000008000564       0x16 ./Core/Src/SMLed.o
                0x0000000008000564                SMLed_Ligado_e
 *fill*         0x000000000800057a        0x2 
 .text.SMLed_Ligado
                0x000000000800057c       0x38 ./Core/Src/SMLed.o
                0x000000000800057c                SMLed_Ligado
 .text.LigarLED
                0x00000000080005b4       0x18 ./Core/Src/SMLedActions.o
                0x00000000080005b4                LigarLED
 .text.DesligarLED
                0x00000000080005cc       0x18 ./Core/Src/SMLedActions.o
                0x00000000080005cc                DesligarLED
 .text.__NVIC_SystemReset
                0x00000000080005e4       0x2c ./Core/Src/main.o
 .text.main     0x0000000008000610       0x70 ./Core/Src/main.o
                0x0000000008000610                main
 .text.SystemClock_Config
                0x0000000008000680       0xbc ./Core/Src/main.o
                0x0000000008000680                SystemClock_Config
 .text.MX_GPIO_Init
                0x000000000800073c       0xb4 ./Core/Src/main.o
 .text.QF_onStartup
                0x00000000080007f0        0xe ./Core/Src/main.o
                0x00000000080007f0                QF_onStartup
 .text.QV_onIdle
                0x00000000080007fe       0x14 ./Core/Src/main.o
                0x00000000080007fe                QV_onIdle
 .text.Q_onAssert
                0x0000000008000812       0x18 ./Core/Src/main.o
                0x0000000008000812                Q_onAssert
 .text.Error_Handler
                0x000000000800082a        0xa ./Core/Src/main.o
                0x000000000800082a                Error_Handler
 .text.HAL_MspInit
                0x0000000008000834       0x50 ./Core/Src/stm32f4xx_hal_msp.o
                0x0000000008000834                HAL_MspInit
 .text.NMI_Handler
                0x0000000008000884        0x6 ./Core/Src/stm32f4xx_it.o
                0x0000000008000884                NMI_Handler
 .text.HardFault_Handler
                0x000000000800088a        0x6 ./Core/Src/stm32f4xx_it.o
                0x000000000800088a                HardFault_Handler
 .text.MemManage_Handler
                0x0000000008000890        0x6 ./Core/Src/stm32f4xx_it.o
                0x0000000008000890                MemManage_Handler
 .text.BusFault_Handler
                0x0000000008000896        0x6 ./Core/Src/stm32f4xx_it.o
                0x0000000008000896                BusFault_Handler
 .text.UsageFault_Handler
                0x000000000800089c        0x6 ./Core/Src/stm32f4xx_it.o
                0x000000000800089c                UsageFault_Handler
 .text.SVC_Handler
                0x00000000080008a2        0xe ./Core/Src/stm32f4xx_it.o
                0x00000000080008a2                SVC_Handler
 .text.DebugMon_Handler
                0x00000000080008b0        0xe ./Core/Src/stm32f4xx_it.o
                0x00000000080008b0                DebugMon_Handler
 .text.PendSV_Handler
                0x00000000080008be        0xe ./Core/Src/stm32f4xx_it.o
                0x00000000080008be                PendSV_Handler
 .text.SysTick_Handler
                0x00000000080008cc        0xc ./Core/Src/stm32f4xx_it.o
                0x00000000080008cc                SysTick_Handler
 .text.EXTI4_IRQHandler
                0x00000000080008d8       0x2c ./Core/Src/stm32f4xx_it.o
                0x00000000080008d8                EXTI4_IRQHandler
 .text.SystemInit
                0x0000000008000904       0x24 ./Core/Src/system_stm32f4xx.o
                0x0000000008000904                SystemInit
 .text.Reset_Handler
                0x0000000008000928       0x50 ./Core/Startup/startup_stm32f407vetx.o
                0x0000000008000928                Reset_Handler
 .text.Default_Handler
                0x0000000008000978        0x2 ./Core/Startup/startup_stm32f407vetx.o
                0x0000000008000978                RTC_Alarm_IRQHandler
                0x0000000008000978                HASH_RNG_IRQHandler
                0x0000000008000978                EXTI2_IRQHandler
                0x0000000008000978                TIM8_CC_IRQHandler
                0x0000000008000978                TIM1_CC_IRQHandler
                0x0000000008000978                DMA2_Stream5_IRQHandler
                0x0000000008000978                DMA1_Stream5_IRQHandler
                0x0000000008000978                PVD_IRQHandler
                0x0000000008000978                SDIO_IRQHandler
                0x0000000008000978                TAMP_STAMP_IRQHandler
                0x0000000008000978                CAN2_RX1_IRQHandler
                0x0000000008000978                EXTI3_IRQHandler
                0x0000000008000978                TIM8_TRG_COM_TIM14_IRQHandler
                0x0000000008000978                TIM1_UP_TIM10_IRQHandler
                0x0000000008000978                TIM8_UP_TIM13_IRQHandler
                0x0000000008000978                I2C3_ER_IRQHandler
                0x0000000008000978                EXTI0_IRQHandler
                0x0000000008000978                I2C2_EV_IRQHandler
                0x0000000008000978                DMA1_Stream2_IRQHandler
                0x0000000008000978                CAN1_RX0_IRQHandler
                0x0000000008000978                FPU_IRQHandler
                0x0000000008000978                OTG_HS_WKUP_IRQHandler
                0x0000000008000978                CAN2_SCE_IRQHandler
                0x0000000008000978                DMA2_Stream2_IRQHandler
                0x0000000008000978                SPI1_IRQHandler
                0x0000000008000978                TIM6_DAC_IRQHandler
                0x0000000008000978                TIM1_BRK_TIM9_IRQHandler
                0x0000000008000978                DCMI_IRQHandler
                0x0000000008000978                CAN2_RX0_IRQHandler
                0x0000000008000978                DMA2_Stream3_IRQHandler
                0x0000000008000978                USART6_IRQHandler
                0x0000000008000978                USART3_IRQHandler
                0x0000000008000978                CAN1_RX1_IRQHandler
                0x0000000008000978                UART5_IRQHandler
                0x0000000008000978                DMA2_Stream0_IRQHandler
                0x0000000008000978                TIM4_IRQHandler
                0x0000000008000978                I2C1_EV_IRQHandler
                0x0000000008000978                DMA1_Stream6_IRQHandler
                0x0000000008000978                DMA1_Stream1_IRQHandler
                0x0000000008000978                UART4_IRQHandler
                0x0000000008000978                TIM3_IRQHandler
                0x0000000008000978                RCC_IRQHandler
                0x0000000008000978                TIM8_BRK_TIM12_IRQHandler
                0x0000000008000978                Default_Handler
                0x0000000008000978                EXTI15_10_IRQHandler
                0x0000000008000978                ADC_IRQHandler
                0x0000000008000978                DMA1_Stream7_IRQHandler
                0x0000000008000978                TIM7_IRQHandler
                0x0000000008000978                CAN2_TX_IRQHandler
                0x0000000008000978                TIM5_IRQHandler
                0x0000000008000978                DMA2_Stream7_IRQHandler
                0x0000000008000978                I2C3_EV_IRQHandler
                0x0000000008000978                EXTI9_5_IRQHandler
                0x0000000008000978                RTC_WKUP_IRQHandler
                0x0000000008000978                ETH_WKUP_IRQHandler
                0x0000000008000978                SPI2_IRQHandler
                0x0000000008000978                OTG_HS_EP1_IN_IRQHandler
                0x0000000008000978                DMA1_Stream0_IRQHandler
                0x0000000008000978                CAN1_TX_IRQHandler
                0x0000000008000978                FSMC_IRQHandler
                0x0000000008000978                ETH_IRQHandler
                0x0000000008000978                OTG_HS_EP1_OUT_IRQHandler
                0x0000000008000978                WWDG_IRQHandler
                0x0000000008000978                TIM2_IRQHandler
                0x0000000008000978                OTG_FS_WKUP_IRQHandler
                0x0000000008000978                TIM1_TRG_COM_TIM11_IRQHandler
                0x0000000008000978                OTG_HS_IRQHandler
                0x0000000008000978                EXTI1_IRQHandler
                0x0000000008000978                USART2_IRQHandler
                0x0000000008000978                I2C2_ER_IRQHandler
                0x0000000008000978                DMA2_Stream1_IRQHandler
                0x0000000008000978                CAN1_SCE_IRQHandler
                0x0000000008000978                FLASH_IRQHandler
                0x0000000008000978                DMA2_Stream4_IRQHandler
                0x0000000008000978                USART1_IRQHandler
                0x0000000008000978                OTG_FS_IRQHandler
                0x0000000008000978                SPI3_IRQHandler
                0x0000000008000978                DMA1_Stream4_IRQHandler
                0x0000000008000978                I2C1_ER_IRQHandler
                0x0000000008000978                DMA2_Stream6_IRQHandler
                0x0000000008000978                DMA1_Stream3_IRQHandler
 *fill*         0x000000000800097a        0x2 
 .text.HAL_Init
                0x000000000800097c       0x44 ./Drivers/STM32F4xx_HAL_Driver/Src/stm32f4xx_hal.o
                0x000000000800097c                HAL_Init
 .text.HAL_InitTick
                0x00000000080009c0       0x60 ./Drivers/STM32F4xx_HAL_Driver/Src/stm32f4xx_hal.o
                0x00000000080009c0                HAL_InitTick
 .text.HAL_IncTick
                0x0000000008000a20       0x28 ./Drivers/STM32F4xx_HAL_Driver/Src/stm32f4xx_hal.o
                0x0000000008000a20                HAL_IncTick
 .text.HAL_GetTick
                0x0000000008000a48       0x18 ./Drivers/STM32F4xx_HAL_Driver/Src/stm32f4xx_hal.o
                0x0000000008000a48                HAL_GetTick
 .text.__NVIC_SetPriorityGrouping
                0x0000000008000a60       0x48 ./Drivers/STM32F4xx_HAL_Driver/Src/stm32f4xx_hal_cortex.o
 .text.__NVIC_GetPriorityGrouping
                0x0000000008000aa8       0x1c ./Drivers/STM32F4xx_HAL_Driver/Src/stm32f4xx_hal_cortex.o
 .text.__NVIC_EnableIRQ
                0x0000000008000ac4       0x3c ./Drivers/STM32F4xx_HAL_Driver/Src/stm32f4xx_hal_cortex.o
 .text.__NVIC_SetPriority
                0x0000000008000b00       0x54 ./Drivers/STM32F4xx_HAL_Driver/Src/stm32f4xx_hal_cortex.o
 .text.NVIC_EncodePriority
                0x0000000008000b54       0x66 ./Drivers/STM32F4xx_HAL_Driver/Src/stm32f4xx_hal_cortex.o
 *fill*         0x0000000008000bba        0x2 
 .text.SysTick_Config
                0x0000000008000bbc       0x44 ./Drivers/STM32F4xx_HAL_Driver/Src/stm32f4xx_hal_cortex.o
 .text.HAL_NVIC_SetPriorityGrouping
                0x0000000008000c00       0x16 ./Drivers/STM32F4xx_HAL_Driver/Src/stm32f4xx_hal_cortex.o
                0x0000000008000c00                HAL_NVIC_SetPriorityGrouping
 .text.HAL_NVIC_SetPriority
                0x0000000008000c16       0x38 ./Drivers/STM32F4xx_HAL_Driver/Src/stm32f4xx_hal_cortex.o
                0x0000000008000c16                HAL_NVIC_SetPriority
 .text.HAL_NVIC_EnableIRQ
                0x0000000008000c4e       0x1c ./Drivers/STM32F4xx_HAL_Driver/Src/stm32f4xx_hal_cortex.o
                0x0000000008000c4e                HAL_NVIC_EnableIRQ
 .text.HAL_SYSTICK_Config
                0x0000000008000c6a       0x18 ./Drivers/STM32F4xx_HAL_Driver/Src/stm32f4xx_hal_cortex.o
                0x0000000008000c6a                HAL_SYSTICK_Config
 *fill*         0x0000000008000c82        0x2 
 .text.HAL_GPIO_Init
                0x0000000008000c84      0x338 ./Drivers/STM32F4xx_HAL_Driver/Src/stm32f4xx_hal_gpio.o
                0x0000000008000c84                HAL_GPIO_Init
 .text.HAL_GPIO_WritePin
                0x0000000008000fbc       0x32 ./Drivers/STM32F4xx_HAL_Driver/Src/stm32f4xx_hal_gpio.o
                0x0000000008000fbc                HAL_GPIO_WritePin
 *fill*         0x0000000008000fee        0x2 
 .text.HAL_GPIO_EXTI_IRQHandler
                0x0000000008000ff0       0x30 ./Drivers/STM32F4xx_HAL_Driver/Src/stm32f4xx_hal_gpio.o
                0x0000000008000ff0                HAL_GPIO_EXTI_IRQHandler
 .text.HAL_GPIO_EXTI_Callback
                0x0000000008001020       0x16 ./Drivers/STM32F4xx_HAL_Driver/Src/stm32f4xx_hal_gpio.o
                0x0000000008001020                HAL_GPIO_EXTI_Callback
 *fill*         0x0000000008001036        0x2 
 .text.HAL_RCC_OscConfig
                0x0000000008001038      0x4f0 ./Drivers/STM32F4xx_HAL_Driver/Src/stm32f4xx_hal_rcc.o
                0x0000000008001038                HAL_RCC_OscConfig
 .text.HAL_RCC_ClockConfig
                0x0000000008001528      0x1cc ./Drivers/STM32F4xx_HAL_Driver/Src/stm32f4xx_hal_rcc.o
                0x0000000008001528                HAL_RCC_ClockConfig
 .text.HAL_RCC_GetSysClockFreq
                0x00000000080016f4      0x18c ./Drivers/STM32F4xx_HAL_Driver/Src/stm32f4xx_hal_rcc.o
                0x00000000080016f4                HAL_RCC_GetSysClockFreq
 .text.QV_init  0x0000000008001880       0x7c ./QP/ports/arm-cm/qv/gnu/qv_port.o
                0x0000000008001880                QV_init
 .text.QMsm_ctor
                0x00000000080018fc       0x30 ./QP/src/qf/qep_msm.o
                0x00000000080018fc                QMsm_ctor
 .text.QMsm_init_
                0x000000000800192c       0x78 ./QP/src/qf/qep_msm.o
                0x000000000800192c                QMsm_init_
 .text.QMsm_dispatch_
                0x00000000080019a4      0x17c ./QP/src/qf/qep_msm.o
                0x00000000080019a4                QMsm_dispatch_
 .text.QMsm_execTatbl_
                0x0000000008001b20       0x64 ./QP/src/qf/qep_msm.o
 .text.QMsm_exitToTranSource_
                0x0000000008001b84       0x5c ./QP/src/qf/qep_msm.o
 .text.QMsm_enterHistory_
                0x0000000008001be0       0xac ./QP/src/qf/qep_msm.o
 .text.QF_add_  0x0000000008001c8c       0x58 ./QP/src/qf/qf_act.o
                0x0000000008001c8c                QF_add_
 .text.QF_bzero
                0x0000000008001ce4       0x3a ./QP/src/qf/qf_act.o
                0x0000000008001ce4                QF_bzero
 .text.QPSet_insert
                0x0000000008001d1e       0x2a ./QP/src/qf/qf_actq.o
 .text.QActive_post_
                0x0000000008001d48      0x114 ./QP/src/qf/qf_actq.o
                0x0000000008001d48                QActive_post_
 .text.QActive_postLIFO_
                0x0000000008001e5c       0xcc ./QP/src/qf/qf_actq.o
                0x0000000008001e5c                QActive_postLIFO_
 .text.QActive_get_
                0x0000000008001f28       0xb0 ./QP/src/qf/qf_actq.o
                0x0000000008001f28                QActive_get_
 .text.QF_gc    0x0000000008001fd8       0x88 ./QP/src/qf/qf_dyn.o
                0x0000000008001fd8                QF_gc
 .text.QMPool_put
                0x0000000008002060       0x70 ./QP/src/qf/qf_mem.o
                0x0000000008002060                QMPool_put
 .text.QEQueue_init
                0x00000000080020d0       0x54 ./QP/src/qf/qf_qeq.o
                0x00000000080020d0                QEQueue_init
 .text.QMActive_ctor
                0x0000000008002124       0x30 ./QP/src/qf/qf_qmact.o
                0x0000000008002124                QMActive_ctor
 .text.QPSet_notEmpty
                0x0000000008002154       0x22 ./QP/src/qv/qv.o
 .text.QPSet_remove
                0x0000000008002176       0x2c ./QP/src/qv/qv.o
 .text.QPSet_findMax
                0x00000000080021a2       0x20 ./QP/src/qv/qv.o
 *fill*         0x00000000080021c2        0x2 
 .text.QF_init  0x00000000080021c4       0x50 ./QP/src/qv/qv.o
                0x00000000080021c4                QF_init
 .text.QF_run   0x0000000008002214       0x88 ./QP/src/qv/qv.o
                0x0000000008002214                QF_run
 .text.QActive_start_
                0x000000000800229c       0x70 ./QP/src/qv/qv.o
                0x000000000800229c                QActive_start_
 .text.__libc_init_array
                0x000000000800230c       0x48 c:/st/stm32cubeide_1.10.1/stm32cubeide/plugins/com.st.stm32cube.ide.mcu.externaltools.gnu-tools-for-stm32.10.3-2021.10.win32_1.0.0.202111181127/tools/bin/../lib/gcc/arm-none-eabi/10.3.1/../../../../arm-none-eabi/lib/thumb/v7e-m+fp/hard\libc_nano.a(lib_a-init.o)
                0x000000000800230c                __libc_init_array
 .text.memset   0x0000000008002354       0x10 c:/st/stm32cubeide_1.10.1/stm32cubeide/plugins/com.st.stm32cube.ide.mcu.externaltools.gnu-tools-for-stm32.10.3-2021.10.win32_1.0.0.202111181127/tools/bin/../lib/gcc/arm-none-eabi/10.3.1/../../../../arm-none-eabi/lib/thumb/v7e-m+fp/hard\libc_nano.a(lib_a-memset.o)
                0x0000000008002354                memset
 *(.glue_7)
 .glue_7        0x0000000008002364        0x0 linker stubs
 *(.glue_7t)
 .glue_7t       0x0000000008002364        0x0 linker stubs
 *(.eh_frame)
 .eh_frame      0x0000000008002364        0x0 c:/st/stm32cubeide_1.10.1/stm32cubeide/plugins/com.st.stm32cube.ide.mcu.externaltools.gnu-tools-for-stm32.10.3-2021.10.win32_1.0.0.202111181127/tools/bin/../lib/gcc/arm-none-eabi/10.3.1/thumb/v7e-m+fp/hard/crtbegin.o
 *(.init)
 .init          0x0000000008002364        0x4 c:/st/stm32cubeide_1.10.1/stm32cubeide/plugins/com.st.stm32cube.ide.mcu.externaltools.gnu-tools-for-stm32.10.3-2021.10.win32_1.0.0.202111181127/tools/bin/../lib/gcc/arm-none-eabi/10.3.1/thumb/v7e-m+fp/hard/crti.o
                0x0000000008002364                _init
 .init          0x0000000008002368        0x8 c:/st/stm32cubeide_1.10.1/stm32cubeide/plugins/com.st.stm32cube.ide.mcu.externaltools.gnu-tools-for-stm32.10.3-2021.10.win32_1.0.0.202111181127/tools/bin/../lib/gcc/arm-none-eabi/10.3.1/thumb/v7e-m+fp/hard/crtn.o
 *(.fini)
 .fini          0x0000000008002370        0x4 c:/st/stm32cubeide_1.10.1/stm32cubeide/plugins/com.st.stm32cube.ide.mcu.externaltools.gnu-tools-for-stm32.10.3-2021.10.win32_1.0.0.202111181127/tools/bin/../lib/gcc/arm-none-eabi/10.3.1/thumb/v7e-m+fp/hard/crti.o
                0x0000000008002370                _fini
 .fini          0x0000000008002374        0x8 c:/st/stm32cubeide_1.10.1/stm32cubeide/plugins/com.st.stm32cube.ide.mcu.externaltools.gnu-tools-for-stm32.10.3-2021.10.win32_1.0.0.202111181127/tools/bin/../lib/gcc/arm-none-eabi/10.3.1/thumb/v7e-m+fp/hard/crtn.o
                0x000000000800237c                . = ALIGN (0x4)
                0x000000000800237c                _etext = .

.vfp11_veneer   0x000000000800237c        0x0
 .vfp11_veneer  0x000000000800237c        0x0 linker stubs

.v4_bx          0x000000000800237c        0x0
 .v4_bx         0x000000000800237c        0x0 linker stubs

.iplt           0x000000000800237c        0x0
 .iplt          0x000000000800237c        0x0 c:/st/stm32cubeide_1.10.1/stm32cubeide/plugins/com.st.stm32cube.ide.mcu.externaltools.gnu-tools-for-stm32.10.3-2021.10.win32_1.0.0.202111181127/tools/bin/../lib/gcc/arm-none-eabi/10.3.1/thumb/v7e-m+fp/hard/crtbegin.o

.rodata         0x000000000800237c       0xd4
                0x000000000800237c                . = ALIGN (0x4)
 *(.rodata)
 *(.rodata*)
 .rodata.AO_SMLed
                0x000000000800237c        0x4 ./Core/Src/SMLed.o
                0x000000000800237c                AO_SMLed
 .rodata.SMLed_Desligado_s
                0x0000000008002380       0x14 ./Core/Src/SMLed.o
                0x0000000008002380                SMLed_Desligado_s
 .rodata.SMLed_Ligado_s
                0x0000000008002394       0x14 ./Core/Src/SMLed.o
                0x0000000008002394                SMLed_Ligado_s
 .rodata.tatbl_.2
                0x00000000080023a8        0xc ./Core/Src/SMLed.o
 .rodata.tatbl_.1
                0x00000000080023b4        0xc ./Core/Src/SMLed.o
 .rodata.tatbl_.0
                0x00000000080023c0        0xc ./Core/Src/SMLed.o
 .rodata.Q_this_module_
                0x00000000080023cc       0x13 ./Core/Src/main.o
 *fill*         0x00000000080023df        0x1 
 .rodata.evt.0  0x00000000080023e0        0x4 ./Core/Src/stm32f4xx_it.o
 .rodata.AHBPrescTable
                0x00000000080023e4       0x10 ./Core/Src/system_stm32f4xx.o
                0x00000000080023e4                AHBPrescTable
 .rodata.Q_this_module_
                0x00000000080023f4        0x8 ./QP/src/qf/qep_msm.o
 .rodata.l_msm_top_s
                0x00000000080023fc       0x14 ./QP/src/qf/qep_msm.o
 .rodata.vtable.0
                0x0000000008002410        0x8 ./QP/src/qf/qep_msm.o
 .rodata.Q_this_module_
                0x0000000008002418        0x7 ./QP/src/qf/qf_act.o
 *fill*         0x000000000800241f        0x1 
 .rodata.Q_this_module_
                0x0000000008002420        0x8 ./QP/src/qf/qf_actq.o
 .rodata.Q_this_module_
                0x0000000008002428        0x7 ./QP/src/qf/qf_dyn.o
 *fill*         0x000000000800242f        0x1 
 .rodata.Q_this_module_
                0x0000000008002430        0x7 ./QP/src/qf/qf_mem.o
 *fill*         0x0000000008002437        0x1 
 .rodata.vtable.0
                0x0000000008002438       0x14 ./QP/src/qf/qf_qmact.o
 .rodata.Q_this_module_
                0x000000000800244c        0x3 ./QP/src/qv/qv.o
                0x0000000008002450                . = ALIGN (0x4)
 *fill*         0x000000000800244f        0x1 

.ARM.extab      0x0000000008002450        0x0
                0x0000000008002450                . = ALIGN (0x4)
 *(.ARM.extab* .gnu.linkonce.armextab.*)
                0x0000000008002450                . = ALIGN (0x4)

.ARM            0x0000000008002450        0x8
                0x0000000008002450                . = ALIGN (0x4)
                0x0000000008002450                __exidx_start = .
 *(.ARM.exidx*)
 .ARM.exidx     0x0000000008002450        0x8 c:/st/stm32cubeide_1.10.1/stm32cubeide/plugins/com.st.stm32cube.ide.mcu.externaltools.gnu-tools-for-stm32.10.3-2021.10.win32_1.0.0.202111181127/tools/bin/../lib/gcc/arm-none-eabi/10.3.1/thumb/v7e-m+fp/hard\libgcc.a(_udivmoddi4.o)
                0x0000000008002458                __exidx_end = .
                0x0000000008002458                . = ALIGN (0x4)

.rel.dyn        0x0000000008002458        0x0
 .rel.iplt      0x0000000008002458        0x0 c:/st/stm32cubeide_1.10.1/stm32cubeide/plugins/com.st.stm32cube.ide.mcu.externaltools.gnu-tools-for-stm32.10.3-2021.10.win32_1.0.0.202111181127/tools/bin/../lib/gcc/arm-none-eabi/10.3.1/thumb/v7e-m+fp/hard/crtbegin.o

.preinit_array  0x0000000008002458        0x0
                0x0000000008002458                . = ALIGN (0x4)
                0x0000000008002458                PROVIDE (__preinit_array_start = .)
 *(.preinit_array*)
                0x0000000008002458                PROVIDE (__preinit_array_end = .)
                0x0000000008002458                . = ALIGN (0x4)

.init_array     0x0000000008002458        0x4
                0x0000000008002458                . = ALIGN (0x4)
                0x0000000008002458                PROVIDE (__init_array_start = .)
 *(SORT_BY_NAME(.init_array.*))
 *(.init_array*)
 .init_array    0x0000000008002458        0x4 c:/st/stm32cubeide_1.10.1/stm32cubeide/plugins/com.st.stm32cube.ide.mcu.externaltools.gnu-tools-for-stm32.10.3-2021.10.win32_1.0.0.202111181127/tools/bin/../lib/gcc/arm-none-eabi/10.3.1/thumb/v7e-m+fp/hard/crtbegin.o
                0x000000000800245c                PROVIDE (__init_array_end = .)
                0x000000000800245c                . = ALIGN (0x4)

.fini_array     0x000000000800245c        0x4
                0x000000000800245c                . = ALIGN (0x4)
                [!provide]                        PROVIDE (__fini_array_start = .)
 *(SORT_BY_NAME(.fini_array.*))
 *(.fini_array*)
 .fini_array    0x000000000800245c        0x4 c:/st/stm32cubeide_1.10.1/stm32cubeide/plugins/com.st.stm32cube.ide.mcu.externaltools.gnu-tools-for-stm32.10.3-2021.10.win32_1.0.0.202111181127/tools/bin/../lib/gcc/arm-none-eabi/10.3.1/thumb/v7e-m+fp/hard/crtbegin.o
                [!provide]                        PROVIDE (__fini_array_end = .)
                0x0000000008002460                . = ALIGN (0x4)
                0x0000000008002460                _sidata = LOADADDR (.data)

.data           0x0000000020000000        0xc load address 0x0000000008002460
                0x0000000020000000                . = ALIGN (0x4)
                0x0000000020000000                _sdata = .
 *(.data)
 *(.data*)
 .data.SystemCoreClock
                0x0000000020000000        0x4 ./Core/Src/system_stm32f4xx.o
                0x0000000020000000                SystemCoreClock
 .data.uwTickPrio
                0x0000000020000004        0x4 ./Drivers/STM32F4xx_HAL_Driver/Src/stm32f4xx_hal.o
                0x0000000020000004                uwTickPrio
 .data.uwTickFreq
                0x0000000020000008        0x1 ./Drivers/STM32F4xx_HAL_Driver/Src/stm32f4xx_hal.o
                0x0000000020000008                uwTickFreq
 *(.RamFunc)
 *(.RamFunc*)
                0x000000002000000c                . = ALIGN (0x4)
 *fill*         0x0000000020000009        0x3 
                0x000000002000000c                _edata = .
                0x000000000800246c                _siccmram = LOADADDR (.ccmram)

.igot.plt       0x000000002000000c        0x0 load address 0x000000000800246c
 .igot.plt      0x000000002000000c        0x0 c:/st/stm32cubeide_1.10.1/stm32cubeide/plugins/com.st.stm32cube.ide.mcu.externaltools.gnu-tools-for-stm32.10.3-2021.10.win32_1.0.0.202111181127/tools/bin/../lib/gcc/arm-none-eabi/10.3.1/thumb/v7e-m+fp/hard/crtbegin.o

.ccmram         0x0000000010000000        0x0 load address 0x000000000800246c
                0x0000000010000000                . = ALIGN (0x4)
                0x0000000010000000                _sccmram = .
 *(.ccmram)
 *(.ccmram*)
                0x0000000010000000                . = ALIGN (0x4)
                0x0000000010000000                _eccmram = .
                0x0000000010000000                . = ALIGN (0x4)

.bss            0x000000002000000c      0x158
                0x000000002000000c                _sbss = .
                0x000000002000000c                __bss_start__ = _sbss
 *(.bss)
 .bss           0x000000002000000c       0x1c c:/st/stm32cubeide_1.10.1/stm32cubeide/plugins/com.st.stm32cube.ide.mcu.externaltools.gnu-tools-for-stm32.10.3-2021.10.win32_1.0.0.202111181127/tools/bin/../lib/gcc/arm-none-eabi/10.3.1/thumb/v7e-m+fp/hard/crtbegin.o
 *(.bss*)
 .bss.l_led     0x0000000020000028       0x20 ./Core/Src/SMLed.o
 .bss.evtQueueLed.0
                0x0000000020000048       0x28 ./Core/Src/main.o
 .bss.uwTick    0x0000000020000070        0x4 ./Drivers/STM32F4xx_HAL_Driver/Src/stm32f4xx_hal.o
                0x0000000020000070                uwTick
 .bss.QF_active_
                0x0000000020000074       0x84 ./QP/src/qf/qf_act.o
                0x0000000020000074                QF_active_
 .bss.QF_pool_  0x00000000200000f8       0x3c ./QP/src/qf/qf_dyn.o
                0x00000000200000f8                QF_pool_
 .bss.QF_maxPool_
                0x0000000020000134        0x4 ./QP/src/qf/qf_dyn.o
                0x0000000020000134                QF_maxPool_
 .bss.QF_subscrList_
                0x0000000020000138        0x4 ./QP/src/qf/qf_ps.o
                0x0000000020000138                QF_subscrList_
 .bss.QF_maxPubSignal_
                0x000000002000013c        0x4 ./QP/src/qf/qf_ps.o
                0x000000002000013c                QF_maxPubSignal_
 .bss.QF_timeEvtHead_
                0x0000000020000140       0x20 ./QP/src/qf/qf_time.o
                0x0000000020000140                QF_timeEvtHead_
 .bss.QV_readySet_
                0x0000000020000160        0x4 ./QP/src/qv/qv.o
                0x0000000020000160                QV_readySet_
 *(COMMON)
                0x0000000020000164                . = ALIGN (0x4)
                0x0000000020000164                _ebss = .
                0x0000000020000164                __bss_end__ = _ebss

._user_heap_stack
                0x0000000020000164      0x604
                0x0000000020000168                . = ALIGN (0x8)
 *fill*         0x0000000020000164        0x4 
                [!provide]                        PROVIDE (end = .)
                0x0000000020000168                PROVIDE (_end = .)
                0x0000000020000368                . = (. + _Min_Heap_Size)
 *fill*         0x0000000020000168      0x200 
                0x0000000020000768                . = (. + _Min_Stack_Size)
 *fill*         0x0000000020000368      0x400 
                0x0000000020000768                . = ALIGN (0x8)

/DISCARD/
 libc.a(*)
 libm.a(*)
 libgcc.a(*)

.ARM.attributes
                0x0000000000000000       0x30
 *(.ARM.attributes)
 .ARM.attributes
                0x0000000000000000       0x1e c:/st/stm32cubeide_1.10.1/stm32cubeide/plugins/com.st.stm32cube.ide.mcu.externaltools.gnu-tools-for-stm32.10.3-2021.10.win32_1.0.0.202111181127/tools/bin/../lib/gcc/arm-none-eabi/10.3.1/thumb/v7e-m+fp/hard/crti.o
 .ARM.attributes
                0x000000000000001e       0x34 c:/st/stm32cubeide_1.10.1/stm32cubeide/plugins/com.st.stm32cube.ide.mcu.externaltools.gnu-tools-for-stm32.10.3-2021.10.win32_1.0.0.202111181127/tools/bin/../lib/gcc/arm-none-eabi/10.3.1/thumb/v7e-m+fp/hard/crtbegin.o
 .ARM.attributes
                0x0000000000000052       0x34 ./Core/Src/SMLed.o
 .ARM.attributes
                0x0000000000000086       0x34 ./Core/Src/SMLedActions.o
 .ARM.attributes
                0x00000000000000ba       0x34 ./Core/Src/main.o
 .ARM.attributes
                0x00000000000000ee       0x34 ./Core/Src/stm32f4xx_hal_msp.o
 .ARM.attributes
                0x0000000000000122       0x34 ./Core/Src/stm32f4xx_it.o
 .ARM.attributes
                0x0000000000000156       0x34 ./Core/Src/system_stm32f4xx.o
 .ARM.attributes
                0x000000000000018a       0x21 ./Core/Startup/startup_stm32f407vetx.o
 .ARM.attributes
                0x00000000000001ab       0x34 ./Drivers/STM32F4xx_HAL_Driver/Src/stm32f4xx_hal.o
 .ARM.attributes
                0x00000000000001df       0x34 ./Drivers/STM32F4xx_HAL_Driver/Src/stm32f4xx_hal_cortex.o
 .ARM.attributes
                0x0000000000000213       0x34 ./Drivers/STM32F4xx_HAL_Driver/Src/stm32f4xx_hal_gpio.o
 .ARM.attributes
                0x0000000000000247       0x34 ./Drivers/STM32F4xx_HAL_Driver/Src/stm32f4xx_hal_rcc.o
 .ARM.attributes
                0x000000000000027b       0x34 ./QP/ports/arm-cm/qv/gnu/qv_port.o
 .ARM.attributes
                0x00000000000002af       0x34 ./QP/src/qf/qep_msm.o
 .ARM.attributes
                0x00000000000002e3       0x34 ./QP/src/qf/qf_act.o
 .ARM.attributes
                0x0000000000000317       0x34 ./QP/src/qf/qf_actq.o
 .ARM.attributes
                0x000000000000034b       0x34 ./QP/src/qf/qf_dyn.o
 .ARM.attributes
                0x000000000000037f       0x34 ./QP/src/qf/qf_mem.o
 .ARM.attributes
                0x00000000000003b3       0x34 ./QP/src/qf/qf_ps.o
 .ARM.attributes
                0x00000000000003e7       0x34 ./QP/src/qf/qf_qeq.o
 .ARM.attributes
                0x000000000000041b       0x34 ./QP/src/qf/qf_qmact.o
 .ARM.attributes
                0x000000000000044f       0x34 ./QP/src/qf/qf_time.o
 .ARM.attributes
                0x0000000000000483       0x34 ./QP/src/qv/qv.o
 .ARM.attributes
                0x00000000000004b7       0x34 c:/st/stm32cubeide_1.10.1/stm32cubeide/plugins/com.st.stm32cube.ide.mcu.externaltools.gnu-tools-for-stm32.10.3-2021.10.win32_1.0.0.202111181127/tools/bin/../lib/gcc/arm-none-eabi/10.3.1/../../../../arm-none-eabi/lib/thumb/v7e-m+fp/hard\libc_nano.a(lib_a-init.o)
 .ARM.attributes
                0x00000000000004eb       0x34 c:/st/stm32cubeide_1.10.1/stm32cubeide/plugins/com.st.stm32cube.ide.mcu.externaltools.gnu-tools-for-stm32.10.3-2021.10.win32_1.0.0.202111181127/tools/bin/../lib/gcc/arm-none-eabi/10.3.1/../../../../arm-none-eabi/lib/thumb/v7e-m+fp/hard\libc_nano.a(lib_a-memset.o)
 .ARM.attributes
                0x000000000000051f       0x1e c:/st/stm32cubeide_1.10.1/stm32cubeide/plugins/com.st.stm32cube.ide.mcu.externaltools.gnu-tools-for-stm32.10.3-2021.10.win32_1.0.0.202111181127/tools/bin/../lib/gcc/arm-none-eabi/10.3.1/thumb/v7e-m+fp/hard\libgcc.a(_aeabi_uldivmod.o)
 .ARM.attributes
                0x000000000000053d       0x34 c:/st/stm32cubeide_1.10.1/stm32cubeide/plugins/com.st.stm32cube.ide.mcu.externaltools.gnu-tools-for-stm32.10.3-2021.10.win32_1.0.0.202111181127/tools/bin/../lib/gcc/arm-none-eabi/10.3.1/thumb/v7e-m+fp/hard\libgcc.a(_udivmoddi4.o)
 .ARM.attributes
                0x0000000000000571       0x1e c:/st/stm32cubeide_1.10.1/stm32cubeide/plugins/com.st.stm32cube.ide.mcu.externaltools.gnu-tools-for-stm32.10.3-2021.10.win32_1.0.0.202111181127/tools/bin/../lib/gcc/arm-none-eabi/10.3.1/thumb/v7e-m+fp/hard\libgcc.a(_dvmd_tls.o)
 .ARM.attributes
                0x000000000000058f       0x1e c:/st/stm32cubeide_1.10.1/stm32cubeide/plugins/com.st.stm32cube.ide.mcu.externaltools.gnu-tools-for-stm32.10.3-2021.10.win32_1.0.0.202111181127/tools/bin/../lib/gcc/arm-none-eabi/10.3.1/thumb/v7e-m+fp/hard/crtn.o
OUTPUT(QP - Projeto01 - Bink.elf elf32-littlearm)
LOAD linker stubs
LOAD c:/st/stm32cubeide_1.10.1/stm32cubeide/plugins/com.st.stm32cube.ide.mcu.externaltools.gnu-tools-for-stm32.10.3-2021.10.win32_1.0.0.202111181127/tools/bin/../lib/gcc/arm-none-eabi/10.3.1/../../../../arm-none-eabi/lib/thumb/v7e-m+fp/hard\libc.a
LOAD c:/st/stm32cubeide_1.10.1/stm32cubeide/plugins/com.st.stm32cube.ide.mcu.externaltools.gnu-tools-for-stm32.10.3-2021.10.win32_1.0.0.202111181127/tools/bin/../lib/gcc/arm-none-eabi/10.3.1/../../../../arm-none-eabi/lib/thumb/v7e-m+fp/hard\libm.a
LOAD c:/st/stm32cubeide_1.10.1/stm32cubeide/plugins/com.st.stm32cube.ide.mcu.externaltools.gnu-tools-for-stm32.10.3-2021.10.win32_1.0.0.202111181127/tools/bin/../lib/gcc/arm-none-eabi/10.3.1/thumb/v7e-m+fp/hard\libgcc.a

.debug_info     0x0000000000000000     0x9648
 .debug_info    0x0000000000000000      0x7f6 ./Core/Src/SMLed.o
 .debug_info    0x00000000000007f6      0x1e0 ./Core/Src/SMLedActions.o
 .debug_info    0x00000000000009d6     0x1134 ./Core/Src/main.o
 .debug_info    0x0000000000001b0a      0x2c4 ./Core/Src/stm32f4xx_hal_msp.o
 .debug_info    0x0000000000001dce      0x65f ./Core/Src/stm32f4xx_it.o
 .debug_info    0x000000000000242d      0x523 ./Core/Src/system_stm32f4xx.o
 .debug_info    0x0000000000002950       0x22 ./Core/Startup/startup_stm32f407vetx.o
 .debug_info    0x0000000000002972      0x97c ./Drivers/STM32F4xx_HAL_Driver/Src/stm32f4xx_hal.o
 .debug_info    0x00000000000032ee      0xe1b ./Drivers/STM32F4xx_HAL_Driver/Src/stm32f4xx_hal_cortex.o
 .debug_info    0x0000000000004109      0x76a ./Drivers/STM32F4xx_HAL_Driver/Src/stm32f4xx_hal_gpio.o
 .debug_info    0x0000000000004873      0x966 ./Drivers/STM32F4xx_HAL_Driver/Src/stm32f4xx_hal_rcc.o
 .debug_info    0x00000000000051d9       0xc4 ./QP/ports/arm-cm/qv/gnu/qv_port.o
 .debug_info    0x000000000000529d      0x801 ./QP/src/qf/qep_msm.o
 .debug_info    0x0000000000005a9e      0x5b3 ./QP/src/qf/qf_act.o
 .debug_info    0x0000000000006051      0x976 ./QP/src/qf/qf_actq.o
 .debug_info    0x00000000000069c7      0x47e ./QP/src/qf/qf_dyn.o
 .debug_info    0x0000000000006e45      0x38c ./QP/src/qf/qf_mem.o
 .debug_info    0x00000000000071d1      0x8ed ./QP/src/qf/qf_ps.o
 .debug_info    0x0000000000007abe      0x3b4 ./QP/src/qf/qf_qeq.o
 .debug_info    0x0000000000007e72      0x69e ./QP/src/qf/qf_qmact.o
 .debug_info    0x0000000000008510      0x8e8 ./QP/src/qf/qf_time.o
 .debug_info    0x0000000000008df8      0x850 ./QP/src/qv/qv.o

.debug_abbrev   0x0000000000000000     0x2ce4
 .debug_abbrev  0x0000000000000000      0x264 ./Core/Src/SMLed.o
 .debug_abbrev  0x0000000000000264       0xf0 ./Core/Src/SMLedActions.o
 .debug_abbrev  0x0000000000000354      0x373 ./Core/Src/main.o
 .debug_abbrev  0x00000000000006c7       0xd4 ./Core/Src/stm32f4xx_hal_msp.o
 .debug_abbrev  0x000000000000079b      0x211 ./Core/Src/stm32f4xx_it.o
 .debug_abbrev  0x00000000000009ac      0x116 ./Core/Src/system_stm32f4xx.o
 .debug_abbrev  0x0000000000000ac2       0x12 ./Core/Startup/startup_stm32f407vetx.o
 .debug_abbrev  0x0000000000000ad4      0x20d ./Drivers/STM32F4xx_HAL_Driver/Src/stm32f4xx_hal.o
 .debug_abbrev  0x0000000000000ce1      0x316 ./Drivers/STM32F4xx_HAL_Driver/Src/stm32f4xx_hal_cortex.o
 .debug_abbrev  0x0000000000000ff7      0x1c4 ./Drivers/STM32F4xx_HAL_Driver/Src/stm32f4xx_hal_gpio.o
 .debug_abbrev  0x00000000000011bb      0x2aa ./Drivers/STM32F4xx_HAL_Driver/Src/stm32f4xx_hal_rcc.o
 .debug_abbrev  0x0000000000001465       0x67 ./QP/ports/arm-cm/qv/gnu/qv_port.o
 .debug_abbrev  0x00000000000014cc      0x2b5 ./QP/src/qf/qep_msm.o
 .debug_abbrev  0x0000000000001781      0x221 ./QP/src/qf/qf_act.o
 .debug_abbrev  0x00000000000019a2      0x31d ./QP/src/qf/qf_actq.o
 .debug_abbrev  0x0000000000001cbf      0x239 ./QP/src/qf/qf_dyn.o
 .debug_abbrev  0x0000000000001ef8      0x1c1 ./QP/src/qf/qf_mem.o
 .debug_abbrev  0x00000000000020b9      0x2bd ./QP/src/qf/qf_ps.o
 .debug_abbrev  0x0000000000002376      0x1b8 ./QP/src/qf/qf_qeq.o
 .debug_abbrev  0x000000000000252e      0x1e7 ./QP/src/qf/qf_qmact.o
 .debug_abbrev  0x0000000000002715      0x2e2 ./QP/src/qf/qf_time.o
 .debug_abbrev  0x00000000000029f7      0x2ed ./QP/src/qv/qv.o

.debug_aranges  0x0000000000000000      0x788
 .debug_aranges
                0x0000000000000000       0x48 ./Core/Src/SMLed.o
 .debug_aranges
                0x0000000000000048       0x28 ./Core/Src/SMLedActions.o
 .debug_aranges
                0x0000000000000070       0x60 ./Core/Src/main.o
 .debug_aranges
                0x00000000000000d0       0x20 ./Core/Src/stm32f4xx_hal_msp.o
 .debug_aranges
                0x00000000000000f0       0x68 ./Core/Src/stm32f4xx_it.o
 .debug_aranges
                0x0000000000000158       0x28 ./Core/Src/system_stm32f4xx.o
 .debug_aranges
                0x0000000000000180       0x28 ./Core/Startup/startup_stm32f407vetx.o
 .debug_aranges
                0x00000000000001a8       0xf0 ./Drivers/STM32F4xx_HAL_Driver/Src/stm32f4xx_hal.o
 .debug_aranges
                0x0000000000000298      0x118 ./Drivers/STM32F4xx_HAL_Driver/Src/stm32f4xx_hal_cortex.o
 .debug_aranges
                0x00000000000003b0       0x58 ./Drivers/STM32F4xx_HAL_Driver/Src/stm32f4xx_hal_gpio.o
 .debug_aranges
                0x0000000000000408       0x88 ./Drivers/STM32F4xx_HAL_Driver/Src/stm32f4xx_hal_rcc.o
 .debug_aranges
                0x0000000000000490       0x20 ./QP/ports/arm-cm/qv/gnu/qv_port.o
 .debug_aranges
                0x00000000000004b0       0x58 ./QP/src/qf/qep_msm.o
 .debug_aranges
                0x0000000000000508       0x30 ./QP/src/qf/qf_act.o
 .debug_aranges
                0x0000000000000538       0x68 ./QP/src/qf/qf_actq.o
 .debug_aranges
                0x00000000000005a0       0x48 ./QP/src/qf/qf_dyn.o
 .debug_aranges
                0x00000000000005e8       0x38 ./QP/src/qf/qf_mem.o
 .debug_aranges
                0x0000000000000620       0x68 ./QP/src/qf/qf_ps.o
 .debug_aranges
                0x0000000000000688       0x38 ./QP/src/qf/qf_qeq.o
 .debug_aranges
                0x00000000000006c0       0x20 ./QP/src/qf/qf_qmact.o
 .debug_aranges
                0x00000000000006e0       0x58 ./QP/src/qf/qf_time.o
 .debug_aranges
                0x0000000000000738       0x50 ./QP/src/qv/qv.o

.debug_ranges   0x0000000000000000      0x648
 .debug_ranges  0x0000000000000000       0x38 ./Core/Src/SMLed.o
 .debug_ranges  0x0000000000000038       0x18 ./Core/Src/SMLedActions.o
 .debug_ranges  0x0000000000000050       0x50 ./Core/Src/main.o
 .debug_ranges  0x00000000000000a0       0x10 ./Core/Src/stm32f4xx_hal_msp.o
 .debug_ranges  0x00000000000000b0       0x58 ./Core/Src/stm32f4xx_it.o
 .debug_ranges  0x0000000000000108       0x18 ./Core/Src/system_stm32f4xx.o
 .debug_ranges  0x0000000000000120       0x20 ./Core/Startup/startup_stm32f407vetx.o
 .debug_ranges  0x0000000000000140       0xe0 ./Drivers/STM32F4xx_HAL_Driver/Src/stm32f4xx_hal.o
 .debug_ranges  0x0000000000000220      0x108 ./Drivers/STM32F4xx_HAL_Driver/Src/stm32f4xx_hal_cortex.o
 .debug_ranges  0x0000000000000328       0x48 ./Drivers/STM32F4xx_HAL_Driver/Src/stm32f4xx_hal_gpio.o
 .debug_ranges  0x0000000000000370       0x78 ./Drivers/STM32F4xx_HAL_Driver/Src/stm32f4xx_hal_rcc.o
 .debug_ranges  0x00000000000003e8       0x10 ./QP/ports/arm-cm/qv/gnu/qv_port.o
 .debug_ranges  0x00000000000003f8       0x48 ./QP/src/qf/qep_msm.o
 .debug_ranges  0x0000000000000440       0x20 ./QP/src/qf/qf_act.o
 .debug_ranges  0x0000000000000460       0x58 ./QP/src/qf/qf_actq.o
 .debug_ranges  0x00000000000004b8       0x38 ./QP/src/qf/qf_dyn.o
 .debug_ranges  0x00000000000004f0       0x28 ./QP/src/qf/qf_mem.o
 .debug_ranges  0x0000000000000518       0x58 ./QP/src/qf/qf_ps.o
 .debug_ranges  0x0000000000000570       0x28 ./QP/src/qf/qf_qeq.o
 .debug_ranges  0x0000000000000598       0x10 ./QP/src/qf/qf_qmact.o
 .debug_ranges  0x00000000000005a8       0x60 ./QP/src/qf/qf_time.o
 .debug_ranges  0x0000000000000608       0x40 ./QP/src/qv/qv.o

.debug_macro    0x0000000000000000    0x1fff6
 .debug_macro   0x0000000000000000       0xe7 ./Core/Src/SMLed.o
 .debug_macro   0x00000000000000e7      0xa78 ./Core/Src/SMLed.o
 .debug_macro   0x0000000000000b5f       0x52 ./Core/Src/SMLed.o
 .debug_macro   0x0000000000000bb1       0x10 ./Core/Src/SMLed.o
 .debug_macro   0x0000000000000bc1       0x22 ./Core/Src/SMLed.o
 .debug_macro   0x0000000000000be3       0x8e ./Core/Src/SMLed.o
 .debug_macro   0x0000000000000c71       0x51 ./Core/Src/SMLed.o
 .debug_macro   0x0000000000000cc2      0x103 ./Core/Src/SMLed.o
 .debug_macro   0x0000000000000dc5       0x6a ./Core/Src/SMLed.o
 .debug_macro   0x0000000000000e2f      0x1df ./Core/Src/SMLed.o
 .debug_macro   0x000000000000100e       0x22 ./Core/Src/SMLed.o
 .debug_macro   0x0000000000001030       0xd8 ./Core/Src/SMLed.o
 .debug_macro   0x0000000000001108       0x1c ./Core/Src/SMLed.o
 .debug_macro   0x0000000000001124       0x10 ./Core/Src/SMLed.o
 .debug_macro   0x0000000000001134       0x1d ./Core/Src/SMLed.o
 .debug_macro   0x0000000000001151       0x70 ./Core/Src/SMLed.o
 .debug_macro   0x00000000000011c1      0x221 ./Core/Src/SMLedActions.o
 .debug_macro   0x00000000000013e2      0x28f ./Core/Src/SMLedActions.o
 .debug_macro   0x0000000000001671       0x2e ./Core/Src/SMLedActions.o
 .debug_macro   0x000000000000169f       0x2f ./Core/Src/SMLedActions.o
 .debug_macro   0x00000000000016ce       0x1c ./Core/Src/SMLedActions.o
 .debug_macro   0x00000000000016ea       0x22 ./Core/Src/SMLedActions.o
 .debug_macro   0x000000000000170c       0xd9 ./Core/Src/SMLedActions.o
 .debug_macro   0x00000000000017e5     0x102d ./Core/Src/SMLedActions.o
 .debug_macro   0x0000000000002812      0x11f ./Core/Src/SMLedActions.o
 .debug_macro   0x0000000000002931    0x15e82 ./Core/Src/SMLedActions.o
 .debug_macro   0x00000000000187b3       0x6d ./Core/Src/SMLedActions.o
 .debug_macro   0x0000000000018820     0x367e ./Core/Src/SMLedActions.o
 .debug_macro   0x000000000001be9e      0x174 ./Core/Src/SMLedActions.o
 .debug_macro   0x000000000001c012       0x5c ./Core/Src/SMLedActions.o
 .debug_macro   0x000000000001c06e      0x96b ./Core/Src/SMLedActions.o
 .debug_macro   0x000000000001c9d9      0x9fe ./Core/Src/SMLedActions.o
 .debug_macro   0x000000000001d3d7      0x115 ./Core/Src/SMLedActions.o
 .debug_macro   0x000000000001d4ec      0x13e ./Core/Src/SMLedActions.o
 .debug_macro   0x000000000001d62a       0xa5 ./Core/Src/SMLedActions.o
 .debug_macro   0x000000000001d6cf      0x174 ./Core/Src/SMLedActions.o
 .debug_macro   0x000000000001d843      0x287 ./Core/Src/SMLedActions.o
 .debug_macro   0x000000000001daca       0x5f ./Core/Src/SMLedActions.o
 .debug_macro   0x000000000001db29      0x236 ./Core/Src/SMLedActions.o
 .debug_macro   0x000000000001dd5f      0x12c ./Core/Src/SMLedActions.o
 .debug_macro   0x000000000001de8b      0x21e ./Core/Src/SMLedActions.o
 .debug_macro   0x000000000001e0a9       0x2e ./Core/Src/SMLedActions.o
 .debug_macro   0x000000000001e0d7      0x11a ./Core/Src/SMLedActions.o
 .debug_macro   0x000000000001e1f1       0x7e ./Core/Src/SMLedActions.o
 .debug_macro   0x000000000001e26f       0x89 ./Core/Src/SMLedActions.o
 .debug_macro   0x000000000001e2f8      0x12d ./Core/Src/SMLedActions.o
 .debug_macro   0x000000000001e425       0x22 ./Core/Src/SMLedActions.o
 .debug_macro   0x000000000001e447      0x256 ./Core/Src/main.o
 .debug_macro   0x000000000001e69d       0x7e ./Core/Src/main.o
 .debug_macro   0x000000000001e71b       0xee ./Core/Src/main.o
 .debug_macro   0x000000000001e809       0x71 ./Core/Src/main.o
 .debug_macro   0x000000000001e87a      0x221 ./Core/Src/stm32f4xx_hal_msp.o
 .debug_macro   0x000000000001ea9b      0x235 ./Core/Src/stm32f4xx_it.o
 .debug_macro   0x000000000001ecd0      0x1b0 ./Core/Src/system_stm32f4xx.o
 .debug_macro   0x000000000001ee80      0x210 ./Drivers/STM32F4xx_HAL_Driver/Src/stm32f4xx_hal.o
 .debug_macro   0x000000000001f090      0x1b0 ./Drivers/STM32F4xx_HAL_Driver/Src/stm32f4xx_hal_cortex.o
 .debug_macro   0x000000000001f240      0x1b6 ./Drivers/STM32F4xx_HAL_Driver/Src/stm32f4xx_hal_gpio.o
 .debug_macro   0x000000000001f3f6      0x1d4 ./Drivers/STM32F4xx_HAL_Driver/Src/stm32f4xx_hal_rcc.o
 .debug_macro   0x000000000001f5ca       0xdc ./QP/ports/arm-cm/qv/gnu/qv_port.o
 .debug_macro   0x000000000001f6a6       0x46 ./QP/ports/arm-cm/qv/gnu/qv_port.o
 .debug_macro   0x000000000001f6ec       0x9c ./QP/src/qf/qep_msm.o
 .debug_macro   0x000000000001f788       0xe5 ./QP/src/qf/qf_act.o
 .debug_macro   0x000000000001f86d       0x66 ./QP/src/qf/qf_act.o
 .debug_macro   0x000000000001f8d3       0xec ./QP/src/qf/qf_actq.o
 .debug_macro   0x000000000001f9bf       0xe5 ./QP/src/qf/qf_dyn.o
 .debug_macro   0x000000000001faa4       0xe5 ./QP/src/qf/qf_mem.o
 .debug_macro   0x000000000001fb89       0xe5 ./QP/src/qf/qf_ps.o
 .debug_macro   0x000000000001fc6e       0xe5 ./QP/src/qf/qf_qeq.o
 .debug_macro   0x000000000001fd53       0xd9 ./QP/src/qf/qf_qmact.o
 .debug_macro   0x000000000001fe2c       0xe5 ./QP/src/qf/qf_time.o
 .debug_macro   0x000000000001ff11       0xe5 ./QP/src/qv/qv.o

.debug_line     0x0000000000000000     0xa25c
 .debug_line    0x0000000000000000      0x5a2 ./Core/Src/SMLed.o
 .debug_line    0x00000000000005a2      0x7bd ./Core/Src/SMLedActions.o
 .debug_line    0x0000000000000d5f      0x95b ./Core/Src/main.o
 .debug_line    0x00000000000016ba      0x7ac ./Core/Src/stm32f4xx_hal_msp.o
 .debug_line    0x0000000000001e66      0x898 ./Core/Src/stm32f4xx_it.o
 .debug_line    0x00000000000026fe      0x6f4 ./Core/Src/system_stm32f4xx.o
 .debug_line    0x0000000000002df2       0x88 ./Core/Startup/startup_stm32f407vetx.o
 .debug_line    0x0000000000002e7a      0x95a ./Drivers/STM32F4xx_HAL_Driver/Src/stm32f4xx_hal.o
 .debug_line    0x00000000000037d4      0xc09 ./Drivers/STM32F4xx_HAL_Driver/Src/stm32f4xx_hal_cortex.o
 .debug_line    0x00000000000043dd      0xace ./Drivers/STM32F4xx_HAL_Driver/Src/stm32f4xx_hal_gpio.o
 .debug_line    0x0000000000004eab      0xcd4 ./Drivers/STM32F4xx_HAL_Driver/Src/stm32f4xx_hal_rcc.o
 .debug_line    0x0000000000005b7f      0x487 ./QP/ports/arm-cm/qv/gnu/qv_port.o
 .debug_line    0x0000000000006006      0x729 ./QP/src/qf/qep_msm.o
 .debug_line    0x000000000000672f      0x5ce ./QP/src/qf/qf_act.o
 .debug_line    0x0000000000006cfd      0x796 ./QP/src/qf/qf_actq.o
 .debug_line    0x0000000000007493      0x675 ./QP/src/qf/qf_dyn.o
 .debug_line    0x0000000000007b08      0x697 ./QP/src/qf/qf_mem.o
 .debug_line    0x000000000000819f      0x744 ./QP/src/qf/qf_ps.o
 .debug_line    0x00000000000088e3      0x69c ./QP/src/qf/qf_qeq.o
 .debug_line    0x0000000000008f7f      0x531 ./QP/src/qf/qf_qmact.o
 .debug_line    0x00000000000094b0      0x76d ./QP/src/qf/qf_time.o
 .debug_line    0x0000000000009c1d      0x63f ./QP/src/qv/qv.o

.debug_str      0x0000000000000000    0xbebbc
 .debug_str     0x0000000000000000     0x4e8c ./Core/Src/SMLed.o
                                       0x5023 (size before relaxing)
 .debug_str     0x0000000000004e8c    0xb6cbf ./Core/Src/SMLedActions.o
                                      0xbbaa6 (size before relaxing)
 .debug_str     0x00000000000bbb4b     0x1348 ./Core/Src/main.o
                                      0xbcfec (size before relaxing)
 .debug_str     0x00000000000bce93       0x2c ./Core/Src/stm32f4xx_hal_msp.o
                                      0xbbb23 (size before relaxing)
 .debug_str     0x00000000000bcebf       0xf3 ./Core/Src/stm32f4xx_it.o
                                      0xbbca7 (size before relaxing)
 .debug_str     0x00000000000bcfb2       0x87 ./Core/Src/system_stm32f4xx.o
                                      0xbaaa6 (size before relaxing)
 .debug_str     0x00000000000bd039       0x36 ./Core/Startup/startup_stm32f407vetx.o
                                         0x8f (size before relaxing)
 .debug_str     0x00000000000bd06f      0x617 ./Drivers/STM32F4xx_HAL_Driver/Src/stm32f4xx_hal.o
                                      0xbb62a (size before relaxing)
 .debug_str     0x00000000000bd686      0x33e ./Drivers/STM32F4xx_HAL_Driver/Src/stm32f4xx_hal_cortex.o
                                      0xbb35d (size before relaxing)
 .debug_str     0x00000000000bd9c4      0x113 ./Drivers/STM32F4xx_HAL_Driver/Src/stm32f4xx_hal_gpio.o
                                      0xbac21 (size before relaxing)
 .debug_str     0x00000000000bdad7      0x233 ./Drivers/STM32F4xx_HAL_Driver/Src/stm32f4xx_hal_rcc.o
                                      0xbaeda (size before relaxing)
 .debug_str     0x00000000000bdd0a      0x2f9 ./QP/ports/arm-cm/qv/gnu/qv_port.o
                                       0x4fc6 (size before relaxing)
 .debug_str     0x00000000000be003      0x39c ./QP/src/qf/qep_msm.o
                                       0x51b6 (size before relaxing)
 .debug_str     0x00000000000be39f      0x30a ./QP/src/qf/qf_act.o
                                       0x5e61 (size before relaxing)
 .debug_str     0x00000000000be6a9      0x148 ./QP/src/qf/qf_actq.o
                                       0x5fb5 (size before relaxing)
 .debug_str     0x00000000000be7f1       0xf5 ./QP/src/qf/qf_dyn.o
                                       0x5e16 (size before relaxing)
 .debug_str     0x00000000000be8e6       0x4c ./QP/src/qf/qf_mem.o
                                       0x5dc1 (size before relaxing)
 .debug_str     0x00000000000be932       0xee ./QP/src/qf/qf_ps.o
                                       0x5fb2 (size before relaxing)
 .debug_str     0x00000000000bea20       0x57 ./QP/src/qf/qf_qeq.o
                                       0x5d9d (size before relaxing)
 .debug_str     0x00000000000bea77       0x49 ./QP/src/qf/qf_qmact.o
                                       0x543e (size before relaxing)
 .debug_str     0x00000000000beac0       0xd3 ./QP/src/qf/qf_time.o
                                       0x5f72 (size before relaxing)
 .debug_str     0x00000000000beb93       0x29 ./QP/src/qv/qv.o
                                       0x5fa9 (size before relaxing)

.comment        0x0000000000000000       0x50
 .comment       0x0000000000000000       0x50 ./Core/Src/SMLed.o
                                         0x51 (size before relaxing)
 .comment       0x0000000000000050       0x51 ./Core/Src/SMLedActions.o
 .comment       0x0000000000000050       0x51 ./Core/Src/main.o
 .comment       0x0000000000000050       0x51 ./Core/Src/stm32f4xx_hal_msp.o
 .comment       0x0000000000000050       0x51 ./Core/Src/stm32f4xx_it.o
 .comment       0x0000000000000050       0x51 ./Core/Src/system_stm32f4xx.o
 .comment       0x0000000000000050       0x51 ./Drivers/STM32F4xx_HAL_Driver/Src/stm32f4xx_hal.o
 .comment       0x0000000000000050       0x51 ./Drivers/STM32F4xx_HAL_Driver/Src/stm32f4xx_hal_cortex.o
 .comment       0x0000000000000050       0x51 ./Drivers/STM32F4xx_HAL_Driver/Src/stm32f4xx_hal_gpio.o
 .comment       0x0000000000000050       0x51 ./Drivers/STM32F4xx_HAL_Driver/Src/stm32f4xx_hal_rcc.o
 .comment       0x0000000000000050       0x51 ./QP/ports/arm-cm/qv/gnu/qv_port.o
 .comment       0x0000000000000050       0x51 ./QP/src/qf/qep_msm.o
 .comment       0x0000000000000050       0x51 ./QP/src/qf/qf_act.o
 .comment       0x0000000000000050       0x51 ./QP/src/qf/qf_actq.o
 .comment       0x0000000000000050       0x51 ./QP/src/qf/qf_dyn.o
 .comment       0x0000000000000050       0x51 ./QP/src/qf/qf_mem.o
 .comment       0x0000000000000050       0x51 ./QP/src/qf/qf_ps.o
 .comment       0x0000000000000050       0x51 ./QP/src/qf/qf_qeq.o
 .comment       0x0000000000000050       0x51 ./QP/src/qf/qf_qmact.o
 .comment       0x0000000000000050       0x51 ./QP/src/qf/qf_time.o
 .comment       0x0000000000000050       0x51 ./QP/src/qv/qv.o

.debug_frame    0x0000000000000000     0x19a8
 .debug_frame   0x0000000000000000       0xf4 ./Core/Src/SMLed.o
 .debug_frame   0x00000000000000f4       0x48 ./Core/Src/SMLedActions.o
 .debug_frame   0x000000000000013c      0x130 ./Core/Src/main.o
 .debug_frame   0x000000000000026c       0x38 ./Core/Src/stm32f4xx_hal_msp.o
 .debug_frame   0x00000000000002a4      0x120 ./Core/Src/stm32f4xx_it.o
 .debug_frame   0x00000000000003c4       0x58 ./Core/Src/system_stm32f4xx.o
 .debug_frame   0x000000000000041c      0x374 ./Drivers/STM32F4xx_HAL_Driver/Src/stm32f4xx_hal.o
 .debug_frame   0x0000000000000790      0x498 ./Drivers/STM32F4xx_HAL_Driver/Src/stm32f4xx_hal_cortex.o
 .debug_frame   0x0000000000000c28      0x14c ./Drivers/STM32F4xx_HAL_Driver/Src/stm32f4xx_hal_gpio.o
 .debug_frame   0x0000000000000d74      0x1f4 ./Drivers/STM32F4xx_HAL_Driver/Src/stm32f4xx_hal_rcc.o
 .debug_frame   0x0000000000000f68       0x38 ./QP/ports/arm-cm/qv/gnu/qv_port.o
 .debug_frame   0x0000000000000fa0      0x138 ./QP/src/qf/qep_msm.o
 .debug_frame   0x00000000000010d8       0x80 ./QP/src/qf/qf_act.o
 .debug_frame   0x0000000000001158      0x17c ./QP/src/qf/qf_actq.o
 .debug_frame   0x00000000000012d4       0xe4 ./QP/src/qf/qf_dyn.o
 .debug_frame   0x00000000000013b8       0xa0 ./QP/src/qf/qf_mem.o
 .debug_frame   0x0000000000001458      0x18c ./QP/src/qf/qf_ps.o
 .debug_frame   0x00000000000015e4       0xa4 ./QP/src/qf/qf_qeq.o
 .debug_frame   0x0000000000001688       0x34 ./QP/src/qf/qf_qmact.o
 .debug_frame   0x00000000000016bc      0x13c ./QP/src/qf/qf_time.o
 .debug_frame   0x00000000000017f8      0x104 ./QP/src/qv/qv.o
 .debug_frame   0x00000000000018fc       0x2c c:/st/stm32cubeide_1.10.1/stm32cubeide/plugins/com.st.stm32cube.ide.mcu.externaltools.gnu-tools-for-stm32.10.3-2021.10.win32_1.0.0.202111181127/tools/bin/../lib/gcc/arm-none-eabi/10.3.1/../../../../arm-none-eabi/lib/thumb/v7e-m+fp/hard\libc_nano.a(lib_a-init.o)
 .debug_frame   0x0000000000001928       0x20 c:/st/stm32cubeide_1.10.1/stm32cubeide/plugins/com.st.stm32cube.ide.mcu.externaltools.gnu-tools-for-stm32.10.3-2021.10.win32_1.0.0.202111181127/tools/bin/../lib/gcc/arm-none-eabi/10.3.1/../../../../arm-none-eabi/lib/thumb/v7e-m+fp/hard\libc_nano.a(lib_a-memset.o)
 .debug_frame   0x0000000000001948       0x2c c:/st/stm32cubeide_1.10.1/stm32cubeide/plugins/com.st.stm32cube.ide.mcu.externaltools.gnu-tools-for-stm32.10.3-2021.10.win32_1.0.0.202111181127/tools/bin/../lib/gcc/arm-none-eabi/10.3.1/thumb/v7e-m+fp/hard\libgcc.a(_aeabi_uldivmod.o)
 .debug_frame   0x0000000000001974       0x34 c:/st/stm32cubeide_1.10.1/stm32cubeide/plugins/com.st.stm32cube.ide.mcu.externaltools.gnu-tools-for-stm32.10.3-2021.10.win32_1.0.0.202111181127/tools/bin/../lib/gcc/arm-none-eabi/10.3.1/thumb/v7e-m+fp/hard\libgcc.a(_udivmoddi4.o)
