Archive member included to satisfy reference by file (symbol)

c:/st/stm32cubeide_1.10.1/stm32cubeide/plugins/com.st.stm32cube.ide.mcu.externaltools.gnu-tools-for-stm32.10.3-2021.10.win32_1.0.0.202111181127/tools/bin/../lib/gcc/arm-none-eabi/10.3.1/../../../../arm-none-eabi/lib/thumb/v7e-m+fp/hard\libc_nano.a(lib_a-atoi.o)
                              ./Core/Src/main.o (atoi)
c:/st/stm32cubeide_1.10.1/stm32cubeide/plugins/com.st.stm32cube.ide.mcu.externaltools.gnu-tools-for-stm32.10.3-2021.10.win32_1.0.0.202111181127/tools/bin/../lib/gcc/arm-none-eabi/10.3.1/../../../../arm-none-eabi/lib/thumb/v7e-m+fp/hard\libc_nano.a(lib_a-errno.o)
                              ./Core/Src/syscalls.o (__errno)
c:/st/stm32cubeide_1.10.1/stm32cubeide/plugins/com.st.stm32cube.ide.mcu.externaltools.gnu-tools-for-stm32.10.3-2021.10.win32_1.0.0.202111181127/tools/bin/../lib/gcc/arm-none-eabi/10.3.1/../../../../arm-none-eabi/lib/thumb/v7e-m+fp/hard\libc_nano.a(lib_a-exit.o)
                              c:/st/stm32cubeide_1.10.1/stm32cubeide/plugins/com.st.stm32cube.ide.mcu.externaltools.gnu-tools-for-stm32.10.3-2021.10.win32_1.0.0.202111181127/tools/bin/../lib/gcc/arm-none-eabi/10.3.1/../../../../arm-none-eabi/lib/thumb/v7e-m+fp/hard/crt0.o (exit)
c:/st/stm32cubeide_1.10.1/stm32cubeide/plugins/com.st.stm32cube.ide.mcu.externaltools.gnu-tools-for-stm32.10.3-2021.10.win32_1.0.0.202111181127/tools/bin/../lib/gcc/arm-none-eabi/10.3.1/../../../../arm-none-eabi/lib/thumb/v7e-m+fp/hard\libc_nano.a(lib_a-impure.o)
                              c:/st/stm32cubeide_1.10.1/stm32cubeide/plugins/com.st.stm32cube.ide.mcu.externaltools.gnu-tools-for-stm32.10.3-2021.10.win32_1.0.0.202111181127/tools/bin/../lib/gcc/arm-none-eabi/10.3.1/../../../../arm-none-eabi/lib/thumb/v7e-m+fp/hard\libc_nano.a(lib_a-exit.o) (_global_impure_ptr)
c:/st/stm32cubeide_1.10.1/stm32cubeide/plugins/com.st.stm32cube.ide.mcu.externaltools.gnu-tools-for-stm32.10.3-2021.10.win32_1.0.0.202111181127/tools/bin/../lib/gcc/arm-none-eabi/10.3.1/../../../../arm-none-eabi/lib/thumb/v7e-m+fp/hard\libc_nano.a(lib_a-init.o)
                              c:/st/stm32cubeide_1.10.1/stm32cubeide/plugins/com.st.stm32cube.ide.mcu.externaltools.gnu-tools-for-stm32.10.3-2021.10.win32_1.0.0.202111181127/tools/bin/../lib/gcc/arm-none-eabi/10.3.1/../../../../arm-none-eabi/lib/thumb/v7e-m+fp/hard/crt0.o (__libc_init_array)
c:/st/stm32cubeide_1.10.1/stm32cubeide/plugins/com.st.stm32cube.ide.mcu.externaltools.gnu-tools-for-stm32.10.3-2021.10.win32_1.0.0.202111181127/tools/bin/../lib/gcc/arm-none-eabi/10.3.1/../../../../arm-none-eabi/lib/thumb/v7e-m+fp/hard\libc_nano.a(lib_a-memset.o)
                              c:/st/stm32cubeide_1.10.1/stm32cubeide/plugins/com.st.stm32cube.ide.mcu.externaltools.gnu-tools-for-stm32.10.3-2021.10.win32_1.0.0.202111181127/tools/bin/../lib/gcc/arm-none-eabi/10.3.1/../../../../arm-none-eabi/lib/thumb/v7e-m+fp/hard/crt0.o (memset)
c:/st/stm32cubeide_1.10.1/stm32cubeide/plugins/com.st.stm32cube.ide.mcu.externaltools.gnu-tools-for-stm32.10.3-2021.10.win32_1.0.0.202111181127/tools/bin/../lib/gcc/arm-none-eabi/10.3.1/../../../../arm-none-eabi/lib/thumb/v7e-m+fp/hard\libc_nano.a(lib_a-strtol.o)
                              c:/st/stm32cubeide_1.10.1/stm32cubeide/plugins/com.st.stm32cube.ide.mcu.externaltools.gnu-tools-for-stm32.10.3-2021.10.win32_1.0.0.202111181127/tools/bin/../lib/gcc/arm-none-eabi/10.3.1/../../../../arm-none-eabi/lib/thumb/v7e-m+fp/hard\libc_nano.a(lib_a-atoi.o) (_strtol_r)
c:/st/stm32cubeide_1.10.1/stm32cubeide/plugins/com.st.stm32cube.ide.mcu.externaltools.gnu-tools-for-stm32.10.3-2021.10.win32_1.0.0.202111181127/tools/bin/../lib/gcc/arm-none-eabi/10.3.1/../../../../arm-none-eabi/lib/thumb/v7e-m+fp/hard\libc_nano.a(lib_a-ctype_.o)
                              c:/st/stm32cubeide_1.10.1/stm32cubeide/plugins/com.st.stm32cube.ide.mcu.externaltools.gnu-tools-for-stm32.10.3-2021.10.win32_1.0.0.202111181127/tools/bin/../lib/gcc/arm-none-eabi/10.3.1/../../../../arm-none-eabi/lib/thumb/v7e-m+fp/hard\libc_nano.a(lib_a-strtol.o) (_ctype_)
c:/st/stm32cubeide_1.10.1/stm32cubeide/plugins/com.st.stm32cube.ide.mcu.externaltools.gnu-tools-for-stm32.10.3-2021.10.win32_1.0.0.202111181127/tools/bin/../lib/gcc/arm-none-eabi/10.3.1/thumb/v7e-m+fp/hard\libgcc.a(_aeabi_uldivmod.o)
                              ./Drivers/STM32F4xx_HAL_Driver/Src/stm32f4xx_hal_rcc.o (__aeabi_uldivmod)
c:/st/stm32cubeide_1.10.1/stm32cubeide/plugins/com.st.stm32cube.ide.mcu.externaltools.gnu-tools-for-stm32.10.3-2021.10.win32_1.0.0.202111181127/tools/bin/../lib/gcc/arm-none-eabi/10.3.1/thumb/v7e-m+fp/hard\libgcc.a(_udivmoddi4.o)
                              c:/st/stm32cubeide_1.10.1/stm32cubeide/plugins/com.st.stm32cube.ide.mcu.externaltools.gnu-tools-for-stm32.10.3-2021.10.win32_1.0.0.202111181127/tools/bin/../lib/gcc/arm-none-eabi/10.3.1/thumb/v7e-m+fp/hard\libgcc.a(_aeabi_uldivmod.o) (__udivmoddi4)
[...]
Memory Configuration

Name             Origin             Length             Attributes
CCMRAM           0x0000000010000000 0x0000000000010000 xrw
RAM              0x0000000020000000 0x0000000000020000 xrw
FLASH            0x0000000008000000 0x0000000000080000 xr
*default*        0x0000000000000000 0xffffffffffffffff

Linker script and memory map

LOAD c:/st/stm32cubeide_1.10.1/stm32cubeide/plugins/com.st.stm32cube.ide.mcu.externaltools.gnu-tools-for-stm32.10.3-2021.10.win32_1.0.0.202111181127/tools/bin/../lib/gcc/arm-none-eabi/10.3.1/thumb/v7e-m+fp/hard/crti.o
LOAD c:/st/stm32cubeide_1.10.1/stm32cubeide/plugins/com.st.stm32cube.ide.mcu.externaltools.gnu-tools-for-stm32.10.3-2021.10.win32_1.0.0.202111181127/tools/bin/../lib/gcc/arm-none-eabi/10.3.1/thumb/v7e-m+fp/hard/crtbegin.o
LOAD c:/st/stm32cubeide_1.10.1/stm32cubeide/plugins/com.st.stm32cube.ide.mcu.externaltools.gnu-tools-for-stm32.10.3-2021.10.win32_1.0.0.202111181127/tools/bin/../lib/gcc/arm-none-eabi/10.3.1/../../../../arm-none-eabi/lib/thumb/v7e-m+fp/hard/crt0.o
LOAD ./Core/Src/main.o
LOAD ./Core/Src/stm32f4xx_hal_msp.o
LOAD ./Core/Src/stm32f4xx_it.o
LOAD ./Core/Src/syscalls.o
LOAD ./Core/Src/sysmem.o
LOAD ./Core/Src/system_stm32f4xx.o
LOAD ./Core/Startup/startup_stm32f407vetx.o
LOAD ./Drivers/STM32F4xx_HAL_Driver/Src/stm32f4xx_hal.o
LOAD ./Drivers/STM32F4xx_HAL_Driver/Src/stm32f4xx_hal_cortex.o
LOAD ./Drivers/STM32F4xx_HAL_Driver/Src/stm32f4xx_hal_dma.o
LOAD ./Drivers/STM32F4xx_HAL_Driver/Src/stm32f4xx_hal_dma_ex.o
LOAD ./Drivers/STM32F4xx_HAL_Driver/Src/stm32f4xx_hal_exti.o
LOAD ./Drivers/STM32F4xx_HAL_Driver/Src/stm32f4xx_hal_flash.o
LOAD ./Drivers/STM32F4xx_HAL_Driver/Src/stm32f4xx_hal_flash_ex.o
LOAD ./Drivers/STM32F4xx_HAL_Driver/Src/stm32f4xx_hal_flash_ramfunc.o
LOAD ./Drivers/STM32F4xx_HAL_Driver/Src/stm32f4xx_hal_gpio.o
LOAD ./Drivers/STM32F4xx_HAL_Driver/Src/stm32f4xx_hal_pwr.o
LOAD ./Drivers/STM32F4xx_HAL_Driver/Src/stm32f4xx_hal_pwr_ex.o
LOAD ./Drivers/STM32F4xx_HAL_Driver/Src/stm32f4xx_hal_rcc.o
LOAD ./Drivers/STM32F4xx_HAL_Driver/Src/stm32f4xx_hal_rcc_ex.o
LOAD ./Drivers/STM32F4xx_HAL_Driver/Src/stm32f4xx_hal_sd.o
LOAD ./Drivers/STM32F4xx_HAL_Driver/Src/stm32f4xx_ll_sdmmc.o
LOAD ./FATFS/App/fatfs.o
LOAD ./FATFS/Target/bsp_driver_sd.o
LOAD ./FATFS/Target/sd_diskio.o
LOAD ./Middlewares/Third_Party/FatFs/src/diskio.o
LOAD ./Middlewares/Third_Party/FatFs/src/ff.o
LOAD ./Middlewares/Third_Party/FatFs/src/ff_gen_drv.o
LOAD ./Middlewares/Third_Party/FatFs/src/option/syscall.o
START GROUP
LOAD c:/st/stm32cubeide_1.10.1/stm32cubeide/plugins/com.st.stm32cube.ide.mcu.externaltools.gnu-tools-for-stm32.10.3-2021.10.win32_1.0.0.202111181127/tools/bin/../lib/gcc/arm-none-eabi/10.3.1/../../../../arm-none-eabi/lib/thumb/v7e-m+fp/hard\libc_nano.a
LOAD c:/st/stm32cubeide_1.10.1/stm32cubeide/plugins/com.st.stm32cube.ide.mcu.externaltools.gnu-tools-for-stm32.10.3-2021.10.win32_1.0.0.202111181127/tools/bin/../lib/gcc/arm-none-eabi/10.3.1/../../../../arm-none-eabi/lib/thumb/v7e-m+fp/hard\libm.a
END GROUP
START GROUP
LOAD c:/st/stm32cubeide_1.10.1/stm32cubeide/plugins/com.st.stm32cube.ide.mcu.externaltools.gnu-tools-for-stm32.10.3-2021.10.win32_1.0.0.202111181127/tools/bin/../lib/gcc/arm-none-eabi/10.3.1/thumb/v7e-m+fp/hard\libgcc.a
LOAD c:/st/stm32cubeide_1.10.1/stm32cubeide/plugins/com.st.stm32cube.ide.mcu.externaltools.gnu-tools-for-stm32.10.3-2021.10.win32_1.0.0.202111181127/tools/bin/../lib/gcc/arm-none-eabi/10.3.1/../../../../arm-none-eabi/lib/thumb/v7e-m+fp/hard\libc_nano.a
END GROUP
START GROUP
LOAD c:/st/stm32cubeide_1.10.1/stm32cubeide/plugins/com.st.stm32cube.ide.mcu.externaltools.gnu-tools-for-stm32.10.3-2021.10.win32_1.0.0.202111181127/tools/bin/../lib/gcc/arm-none-eabi/10.3.1/thumb/v7e-m+fp/hard\libgcc.a
LOAD c:/st/stm32cubeide_1.10.1/stm32cubeide/plugins/com.st.stm32cube.ide.mcu.externaltools.gnu-tools-for-stm32.10.3-2021.10.win32_1.0.0.202111181127/tools/bin/../lib/gcc/arm-none-eabi/10.3.1/../../../../arm-none-eabi/lib/thumb/v7e-m+fp/hard\libc_nano.a
LOAD c:/st/stm32cubeide_1.10.1/stm32cubeide/plugins/com.st.stm32cube.ide.mcu.externaltools.gnu-tools-for-stm32.10.3-2021.10.win32_1.0.0.202111181127/tools/bin/../lib/gcc/arm-none-eabi/10.3.1/../../../../arm-none-eabi/lib/thumb/v7e-m+fp/hard\libnosys.a
END GROUP
START GROUP
LOAD c:/st/stm32cubeide_1.10.1/stm32cubeide/plugins/com.st.stm32cube.ide.mcu.externaltools.gnu-tools-for-stm32.10.3-2021.10.win32_1.0.0.202111181127/tools/bin/../lib/gcc/arm-none-eabi/10.3.1/thumb/v7e-m+fp/hard\libgcc.a
LOAD c:/st/stm32cubeide_1.10.1/stm32cubeide/plugins/com.st.stm32cube.ide.mcu.externaltools.gnu-tools-for-stm32.10.3-2021.10.win32_1.0.0.202111181127/tools/bin/../lib/gcc/arm-none-eabi/10.3.1/../../../../arm-none-eabi/lib/thumb/v7e-m+fp/hard\libc_nano.a
LOAD c:/st/stm32cubeide_1.10.1/stm32cubeide/plugins/com.st.stm32cube.ide.mcu.externaltools.gnu-tools-for-stm32.10.3-2021.10.win32_1.0.0.202111181127/tools/bin/../lib/gcc/arm-none-eabi/10.3.1/../../../../arm-none-eabi/lib/thumb/v7e-m+fp/hard\libnosys.a
END GROUP
LOAD c:/st/stm32cubeide_1.10.1/stm32cubeide/plugins/com.st.stm32cube.ide.mcu.externaltools.gnu-tools-for-stm32.10.3-2021.10.win32_1.0.0.202111181127/tools/bin/../lib/gcc/arm-none-eabi/10.3.1/thumb/v7e-m+fp/hard/crtend.o
LOAD c:/st/stm32cubeide_1.10.1/stm32cubeide/plugins/com.st.stm32cube.ide.mcu.externaltools.gnu-tools-for-stm32.10.3-2021.10.win32_1.0.0.202111181127/tools/bin/../lib/gcc/arm-none-eabi/10.3.1/thumb/v7e-m+fp/hard/crtn.o
                0x0000000020020000                _estack = (ORIGIN (RAM) + LENGTH (RAM))
                0x0000000000002000                _Min_Heap_Size = 0x2000
                0x0000000000004000                _Min_Stack_Size = 0x4000

.isr_vector     0x0000000008000000      0x188
                0x0000000008000000                . = ALIGN (0x4)
 *(.isr_vector)
 .isr_vector    0x0000000008000000      0x188 ./Core/Startup/startup_stm32f407vetx.o
                0x0000000008000000                g_pfnVectors
                0x0000000008000188                . = ALIGN (0x4)

.text           0x0000000008000188     0x6a54
                0x0000000008000188                . = ALIGN (0x4)
 *(.text)
 .text          0x0000000008000188       0x40 c:/st/stm32cubeide_1.10.1/stm32cubeide/plugins/com.st.stm32cube.ide.mcu.externaltools.gnu-tools-for-stm32.10.3-2021.10.win32_1.0.0.202111181127/tools/bin/../lib/gcc/arm-none-eabi/10.3.1/thumb/v7e-m+fp/hard/crtbegin.o
 .text          0x00000000080001c8       0x30 c:/st/stm32cubeide_1.10.1/stm32cubeide/plugins/com.st.stm32cube.ide.mcu.externaltools.gnu-tools-for-stm32.10.3-2021.10.win32_1.0.0.202111181127/tools/bin/../lib/gcc/arm-none-eabi/10.3.1/thumb/v7e-m+fp/hard\libgcc.a(_aeabi_uldivmod.o)
                0x00000000080001c8                __aeabi_uldivmod
 .text          0x00000000080001f8      0x2d0 c:/st/stm32cubeide_1.10.1/stm32cubeide/plugins/com.st.stm32cube.ide.mcu.externaltools.gnu-tools-for-stm32.10.3-2021.10.win32_1.0.0.202111181127/tools/bin/../lib/gcc/arm-none-eabi/10.3.1/thumb/v7e-m+fp/hard\libgcc.a(_udivmoddi4.o)
                0x00000000080001f8                __udivmoddi4
 .text          0x00000000080004c8        0x4 c:/st/stm32cubeide_1.10.1/stm32cubeide/plugins/com.st.stm32cube.ide.mcu.externaltools.gnu-tools-for-stm32.10.3-2021.10.win32_1.0.0.202111181127/tools/bin/../lib/gcc/arm-none-eabi/10.3.1/thumb/v7e-m+fp/hard\libgcc.a(_dvmd_tls.o)
                0x00000000080004c8                __aeabi_idiv0
                0x00000000080004c8                __aeabi_ldiv0
 *(.text*)
 .text.main     0x00000000080004cc       0xd8 ./Core/Src/main.o
                0x00000000080004cc                main
 .text.SystemClock_Config
                0x00000000080005a4       0xd0 ./Core/Src/main.o
                0x00000000080005a4                SystemClock_Config
 .text.MX_SDIO_SD_Init
                0x0000000008000674       0x40 ./Core/Src/main.o
 .text.MX_DMA_Init
                0x00000000080006b4       0x50 ./Core/Src/main.o
 .text.MX_GPIO_Init
                0x0000000008000704       0xa0 ./Core/Src/main.o
 .text.Error_Handler
                0x00000000080007a4        0xa ./Core/Src/main.o
                0x00000000080007a4                Error_Handler
 *fill*         0x00000000080007ae        0x2 
 .text.HAL_MspInit
                0x00000000080007b0       0x50 ./Core/Src/stm32f4xx_hal_msp.o
                0x00000000080007b0                HAL_MspInit
 .text.HAL_SD_MspInit
                0x0000000008000800      0x1e0 ./Core/Src/stm32f4xx_hal_msp.o
                0x0000000008000800                HAL_SD_MspInit
 .text.NMI_Handler
                0x00000000080009e0        0x6 ./Core/Src/stm32f4xx_it.o
                0x00000000080009e0                NMI_Handler
 .text.HardFault_Handler
                0x00000000080009e6        0x6 ./Core/Src/stm32f4xx_it.o
                0x00000000080009e6                HardFault_Handler
 .text.MemManage_Handler
                0x00000000080009ec        0x6 ./Core/Src/stm32f4xx_it.o
                0x00000000080009ec                MemManage_Handler
 .text.BusFault_Handler
                0x00000000080009f2        0x6 ./Core/Src/stm32f4xx_it.o
                0x00000000080009f2                BusFault_Handler
 .text.UsageFault_Handler
                0x00000000080009f8        0x6 ./Core/Src/stm32f4xx_it.o
                0x00000000080009f8                UsageFault_Handler
 .text.SVC_Handler
                0x00000000080009fe        0xe ./Core/Src/stm32f4xx_it.o
                0x00000000080009fe                SVC_Handler
 .text.DebugMon_Handler
                0x0000000008000a0c        0xe ./Core/Src/stm32f4xx_it.o
                0x0000000008000a0c                DebugMon_Handler
 .text.PendSV_Handler
                0x0000000008000a1a        0xe ./Core/Src/stm32f4xx_it.o
                0x0000000008000a1a                PendSV_Handler
 .text.SysTick_Handler
                0x0000000008000a28        0xc ./Core/Src/stm32f4xx_it.o
                0x0000000008000a28                SysTick_Handler
 .text.SDIO_IRQHandler
                0x0000000008000a34       0x14 ./Core/Src/stm32f4xx_it.o
                0x0000000008000a34                SDIO_IRQHandler
 .text.DMA2_Stream3_IRQHandler
                0x0000000008000a48       0x14 ./Core/Src/stm32f4xx_it.o
                0x0000000008000a48                DMA2_Stream3_IRQHandler
 .text.DMA2_Stream6_IRQHandler
                0x0000000008000a5c       0x14 ./Core/Src/stm32f4xx_it.o
                0x0000000008000a5c                DMA2_Stream6_IRQHandler
 .text.SystemInit
                0x0000000008000a70       0x24 ./Core/Src/system_stm32f4xx.o
                0x0000000008000a70                SystemInit
 .text.Reset_Handler
                0x0000000008000a94       0x50 ./Core/Startup/startup_stm32f407vetx.o
                0x0000000008000a94                Reset_Handler
 .text.Default_Handler
                0x0000000008000ae4        0x2 ./Core/Startup/startup_stm32f407vetx.o
                0x0000000008000ae4                RTC_Alarm_IRQHandler
                0x0000000008000ae4                HASH_RNG_IRQHandler
                0x0000000008000ae4                EXTI2_IRQHandler
                0x0000000008000ae4                TIM8_CC_IRQHandler
                0x0000000008000ae4                TIM1_CC_IRQHandler
                0x0000000008000ae4                DMA2_Stream5_IRQHandler
                0x0000000008000ae4                DMA1_Stream5_IRQHandler
                0x0000000008000ae4                PVD_IRQHandler
                0x0000000008000ae4                TAMP_STAMP_IRQHandler
                0x0000000008000ae4                CAN2_RX1_IRQHandler
                0x0000000008000ae4                EXTI3_IRQHandler
                0x0000000008000ae4                TIM8_TRG_COM_TIM14_IRQHandler
                0x0000000008000ae4                TIM1_UP_TIM10_IRQHandler
                0x0000000008000ae4                TIM8_UP_TIM13_IRQHandler
                0x0000000008000ae4                I2C3_ER_IRQHandler
                0x0000000008000ae4                EXTI0_IRQHandler
                0x0000000008000ae4                I2C2_EV_IRQHandler
                0x0000000008000ae4                DMA1_Stream2_IRQHandler
                0x0000000008000ae4                CAN1_RX0_IRQHandler
                0x0000000008000ae4                FPU_IRQHandler
                0x0000000008000ae4                OTG_HS_WKUP_IRQHandler
                0x0000000008000ae4                CAN2_SCE_IRQHandler
                0x0000000008000ae4                DMA2_Stream2_IRQHandler
                0x0000000008000ae4                SPI1_IRQHandler
                0x0000000008000ae4                TIM6_DAC_IRQHandler
                0x0000000008000ae4                TIM1_BRK_TIM9_IRQHandler
                0x0000000008000ae4                DCMI_IRQHandler
                0x0000000008000ae4                CAN2_RX0_IRQHandler
                0x0000000008000ae4                USART6_IRQHandler
                0x0000000008000ae4                USART3_IRQHandler
                0x0000000008000ae4                CAN1_RX1_IRQHandler
                0x0000000008000ae4                UART5_IRQHandler
                0x0000000008000ae4                DMA2_Stream0_IRQHandler
                0x0000000008000ae4                TIM4_IRQHandler
                0x0000000008000ae4                I2C1_EV_IRQHandler
                0x0000000008000ae4                DMA1_Stream6_IRQHandler
                0x0000000008000ae4                DMA1_Stream1_IRQHandler
                0x0000000008000ae4                UART4_IRQHandler
                0x0000000008000ae4                TIM3_IRQHandler
                0x0000000008000ae4                RCC_IRQHandler
                0x0000000008000ae4                TIM8_BRK_TIM12_IRQHandler
                0x0000000008000ae4                Default_Handler
                0x0000000008000ae4                EXTI15_10_IRQHandler
                0x0000000008000ae4                ADC_IRQHandler
                0x0000000008000ae4                DMA1_Stream7_IRQHandler
                0x0000000008000ae4                TIM7_IRQHandler
                0x0000000008000ae4                CAN2_TX_IRQHandler
                0x0000000008000ae4                TIM5_IRQHandler
                0x0000000008000ae4                DMA2_Stream7_IRQHandler
                0x0000000008000ae4                I2C3_EV_IRQHandler
                0x0000000008000ae4                EXTI9_5_IRQHandler
                0x0000000008000ae4                RTC_WKUP_IRQHandler
                0x0000000008000ae4                ETH_WKUP_IRQHandler
                0x0000000008000ae4                SPI2_IRQHandler
                0x0000000008000ae4                OTG_HS_EP1_IN_IRQHandler
                0x0000000008000ae4                DMA1_Stream0_IRQHandler
                0x0000000008000ae4                CAN1_TX_IRQHandler
                0x0000000008000ae4                EXTI4_IRQHandler
                0x0000000008000ae4                FSMC_IRQHandler
                0x0000000008000ae4                ETH_IRQHandler
                0x0000000008000ae4                OTG_HS_EP1_OUT_IRQHandler
                0x0000000008000ae4                WWDG_IRQHandler
                0x0000000008000ae4                TIM2_IRQHandler
                0x0000000008000ae4                OTG_FS_WKUP_IRQHandler
                0x0000000008000ae4                TIM1_TRG_COM_TIM11_IRQHandler
                0x0000000008000ae4                OTG_HS_IRQHandler
                0x0000000008000ae4                EXTI1_IRQHandler
                0x0000000008000ae4                USART2_IRQHandler
                0x0000000008000ae4                I2C2_ER_IRQHandler
                0x0000000008000ae4                DMA2_Stream1_IRQHandler
                0x0000000008000ae4                CAN1_SCE_IRQHandler
                0x0000000008000ae4                FLASH_IRQHandler
                0x0000000008000ae4                DMA2_Stream4_IRQHandler
                0x0000000008000ae4                USART1_IRQHandler
                0x0000000008000ae4                OTG_FS_IRQHandler
                0x0000000008000ae4                SPI3_IRQHandler
                0x0000000008000ae4                DMA1_Stream4_IRQHandler
                0x0000000008000ae4                I2C1_ER_IRQHandler
                0x0000000008000ae4                DMA1_Stream3_IRQHandler
 *fill*         0x0000000008000ae6        0x2 
 .text.HAL_Init
                0x0000000008000ae8       0x44 ./Drivers/STM32F4xx_HAL_Driver/Src/stm32f4xx_hal.o
                0x0000000008000ae8                HAL_Init
 .text.HAL_InitTick
                0x0000000008000b2c       0x60 ./Drivers/STM32F4xx_HAL_Driver/Src/stm32f4xx_hal.o
                0x0000000008000b2c                HAL_InitTick
 .text.HAL_IncTick
                0x0000000008000b8c       0x28 ./Drivers/STM32F4xx_HAL_Driver/Src/stm32f4xx_hal.o
                0x0000000008000b8c                HAL_IncTick
 .text.HAL_GetTick
                0x0000000008000bb4       0x18 ./Drivers/STM32F4xx_HAL_Driver/Src/stm32f4xx_hal.o
                0x0000000008000bb4                HAL_GetTick
 .text.HAL_Delay
                0x0000000008000bcc       0x48 ./Drivers/STM32F4xx_HAL_Driver/Src/stm32f4xx_hal.o
                0x0000000008000bcc                HAL_Delay
 .text.__NVIC_SetPriorityGrouping
                0x0000000008000c14       0x48 ./Drivers/STM32F4xx_HAL_Driver/Src/stm32f4xx_hal_cortex.o
 .text.__NVIC_GetPriorityGrouping
                0x0000000008000c5c       0x1c ./Drivers/STM32F4xx_HAL_Driver/Src/stm32f4xx_hal_cortex.o
 .text.__NVIC_EnableIRQ
                0x0000000008000c78       0x3c ./Drivers/STM32F4xx_HAL_Driver/Src/stm32f4xx_hal_cortex.o
 .text.__NVIC_SetPriority
                0x0000000008000cb4       0x54 ./Drivers/STM32F4xx_HAL_Driver/Src/stm32f4xx_hal_cortex.o
 .text.NVIC_EncodePriority
                0x0000000008000d08       0x66 ./Drivers/STM32F4xx_HAL_Driver/Src/stm32f4xx_hal_cortex.o
 *fill*         0x0000000008000d6e        0x2 
 .text.SysTick_Config
                0x0000000008000d70       0x44 ./Drivers/STM32F4xx_HAL_Driver/Src/stm32f4xx_hal_cortex.o
 .text.HAL_NVIC_SetPriorityGrouping
                0x0000000008000db4       0x16 ./Drivers/STM32F4xx_HAL_Driver/Src/stm32f4xx_hal_cortex.o
                0x0000000008000db4                HAL_NVIC_SetPriorityGrouping
 .text.HAL_NVIC_SetPriority
                0x0000000008000dca       0x38 ./Drivers/STM32F4xx_HAL_Driver/Src/stm32f4xx_hal_cortex.o
                0x0000000008000dca                HAL_NVIC_SetPriority
 .text.HAL_NVIC_EnableIRQ
                0x0000000008000e02       0x1c ./Drivers/STM32F4xx_HAL_Driver/Src/stm32f4xx_hal_cortex.o
                0x0000000008000e02                HAL_NVIC_EnableIRQ
 .text.HAL_SYSTICK_Config
                0x0000000008000e1e       0x18 ./Drivers/STM32F4xx_HAL_Driver/Src/stm32f4xx_hal_cortex.o
                0x0000000008000e1e                HAL_SYSTICK_Config
 *fill*         0x0000000008000e36        0x2 
 .text.HAL_DMA_Init
                0x0000000008000e38      0x15c ./Drivers/STM32F4xx_HAL_Driver/Src/stm32f4xx_hal_dma.o
                0x0000000008000e38                HAL_DMA_Init
 .text.HAL_DMA_Start_IT
                0x0000000008000f94       0xb0 ./Drivers/STM32F4xx_HAL_Driver/Src/stm32f4xx_hal_dma.o
                0x0000000008000f94                HAL_DMA_Start_IT
 .text.HAL_DMA_Abort_IT
                0x0000000008001044       0x44 ./Drivers/STM32F4xx_HAL_Driver/Src/stm32f4xx_hal_dma.o
                0x0000000008001044                HAL_DMA_Abort_IT
 .text.HAL_DMA_IRQHandler
                0x0000000008001088      0x314 ./Drivers/STM32F4xx_HAL_Driver/Src/stm32f4xx_hal_dma.o
                0x0000000008001088                HAL_DMA_IRQHandler
 .text.HAL_DMA_GetError
                0x000000000800139c       0x18 ./Drivers/STM32F4xx_HAL_Driver/Src/stm32f4xx_hal_dma.o
                0x000000000800139c                HAL_DMA_GetError
 .text.DMA_SetConfig
                0x00000000080013b4       0x5c ./Drivers/STM32F4xx_HAL_Driver/Src/stm32f4xx_hal_dma.o
 .text.DMA_CalcBaseAndBitshift
                0x0000000008001410       0x6c ./Drivers/STM32F4xx_HAL_Driver/Src/stm32f4xx_hal_dma.o
 .text.DMA_CheckFifoParam
                0x000000000800147c       0xf8 ./Drivers/STM32F4xx_HAL_Driver/Src/stm32f4xx_hal_dma.o
 .text.HAL_GPIO_Init
                0x0000000008001574      0x338 ./Drivers/STM32F4xx_HAL_Driver/Src/stm32f4xx_hal_gpio.o
                0x0000000008001574                HAL_GPIO_Init
 .text.HAL_GPIO_WritePin
                0x00000000080018ac       0x32 ./Drivers/STM32F4xx_HAL_Driver/Src/stm32f4xx_hal_gpio.o
                0x00000000080018ac                HAL_GPIO_WritePin
 .text.HAL_GPIO_TogglePin
                0x00000000080018de       0x34 ./Drivers/STM32F4xx_HAL_Driver/Src/stm32f4xx_hal_gpio.o
                0x00000000080018de                HAL_GPIO_TogglePin
 *fill*         0x0000000008001912        0x2 
 .text.HAL_RCC_OscConfig
                0x0000000008001914      0x4f0 ./Drivers/STM32F4xx_HAL_Driver/Src/stm32f4xx_hal_rcc.o
                0x0000000008001914                HAL_RCC_OscConfig
 .text.HAL_RCC_ClockConfig
                0x0000000008001e04      0x1cc ./Drivers/STM32F4xx_HAL_Driver/Src/stm32f4xx_hal_rcc.o
                0x0000000008001e04                HAL_RCC_ClockConfig
 .text.HAL_RCC_GetSysClockFreq
                0x0000000008001fd0      0x18c ./Drivers/STM32F4xx_HAL_Driver/Src/stm32f4xx_hal_rcc.o
                0x0000000008001fd0                HAL_RCC_GetSysClockFreq
 .text.HAL_SD_Init
                0x000000000800215c       0x60 ./Drivers/STM32F4xx_HAL_Driver/Src/stm32f4xx_hal_sd.o
                0x000000000800215c                HAL_SD_Init
 .text.HAL_SD_InitCard
                0x00000000080021bc      0x100 ./Drivers/STM32F4xx_HAL_Driver/Src/stm32f4xx_hal_sd.o
                0x00000000080021bc                HAL_SD_InitCard
 .text.HAL_SD_ReadBlocks_DMA
                0x00000000080022bc      0x1c4 ./Drivers/STM32F4xx_HAL_Driver/Src/stm32f4xx_hal_sd.o
                0x00000000080022bc                HAL_SD_ReadBlocks_DMA
 .text.HAL_SD_WriteBlocks_DMA
                0x0000000008002480      0x1cc ./Drivers/STM32F4xx_HAL_Driver/Src/stm32f4xx_hal_sd.o
                0x0000000008002480                HAL_SD_WriteBlocks_DMA
 .text.HAL_SD_IRQHandler
                0x000000000800264c      0x30c ./Drivers/STM32F4xx_HAL_Driver/Src/stm32f4xx_hal_sd.o
                0x000000000800264c                HAL_SD_IRQHandler
 .text.HAL_SD_ErrorCallback
                0x0000000008002958       0x14 ./Drivers/STM32F4xx_HAL_Driver/Src/stm32f4xx_hal_sd.o
                0x0000000008002958                HAL_SD_ErrorCallback
 .text.HAL_SD_GetCardCSD
                0x000000000800296c      0x348 ./Drivers/STM32F4xx_HAL_Driver/Src/stm32f4xx_hal_sd.o
                0x000000000800296c                HAL_SD_GetCardCSD
 .text.HAL_SD_GetCardInfo
                0x0000000008002cb4       0x58 ./Drivers/STM32F4xx_HAL_Driver/Src/stm32f4xx_hal_sd.o
                0x0000000008002cb4                HAL_SD_GetCardInfo
 .text.HAL_SD_ConfigWideBusOperation
                0x0000000008002d0c      0x134 ./Drivers/STM32F4xx_HAL_Driver/Src/stm32f4xx_hal_sd.o
                0x0000000008002d0c                HAL_SD_ConfigWideBusOperation
 .text.HAL_SD_GetCardState
                0x0000000008002e40       0x40 ./Drivers/STM32F4xx_HAL_Driver/Src/stm32f4xx_hal_sd.o
                0x0000000008002e40                HAL_SD_GetCardState
 .text.SD_DMATransmitCplt
                0x0000000008002e80       0x2a ./Drivers/STM32F4xx_HAL_Driver/Src/stm32f4xx_hal_sd.o
 .text.SD_DMAReceiveCplt
                0x0000000008002eaa       0x70 ./Drivers/STM32F4xx_HAL_Driver/Src/stm32f4xx_hal_sd.o
 *fill*         0x0000000008002f1a        0x2 
 .text.SD_DMAError
                0x0000000008002f1c       0xa4 ./Drivers/STM32F4xx_HAL_Driver/Src/stm32f4xx_hal_sd.o
 .text.SD_DMATxAbort
                0x0000000008002fc0       0x6e ./Drivers/STM32F4xx_HAL_Driver/Src/stm32f4xx_hal_sd.o
 .text.SD_DMARxAbort
                0x000000000800302e       0x6e ./Drivers/STM32F4xx_HAL_Driver/Src/stm32f4xx_hal_sd.o
 .text.SD_InitCard
                0x000000000800309c      0x19c ./Drivers/STM32F4xx_HAL_Driver/Src/stm32f4xx_hal_sd.o
 .text.SD_PowerON
                0x0000000008003238      0x11c ./Drivers/STM32F4xx_HAL_Driver/Src/stm32f4xx_hal_sd.o
 .text.SD_SendStatus
                0x0000000008003354       0x50 ./Drivers/STM32F4xx_HAL_Driver/Src/stm32f4xx_hal_sd.o
 .text.SD_WideBus_Enable
                0x00000000080033a4       0x96 ./Drivers/STM32F4xx_HAL_Driver/Src/stm32f4xx_hal_sd.o
 .text.SD_WideBus_Disable
                0x000000000800343a       0x96 ./Drivers/STM32F4xx_HAL_Driver/Src/stm32f4xx_hal_sd.o
 .text.SD_FindSCR
                0x00000000080034d0      0x1a6 ./Drivers/STM32F4xx_HAL_Driver/Src/stm32f4xx_hal_sd.o
 .text.SD_Read_IT
                0x0000000008003676       0xa2 ./Drivers/STM32F4xx_HAL_Driver/Src/stm32f4xx_hal_sd.o
 .text.SD_Write_IT
                0x0000000008003718       0xaa ./Drivers/STM32F4xx_HAL_Driver/Src/stm32f4xx_hal_sd.o
 .text.SDIO_Init
                0x00000000080037c2       0x56 ./Drivers/STM32F4xx_HAL_Driver/Src/stm32f4xx_ll_sdmmc.o
                0x00000000080037c2                SDIO_Init
 .text.SDIO_ReadFIFO
                0x0000000008003818       0x1a ./Drivers/STM32F4xx_HAL_Driver/Src/stm32f4xx_ll_sdmmc.o
                0x0000000008003818                SDIO_ReadFIFO
 .text.SDIO_WriteFIFO
                0x0000000008003832       0x22 ./Drivers/STM32F4xx_HAL_Driver/Src/stm32f4xx_ll_sdmmc.o
                0x0000000008003832                SDIO_WriteFIFO
 .text.SDIO_PowerState_ON
                0x0000000008003854       0x1c ./Drivers/STM32F4xx_HAL_Driver/Src/stm32f4xx_ll_sdmmc.o
                0x0000000008003854                SDIO_PowerState_ON
 .text.SDIO_GetPowerState
                0x0000000008003870       0x1c ./Drivers/STM32F4xx_HAL_Driver/Src/stm32f4xx_ll_sdmmc.o
                0x0000000008003870                SDIO_GetPowerState
 .text.SDIO_SendCommand
                0x000000000800388c       0x54 ./Drivers/STM32F4xx_HAL_Driver/Src/stm32f4xx_ll_sdmmc.o
                0x000000000800388c                SDIO_SendCommand
 .text.SDIO_GetCommandResponse
                0x00000000080038e0       0x1a ./Drivers/STM32F4xx_HAL_Driver/Src/stm32f4xx_ll_sdmmc.o
                0x00000000080038e0                SDIO_GetCommandResponse
 .text.SDIO_GetResponse
                0x00000000080038fa       0x26 ./Drivers/STM32F4xx_HAL_Driver/Src/stm32f4xx_ll_sdmmc.o
                0x00000000080038fa                SDIO_GetResponse
 .text.SDIO_ConfigData
                0x0000000008003920       0x58 ./Drivers/STM32F4xx_HAL_Driver/Src/stm32f4xx_ll_sdmmc.o
                0x0000000008003920                SDIO_ConfigData
 .text.SDMMC_CmdBlockLength
                0x0000000008003978       0x44 ./Drivers/STM32F4xx_HAL_Driver/Src/stm32f4xx_ll_sdmmc.o
                0x0000000008003978                SDMMC_CmdBlockLength
 .text.SDMMC_CmdReadSingleBlock
                0x00000000080039bc       0x44 ./Drivers/STM32F4xx_HAL_Driver/Src/stm32f4xx_ll_sdmmc.o
                0x00000000080039bc                SDMMC_CmdReadSingleBlock
 .text.SDMMC_CmdReadMultiBlock
                0x0000000008003a00       0x44 ./Drivers/STM32F4xx_HAL_Driver/Src/stm32f4xx_ll_sdmmc.o
                0x0000000008003a00                SDMMC_CmdReadMultiBlock
 .text.SDMMC_CmdWriteSingleBlock
                0x0000000008003a44       0x44 ./Drivers/STM32F4xx_HAL_Driver/Src/stm32f4xx_ll_sdmmc.o
                0x0000000008003a44                SDMMC_CmdWriteSingleBlock
 .text.SDMMC_CmdWriteMultiBlock
                0x0000000008003a88       0x44 ./Drivers/STM32F4xx_HAL_Driver/Src/stm32f4xx_ll_sdmmc.o
                0x0000000008003a88                SDMMC_CmdWriteMultiBlock
 .text.SDMMC_CmdStopTransfer
                0x0000000008003acc       0x44 ./Drivers/STM32F4xx_HAL_Driver/Src/stm32f4xx_ll_sdmmc.o
                0x0000000008003acc                SDMMC_CmdStopTransfer
 .text.SDMMC_CmdSelDesel
                0x0000000008003b10       0x46 ./Drivers/STM32F4xx_HAL_Driver/Src/stm32f4xx_ll_sdmmc.o
                0x0000000008003b10                SDMMC_CmdSelDesel
 .text.SDMMC_CmdGoIdleState
                0x0000000008003b56       0x3c ./Drivers/STM32F4xx_HAL_Driver/Src/stm32f4xx_ll_sdmmc.o
                0x0000000008003b56                SDMMC_CmdGoIdleState
 .text.SDMMC_CmdOperCond
                0x0000000008003b92       0x3e ./Drivers/STM32F4xx_HAL_Driver/Src/stm32f4xx_ll_sdmmc.o
                0x0000000008003b92                SDMMC_CmdOperCond
 .text.SDMMC_CmdAppCommand
                0x0000000008003bd0       0x44 ./Drivers/STM32F4xx_HAL_Driver/Src/stm32f4xx_ll_sdmmc.o
                0x0000000008003bd0                SDMMC_CmdAppCommand
 .text.SDMMC_CmdAppOperCommand
                0x0000000008003c14       0x46 ./Drivers/STM32F4xx_HAL_Driver/Src/stm32f4xx_ll_sdmmc.o
                0x0000000008003c14                SDMMC_CmdAppOperCommand
 .text.SDMMC_CmdBusWidth
                0x0000000008003c5a       0x44 ./Drivers/STM32F4xx_HAL_Driver/Src/stm32f4xx_ll_sdmmc.o
                0x0000000008003c5a                SDMMC_CmdBusWidth
 .text.SDMMC_CmdSendSCR
                0x0000000008003c9e       0x42 ./Drivers/STM32F4xx_HAL_Driver/Src/stm32f4xx_ll_sdmmc.o
                0x0000000008003c9e                SDMMC_CmdSendSCR
 .text.SDMMC_CmdSendCID
                0x0000000008003ce0       0x3c ./Drivers/STM32F4xx_HAL_Driver/Src/stm32f4xx_ll_sdmmc.o
                0x0000000008003ce0                SDMMC_CmdSendCID
 .text.SDMMC_CmdSendCSD
                0x0000000008003d1c       0x3e ./Drivers/STM32F4xx_HAL_Driver/Src/stm32f4xx_ll_sdmmc.o
                0x0000000008003d1c                SDMMC_CmdSendCSD
 .text.SDMMC_CmdSetRelAdd
                0x0000000008003d5a       0x42 ./Drivers/STM32F4xx_HAL_Driver/Src/stm32f4xx_ll_sdmmc.o
                0x0000000008003d5a                SDMMC_CmdSetRelAdd
 .text.SDMMC_CmdSendStatus
                0x0000000008003d9c       0x44 ./Drivers/STM32F4xx_HAL_Driver/Src/stm32f4xx_ll_sdmmc.o
                0x0000000008003d9c                SDMMC_CmdSendStatus
 .text.SDMMC_GetCmdResp1
                0x0000000008003de0      0x1dc ./Drivers/STM32F4xx_HAL_Driver/Src/stm32f4xx_ll_sdmmc.o
                0x0000000008003de0                SDMMC_GetCmdResp1
 .text.SDMMC_GetCmdResp2
                0x0000000008003fbc       0x90 ./Drivers/STM32F4xx_HAL_Driver/Src/stm32f4xx_ll_sdmmc.o
                0x0000000008003fbc                SDMMC_GetCmdResp2
 .text.SDMMC_GetCmdResp3
                0x000000000800404c       0x7c ./Drivers/STM32F4xx_HAL_Driver/Src/stm32f4xx_ll_sdmmc.o
                0x000000000800404c                SDMMC_GetCmdResp3
 .text.SDMMC_GetCmdResp6
                0x00000000080040c8       0xec ./Drivers/STM32F4xx_HAL_Driver/Src/stm32f4xx_ll_sdmmc.o
                0x00000000080040c8                SDMMC_GetCmdResp6
 .text.SDMMC_GetCmdResp7
                0x00000000080041b4       0x9c ./Drivers/STM32F4xx_HAL_Driver/Src/stm32f4xx_ll_sdmmc.o
                0x00000000080041b4                SDMMC_GetCmdResp7
 .text.SDMMC_GetCmdError
                0x0000000008004250       0x58 ./Drivers/STM32F4xx_HAL_Driver/Src/stm32f4xx_ll_sdmmc.o
 .text.MX_FATFS_Init
                0x00000000080042a8       0x24 ./FATFS/App/fatfs.o
                0x00000000080042a8                MX_FATFS_Init
 .text.get_fattime
                0x00000000080042cc       0x10 ./FATFS/App/fatfs.o
                0x00000000080042cc                get_fattime
 .text.BSP_SD_Init
                0x00000000080042dc       0x4c ./FATFS/Target/bsp_driver_sd.o
                0x00000000080042dc                BSP_SD_Init
 .text.BSP_SD_ReadBlocks_DMA
                0x0000000008004328       0x34 ./FATFS/Target/bsp_driver_sd.o
                0x0000000008004328                BSP_SD_ReadBlocks_DMA
 .text.BSP_SD_WriteBlocks_DMA
                0x000000000800435c       0x34 ./FATFS/Target/bsp_driver_sd.o
                0x000000000800435c                BSP_SD_WriteBlocks_DMA
 .text.BSP_SD_GetCardState
                0x0000000008004390       0x20 ./FATFS/Target/bsp_driver_sd.o
                0x0000000008004390                BSP_SD_GetCardState
 .text.BSP_SD_GetCardInfo
                0x00000000080043b0       0x1c ./FATFS/Target/bsp_driver_sd.o
                0x00000000080043b0                BSP_SD_GetCardInfo
 .text.HAL_SD_AbortCallback
                0x00000000080043cc       0x14 ./FATFS/Target/bsp_driver_sd.o
                0x00000000080043cc                HAL_SD_AbortCallback
 .text.HAL_SD_TxCpltCallback
                0x00000000080043e0       0x14 ./FATFS/Target/bsp_driver_sd.o
                0x00000000080043e0                HAL_SD_TxCpltCallback
 .text.HAL_SD_RxCpltCallback
                0x00000000080043f4       0x14 ./FATFS/Target/bsp_driver_sd.o
                0x00000000080043f4                HAL_SD_RxCpltCallback
 .text.BSP_SD_AbortCallback
                0x0000000008004408        0xe ./FATFS/Target/bsp_driver_sd.o
                0x0000000008004408                BSP_SD_AbortCallback
 .text.BSP_SD_IsDetected
                0x0000000008004416       0x1a ./FATFS/Target/bsp_driver_sd.o
                0x0000000008004416                BSP_SD_IsDetected
 .text.SD_CheckStatusWithTimeout
                0x0000000008004430       0x3a ./FATFS/Target/sd_diskio.o
 *fill*         0x000000000800446a        0x2 
 .text.SD_CheckStatus
                0x000000000800446c       0x3c ./FATFS/Target/sd_diskio.o
 .text.SD_initialize
                0x00000000080044a8       0x38 ./FATFS/Target/sd_diskio.o
                0x00000000080044a8                SD_initialize
 .text.SD_status
                0x00000000080044e0       0x1c ./FATFS/Target/sd_diskio.o
                0x00000000080044e0                SD_status
 .text.SD_read  0x00000000080044fc       0xac ./FATFS/Target/sd_diskio.o
                0x00000000080044fc                SD_read
 .text.SD_write
                0x00000000080045a8       0xac ./FATFS/Target/sd_diskio.o
                0x00000000080045a8                SD_write
 .text.SD_ioctl
                0x0000000008004654       0xb0 ./FATFS/Target/sd_diskio.o
                0x0000000008004654                SD_ioctl
 .text.BSP_SD_WriteCpltCallback
                0x0000000008004704       0x18 ./FATFS/Target/sd_diskio.o
                0x0000000008004704                BSP_SD_WriteCpltCallback
 .text.BSP_SD_ReadCpltCallback
                0x000000000800471c       0x18 ./FATFS/Target/sd_diskio.o
                0x000000000800471c                BSP_SD_ReadCpltCallback
 .text.disk_status
                0x0000000008004734       0x34 ./Middlewares/Third_Party/FatFs/src/diskio.o
                0x0000000008004734                disk_status
 .text.disk_initialize
                0x0000000008004768       0x4c ./Middlewares/Third_Party/FatFs/src/diskio.o
                0x0000000008004768                disk_initialize
 .text.disk_read
                0x00000000080047b4       0x40 ./Middlewares/Third_Party/FatFs/src/diskio.o
                0x00000000080047b4                disk_read
 .text.disk_write
                0x00000000080047f4       0x40 ./Middlewares/Third_Party/FatFs/src/diskio.o
                0x00000000080047f4                disk_write
 .text.disk_ioctl
                0x0000000008004834       0x3c ./Middlewares/Third_Party/FatFs/src/diskio.o
                0x0000000008004834                disk_ioctl
 .text.ld_word  0x0000000008004870       0x30 ./Middlewares/Third_Party/FatFs/src/ff.o
 .text.ld_dword
                0x00000000080048a0       0x46 ./Middlewares/Third_Party/FatFs/src/ff.o
 .text.st_word  0x00000000080048e6       0x36 ./Middlewares/Third_Party/FatFs/src/ff.o
 .text.st_dword
                0x000000000800491c       0x58 ./Middlewares/Third_Party/FatFs/src/ff.o
 .text.mem_cpy  0x0000000008004974       0x42 ./Middlewares/Third_Party/FatFs/src/ff.o
 .text.mem_set  0x00000000080049b6       0x36 ./Middlewares/Third_Party/FatFs/src/ff.o
 .text.mem_cmp  0x00000000080049ec       0x4e ./Middlewares/Third_Party/FatFs/src/ff.o
 .text.chk_chr  0x0000000008004a3a       0x36 ./Middlewares/Third_Party/FatFs/src/ff.o
 .text.chk_lock
                0x0000000008004a70       0xb8 ./Middlewares/Third_Party/FatFs/src/ff.o
 .text.enq_lock
                0x0000000008004b28       0x44 ./Middlewares/Third_Party/FatFs/src/ff.o
 .text.inc_lock
                0x0000000008004b6c      0x11c ./Middlewares/Third_Party/FatFs/src/ff.o
 .text.dec_lock
                0x0000000008004c88       0x78 ./Middlewares/Third_Party/FatFs/src/ff.o
 .text.clear_lock
                0x0000000008004d00       0x48 ./Middlewares/Third_Party/FatFs/src/ff.o
 .text.sync_window
                0x0000000008004d48       0x88 ./Middlewares/Third_Party/FatFs/src/ff.o
 .text.move_window
                0x0000000008004dd0       0x5a ./Middlewares/Third_Party/FatFs/src/ff.o
 *fill*         0x0000000008004e2a        0x2 
 .text.sync_fs  0x0000000008004e2c       0xdc ./Middlewares/Third_Party/FatFs/src/ff.o
 .text.clust2sect
                0x0000000008004f08       0x3e ./Middlewares/Third_Party/FatFs/src/ff.o
 .text.get_fat  0x0000000008004f46      0x150 ./Middlewares/Third_Party/FatFs/src/ff.o
 .text.put_fat  0x0000000008005096      0x1d8 ./Middlewares/Third_Party/FatFs/src/ff.o
 .text.remove_chain
                0x000000000800526e       0xca ./Middlewares/Third_Party/FatFs/src/ff.o
 .text.create_chain
                0x0000000008005338      0x130 ./Middlewares/Third_Party/FatFs/src/ff.o
 .text.clmt_clust
                0x0000000008005468       0x68 ./Middlewares/Third_Party/FatFs/src/ff.o
 .text.dir_sdi  0x00000000080054d0       0xf6 ./Middlewares/Third_Party/FatFs/src/ff.o
 .text.dir_next
                0x00000000080055c6      0x18a ./Middlewares/Third_Party/FatFs/src/ff.o
 .text.dir_alloc
                0x0000000008005750       0x8e ./Middlewares/Third_Party/FatFs/src/ff.o
 .text.ld_clust
                0x00000000080057de       0x3e ./Middlewares/Third_Party/FatFs/src/ff.o
 .text.st_clust
                0x000000000800581c       0x40 ./Middlewares/Third_Party/FatFs/src/ff.o
 .text.dir_find
                0x000000000800585c       0xaa ./Middlewares/Third_Party/FatFs/src/ff.o
 .text.dir_register
                0x0000000008005906       0x64 ./Middlewares/Third_Party/FatFs/src/ff.o
 *fill*         0x000000000800596a        0x2 
 .text.create_name
                0x000000000800596c      0x128 ./Middlewares/Third_Party/FatFs/src/ff.o
 .text.follow_path
                0x0000000008005a94       0xe2 ./Middlewares/Third_Party/FatFs/src/ff.o
 .text.get_ldnumber
                0x0000000008005b76       0x88 ./Middlewares/Third_Party/FatFs/src/ff.o
 *fill*         0x0000000008005bfe        0x2 
 .text.check_fs
                0x0000000008005c00       0xac ./Middlewares/Third_Party/FatFs/src/ff.o
 .text.find_volume
                0x0000000008005cac      0x498 ./Middlewares/Third_Party/FatFs/src/ff.o
 .text.validate
                0x0000000008006144       0x6a ./Middlewares/Third_Party/FatFs/src/ff.o
 *fill*         0x00000000080061ae        0x2 
 .text.f_mount  0x00000000080061b0       0x8c ./Middlewares/Third_Party/FatFs/src/ff.o
                0x00000000080061b0                f_mount
 .text.f_open   0x000000000800623c      0x37c ./Middlewares/Third_Party/FatFs/src/ff.o
                0x000000000800623c                f_open
 .text.f_read   0x00000000080065b8      0x27e ./Middlewares/Third_Party/FatFs/src/ff.o
                0x00000000080065b8                f_read
 .text.f_sync   0x0000000008006836       0xfc ./Middlewares/Third_Party/FatFs/src/ff.o
                0x0000000008006836                f_sync
 .text.f_close  0x0000000008006932       0x54 ./Middlewares/Third_Party/FatFs/src/ff.o
                0x0000000008006932                f_close
 *fill*         0x0000000008006986        0x2 
 .text.FATFS_LinkDriverEx
                0x0000000008006988       0x98 ./Middlewares/Third_Party/FatFs/src/ff_gen_drv.o
                0x0000000008006988                FATFS_LinkDriverEx
 .text.FATFS_LinkDriver
                0x0000000008006a20       0x1e ./Middlewares/Third_Party/FatFs/src/ff_gen_drv.o
                0x0000000008006a20                FATFS_LinkDriver
 .text.atoi     0x0000000008006a3e        0x8 c:/st/stm32cubeide_1.10.1/stm32cubeide/plugins/com.st.stm32cube.ide.mcu.externaltools.gnu-tools-for-stm32.10.3-2021.10.win32_1.0.0.202111181127/tools/bin/../lib/gcc/arm-none-eabi/10.3.1/../../../../arm-none-eabi/lib/thumb/v7e-m+fp/hard\libc_nano.a(lib_a-atoi.o)
                0x0000000008006a3e                atoi
 *fill*         0x0000000008006a46        0x2 
 .text.__errno  0x0000000008006a48        0xc c:/st/stm32cubeide_1.10.1/stm32cubeide/plugins/com.st.stm32cube.ide.mcu.externaltools.gnu-tools-for-stm32.10.3-2021.10.win32_1.0.0.202111181127/tools/bin/../lib/gcc/arm-none-eabi/10.3.1/../../../../arm-none-eabi/lib/thumb/v7e-m+fp/hard\libc_nano.a(lib_a-errno.o)
                0x0000000008006a48                __errno
 .text.__libc_init_array
                0x0000000008006a54       0x48 c:/st/stm32cubeide_1.10.1/stm32cubeide/plugins/com.st.stm32cube.ide.mcu.externaltools.gnu-tools-for-stm32.10.3-2021.10.win32_1.0.0.202111181127/tools/bin/../lib/gcc/arm-none-eabi/10.3.1/../../../../arm-none-eabi/lib/thumb/v7e-m+fp/hard\libc_nano.a(lib_a-init.o)
                0x0000000008006a54                __libc_init_array
 .text.memset   0x0000000008006a9c       0x10 c:/st/stm32cubeide_1.10.1/stm32cubeide/plugins/com.st.stm32cube.ide.mcu.externaltools.gnu-tools-for-stm32.10.3-2021.10.win32_1.0.0.202111181127/tools/bin/../lib/gcc/arm-none-eabi/10.3.1/../../../../arm-none-eabi/lib/thumb/v7e-m+fp/hard\libc_nano.a(lib_a-memset.o)
                0x0000000008006a9c                memset
 .text._strtol_l.constprop.0
                0x0000000008006aac      0x104 c:/st/stm32cubeide_1.10.1/stm32cubeide/plugins/com.st.stm32cube.ide.mcu.externaltools.gnu-tools-for-stm32.10.3-2021.10.win32_1.0.0.202111181127/tools/bin/../lib/gcc/arm-none-eabi/10.3.1/../../../../arm-none-eabi/lib/thumb/v7e-m+fp/hard\libc_nano.a(lib_a-strtol.o)
 .text.strtol   0x0000000008006bb0       0x14 c:/st/stm32cubeide_1.10.1/stm32cubeide/plugins/com.st.stm32cube.ide.mcu.externaltools.gnu-tools-for-stm32.10.3-2021.10.win32_1.0.0.202111181127/tools/bin/../lib/gcc/arm-none-eabi/10.3.1/../../../../arm-none-eabi/lib/thumb/v7e-m+fp/hard\libc_nano.a(lib_a-strtol.o)
                0x0000000008006bb0                strtol
 *(.glue_7)
 .glue_7        0x0000000008006bc4        0x0 linker stubs
 *(.glue_7t)
 .glue_7t       0x0000000008006bc4        0x0 linker stubs
 *(.eh_frame)
 .eh_frame      0x0000000008006bc4        0x0 c:/st/stm32cubeide_1.10.1/stm32cubeide/plugins/com.st.stm32cube.ide.mcu.externaltools.gnu-tools-for-stm32.10.3-2021.10.win32_1.0.0.202111181127/tools/bin/../lib/gcc/arm-none-eabi/10.3.1/thumb/v7e-m+fp/hard/crtbegin.o
 *(.init)
 .init          0x0000000008006bc4        0x4 c:/st/stm32cubeide_1.10.1/stm32cubeide/plugins/com.st.stm32cube.ide.mcu.externaltools.gnu-tools-for-stm32.10.3-2021.10.win32_1.0.0.202111181127/tools/bin/../lib/gcc/arm-none-eabi/10.3.1/thumb/v7e-m+fp/hard/crti.o
                0x0000000008006bc4                _init
 .init          0x0000000008006bc8        0x8 c:/st/stm32cubeide_1.10.1/stm32cubeide/plugins/com.st.stm32cube.ide.mcu.externaltools.gnu-tools-for-stm32.10.3-2021.10.win32_1.0.0.202111181127/tools/bin/../lib/gcc/arm-none-eabi/10.3.1/thumb/v7e-m+fp/hard/crtn.o
 *(.fini)
 .fini          0x0000000008006bd0        0x4 c:/st/stm32cubeide_1.10.1/stm32cubeide/plugins/com.st.stm32cube.ide.mcu.externaltools.gnu-tools-for-stm32.10.3-2021.10.win32_1.0.0.202111181127/tools/bin/../lib/gcc/arm-none-eabi/10.3.1/thumb/v7e-m+fp/hard/crti.o
                0x0000000008006bd0                _fini
 .fini          0x0000000008006bd4        0x8 c:/st/stm32cubeide_1.10.1/stm32cubeide/plugins/com.st.stm32cube.ide.mcu.externaltools.gnu-tools-for-stm32.10.3-2021.10.win32_1.0.0.202111181127/tools/bin/../lib/gcc/arm-none-eabi/10.3.1/thumb/v7e-m+fp/hard/crtn.o
                0x0000000008006bdc                . = ALIGN (0x4)
                0x0000000008006bdc                _etext = .

.vfp11_veneer   0x0000000008006bdc        0x0
 .vfp11_veneer  0x0000000008006bdc        0x0 linker stubs

.v4_bx          0x0000000008006bdc        0x0
 .v4_bx         0x0000000008006bdc        0x0 linker stubs

.iplt           0x0000000008006bdc        0x0
 .iplt          0x0000000008006bdc        0x0 c:/st/stm32cubeide_1.10.1/stm32cubeide/plugins/com.st.stm32cube.ide.mcu.externaltools.gnu-tools-for-stm32.10.3-2021.10.win32_1.0.0.202111181127/tools/bin/../lib/gcc/arm-none-eabi/10.3.1/thumb/v7e-m+fp/hard/crtbegin.o

.rodata         0x0000000008006bdc      0x200
                0x0000000008006bdc                . = ALIGN (0x4)
 *(.rodata)
 .rodata        0x0000000008006bdc        0x9 ./Core/Src/main.o
 *fill*         0x0000000008006be5        0x3 
 .rodata        0x0000000008006be8       0x44 ./Middlewares/Third_Party/FatFs/src/ff.o
 *(.rodata*)
 .rodata.AHBPrescTable
                0x0000000008006c2c       0x10 ./Core/Src/system_stm32f4xx.o
                0x0000000008006c2c                AHBPrescTable
 .rodata.flagBitshiftOffset.0
                0x0000000008006c3c        0x8 ./Drivers/STM32F4xx_HAL_Driver/Src/stm32f4xx_hal_dma.o
 .rodata.SD_Driver
                0x0000000008006c44       0x14 ./FATFS/Target/sd_diskio.o
                0x0000000008006c44                SD_Driver
 .rodata.ExCvt  0x0000000008006c58       0x80 ./Middlewares/Third_Party/FatFs/src/ff.o
 .rodata._ctype_
                0x0000000008006cd8      0x101 c:/st/stm32cubeide_1.10.1/stm32cubeide/plugins/com.st.stm32cube.ide.mcu.externaltools.gnu-tools-for-stm32.10.3-2021.10.win32_1.0.0.202111181127/tools/bin/../lib/gcc/arm-none-eabi/10.3.1/../../../../arm-none-eabi/lib/thumb/v7e-m+fp/hard\libc_nano.a(lib_a-ctype_.o)
                0x0000000008006cd8                _ctype_
                0x0000000008006ddc                . = ALIGN (0x4)
 *fill*         0x0000000008006dd9        0x3 

.ARM.extab      0x0000000008006ddc        0x0
                0x0000000008006ddc                . = ALIGN (0x4)
 *(.ARM.extab* .gnu.linkonce.armextab.*)
                0x0000000008006ddc                . = ALIGN (0x4)

.ARM            0x0000000008006ddc        0x8
                0x0000000008006ddc                . = ALIGN (0x4)
                0x0000000008006ddc                __exidx_start = .
 *(.ARM.exidx*)
 .ARM.exidx     0x0000000008006ddc        0x8 c:/st/stm32cubeide_1.10.1/stm32cubeide/plugins/com.st.stm32cube.ide.mcu.externaltools.gnu-tools-for-stm32.10.3-2021.10.win32_1.0.0.202111181127/tools/bin/../lib/gcc/arm-none-eabi/10.3.1/thumb/v7e-m+fp/hard\libgcc.a(_udivmoddi4.o)
                0x0000000008006de4                __exidx_end = .
                0x0000000008006de4                . = ALIGN (0x4)

.rel.dyn        0x0000000008006de4        0x0
 .rel.iplt      0x0000000008006de4        0x0 c:/st/stm32cubeide_1.10.1/stm32cubeide/plugins/com.st.stm32cube.ide.mcu.externaltools.gnu-tools-for-stm32.10.3-2021.10.win32_1.0.0.202111181127/tools/bin/../lib/gcc/arm-none-eabi/10.3.1/thumb/v7e-m+fp/hard/crtbegin.o

.preinit_array  0x0000000008006de4        0x0
                0x0000000008006de4                . = ALIGN (0x4)
                0x0000000008006de4                PROVIDE (__preinit_array_start = .)
 *(.preinit_array*)
                0x0000000008006de4                PROVIDE (__preinit_array_end = .)
                0x0000000008006de4                . = ALIGN (0x4)

.init_array     0x0000000008006de4        0x4
                0x0000000008006de4                . = ALIGN (0x4)
                0x0000000008006de4                PROVIDE (__init_array_start = .)
 *(SORT_BY_NAME(.init_array.*))
 *(.init_array*)
 .init_array    0x0000000008006de4        0x4 c:/st/stm32cubeide_1.10.1/stm32cubeide/plugins/com.st.stm32cube.ide.mcu.externaltools.gnu-tools-for-stm32.10.3-2021.10.win32_1.0.0.202111181127/tools/bin/../lib/gcc/arm-none-eabi/10.3.1/thumb/v7e-m+fp/hard/crtbegin.o
                0x0000000008006de8                PROVIDE (__init_array_end = .)
                0x0000000008006de8                . = ALIGN (0x4)

.fini_array     0x0000000008006de8        0x4
                0x0000000008006de8                . = ALIGN (0x4)
                [!provide]                        PROVIDE (__fini_array_start = .)
 *(SORT_BY_NAME(.fini_array.*))
 *(.fini_array*)
 .fini_array    0x0000000008006de8        0x4 c:/st/stm32cubeide_1.10.1/stm32cubeide/plugins/com.st.stm32cube.ide.mcu.externaltools.gnu-tools-for-stm32.10.3-2021.10.win32_1.0.0.202111181127/tools/bin/../lib/gcc/arm-none-eabi/10.3.1/thumb/v7e-m+fp/hard/crtbegin.o
                [!provide]                        PROVIDE (__fini_array_end = .)
                0x0000000008006dec                . = ALIGN (0x4)
                0x0000000008006dec                _sidata = LOADADDR (.data)

.data           0x0000000020000000       0x70 load address 0x0000000008006dec
                0x0000000020000000                . = ALIGN (0x4)
                0x0000000020000000                _sdata = .
 *(.data)
 *(.data*)
 .data.SystemCoreClock
                0x0000000020000000        0x4 ./Core/Src/system_stm32f4xx.o
                0x0000000020000000                SystemCoreClock
 .data.uwTickPrio
                0x0000000020000004        0x4 ./Drivers/STM32F4xx_HAL_Driver/Src/stm32f4xx_hal.o
                0x0000000020000004                uwTickPrio
 .data.uwTickFreq
                0x0000000020000008        0x1 ./Drivers/STM32F4xx_HAL_Driver/Src/stm32f4xx_hal.o
                0x0000000020000008                uwTickFreq
 .data.Stat     0x0000000020000009        0x1 ./FATFS/Target/sd_diskio.o
 *fill*         0x000000002000000a        0x2 
 .data._impure_ptr
                0x000000002000000c        0x4 c:/st/stm32cubeide_1.10.1/stm32cubeide/plugins/com.st.stm32cube.ide.mcu.externaltools.gnu-tools-for-stm32.10.3-2021.10.win32_1.0.0.202111181127/tools/bin/../lib/gcc/arm-none-eabi/10.3.1/../../../../arm-none-eabi/lib/thumb/v7e-m+fp/hard\libc_nano.a(lib_a-impure.o)
                0x000000002000000c                _impure_ptr
 .data.impure_data
                0x0000000020000010       0x60 c:/st/stm32cubeide_1.10.1/stm32cubeide/plugins/com.st.stm32cube.ide.mcu.externaltools.gnu-tools-for-stm32.10.3-2021.10.win32_1.0.0.202111181127/tools/bin/../lib/gcc/arm-none-eabi/10.3.1/../../../../arm-none-eabi/lib/thumb/v7e-m+fp/hard\libc_nano.a(lib_a-impure.o)
 *(.RamFunc)
 *(.RamFunc*)
                0x0000000020000070                . = ALIGN (0x4)
                0x0000000020000070                _edata = .
                0x0000000008006e5c                _siccmram = LOADADDR (.ccmram)

.igot.plt       0x0000000020000070        0x0 load address 0x0000000008006e5c
 .igot.plt      0x0000000020000070        0x0 c:/st/stm32cubeide_1.10.1/stm32cubeide/plugins/com.st.stm32cube.ide.mcu.externaltools.gnu-tools-for-stm32.10.3-2021.10.win32_1.0.0.202111181127/tools/bin/../lib/gcc/arm-none-eabi/10.3.1/thumb/v7e-m+fp/hard/crtbegin.o

.ccmram         0x0000000010000000        0x0 load address 0x0000000008006e5c
                0x0000000010000000                . = ALIGN (0x4)
                0x0000000010000000                _sccmram = .
 *(.ccmram)
 *(.ccmram*)
                0x0000000010000000                . = ALIGN (0x4)
                0x0000000010000000                _eccmram = .
                0x0000000010000000                . = ALIGN (0x4)

.bss            0x0000000020000070      0x1d0
                0x0000000020000070                _sbss = .
                0x0000000020000070                __bss_start__ = _sbss
 *(.bss)
 .bss           0x0000000020000070       0x1c c:/st/stm32cubeide_1.10.1/stm32cubeide/plugins/com.st.stm32cube.ide.mcu.externaltools.gnu-tools-for-stm32.10.3-2021.10.win32_1.0.0.202111181127/tools/bin/../lib/gcc/arm-none-eabi/10.3.1/thumb/v7e-m+fp/hard/crtbegin.o
 *(.bss*)
 .bss.hsd       0x000000002000008c       0x84 ./Core/Src/main.o
                0x000000002000008c                hsd
 .bss.hdma_sdio_rx
                0x0000000020000110       0x60 ./Core/Src/main.o
                0x0000000020000110                hdma_sdio_rx
 .bss.hdma_sdio_tx
                0x0000000020000170       0x60 ./Core/Src/main.o
                0x0000000020000170                hdma_sdio_tx
 .bss.rxDados   0x00000000200001d0       0x1e ./Core/Src/main.o
                0x00000000200001d0                rxDados
 *fill*         0x00000000200001ee        0x2 
 .bss.buffer1   0x00000000200001f0        0x4 ./Core/Src/main.o
                0x00000000200001f0                buffer1
 .bss.adc1      0x00000000200001f4        0x2 ./Core/Src/main.o
                0x00000000200001f4                adc1
 *fill*         0x00000000200001f6        0x2 
 .bss.uwTick    0x00000000200001f8        0x4 ./Drivers/STM32F4xx_HAL_Driver/Src/stm32f4xx_hal.o
                0x00000000200001f8                uwTick
 .bss.retSD     0x00000000200001fc        0x1 ./FATFS/App/fatfs.o
                0x00000000200001fc                retSD
 *fill*         0x00000000200001fd        0x3 
 .bss.SDPath    0x0000000020000200        0x4 ./FATFS/App/fatfs.o
                0x0000000020000200                SDPath
 .bss.WriteStatus
                0x0000000020000204        0x4 ./FATFS/Target/sd_diskio.o
 .bss.ReadStatus
                0x0000000020000208        0x4 ./FATFS/Target/sd_diskio.o
 .bss.FatFs     0x000000002000020c        0x4 ./Middlewares/Third_Party/FatFs/src/ff.o
 .bss.Fsid      0x0000000020000210        0x2 ./Middlewares/Third_Party/FatFs/src/ff.o
 *fill*         0x0000000020000212        0x2 
 .bss.Files     0x0000000020000214       0x20 ./Middlewares/Third_Party/FatFs/src/ff.o
 .bss.disk      0x0000000020000234        0xc ./Middlewares/Third_Party/FatFs/src/ff_gen_drv.o
                0x0000000020000234                disk
 *(COMMON)
                0x0000000020000240                . = ALIGN (0x4)
                0x0000000020000240                _ebss = .
                0x0000000020000240                __bss_end__ = _ebss

._user_heap_stack
                0x0000000020000240     0x6000
                0x0000000020000240                . = ALIGN (0x8)
                [!provide]                        PROVIDE (end = .)
                0x0000000020000240                PROVIDE (_end = .)
                0x0000000020002240                . = (. + _Min_Heap_Size)
 *fill*         0x0000000020000240     0x2000 
                0x0000000020006240                . = (. + _Min_Stack_Size)
 *fill*         0x0000000020002240     0x4000 
                0x0000000020006240                . = ALIGN (0x8)

/DISCARD/
 libc.a(*)
 libm.a(*)
 libgcc.a(*)

.ARM.attributes
                0x0000000000000000       0x30
 *(.ARM.attributes)
 .ARM.attributes
                0x0000000000000000       0x1e c:/st/stm32cubeide_1.10.1/stm32cubeide/plugins/com.st.stm32cube.ide.mcu.externaltools.gnu-tools-for-stm32.10.3-2021.10.win32_1.0.0.202111181127/tools/bin/../lib/gcc/arm-none-eabi/10.3.1/thumb/v7e-m+fp/hard/crti.o
 .ARM.attributes
                0x000000000000001e       0x34 c:/st/stm32cubeide_1.10.1/stm32cubeide/plugins/com.st.stm32cube.ide.mcu.externaltools.gnu-tools-for-stm32.10.3-2021.10.win32_1.0.0.202111181127/tools/bin/../lib/gcc/arm-none-eabi/10.3.1/thumb/v7e-m+fp/hard/crtbegin.o
 .ARM.attributes
                0x0000000000000052       0x34 ./Core/Src/main.o
 .ARM.attributes
                0x0000000000000086       0x34 ./Core/Src/stm32f4xx_hal_msp.o
 .ARM.attributes
                0x00000000000000ba       0x34 ./Core/Src/stm32f4xx_it.o
 .ARM.attributes
                0x00000000000000ee       0x34 ./Core/Src/system_stm32f4xx.o
 .ARM.attributes
                0x0000000000000122       0x21 ./Core/Startup/startup_stm32f407vetx.o
 .ARM.attributes
                0x0000000000000143       0x34 ./Drivers/STM32F4xx_HAL_Driver/Src/stm32f4xx_hal.o
 .ARM.attributes
                0x0000000000000177       0x34 ./Drivers/STM32F4xx_HAL_Driver/Src/stm32f4xx_hal_cortex.o
 .ARM.attributes
                0x00000000000001ab       0x34 ./Drivers/STM32F4xx_HAL_Driver/Src/stm32f4xx_hal_dma.o
 .ARM.attributes
                0x00000000000001df       0x34 ./Drivers/STM32F4xx_HAL_Driver/Src/stm32f4xx_hal_gpio.o
 .ARM.attributes
                0x0000000000000213       0x34 ./Drivers/STM32F4xx_HAL_Driver/Src/stm32f4xx_hal_rcc.o
 .ARM.attributes
                0x0000000000000247       0x34 ./Drivers/STM32F4xx_HAL_Driver/Src/stm32f4xx_hal_sd.o
 .ARM.attributes
                0x000000000000027b       0x34 ./Drivers/STM32F4xx_HAL_Driver/Src/stm32f4xx_ll_sdmmc.o
 .ARM.attributes
                0x00000000000002af       0x34 ./FATFS/App/fatfs.o
 .ARM.attributes
                0x00000000000002e3       0x34 ./FATFS/Target/bsp_driver_sd.o
 .ARM.attributes
                0x0000000000000317       0x34 ./FATFS/Target/sd_diskio.o
 .ARM.attributes
                0x000000000000034b       0x34 ./Middlewares/Third_Party/FatFs/src/diskio.o
 .ARM.attributes
                0x000000000000037f       0x34 ./Middlewares/Third_Party/FatFs/src/ff.o
 .ARM.attributes
                0x00000000000003b3       0x34 ./Middlewares/Third_Party/FatFs/src/ff_gen_drv.o
 .ARM.attributes
                0x00000000000003e7       0x34 c:/st/stm32cubeide_1.10.1/stm32cubeide/plugins/com.st.stm32cube.ide.mcu.externaltools.gnu-tools-for-stm32.10.3-2021.10.win32_1.0.0.202111181127/tools/bin/../lib/gcc/arm-none-eabi/10.3.1/../../../../arm-none-eabi/lib/thumb/v7e-m+fp/hard\libc_nano.a(lib_a-atoi.o)
 .ARM.attributes
                0x000000000000041b       0x34 c:/st/stm32cubeide_1.10.1/stm32cubeide/plugins/com.st.stm32cube.ide.mcu.externaltools.gnu-tools-for-stm32.10.3-2021.10.win32_1.0.0.202111181127/tools/bin/../lib/gcc/arm-none-eabi/10.3.1/../../../../arm-none-eabi/lib/thumb/v7e-m+fp/hard\libc_nano.a(lib_a-errno.o)
 .ARM.attributes
                0x000000000000044f       0x34 c:/st/stm32cubeide_1.10.1/stm32cubeide/plugins/com.st.stm32cube.ide.mcu.externaltools.gnu-tools-for-stm32.10.3-2021.10.win32_1.0.0.202111181127/tools/bin/../lib/gcc/arm-none-eabi/10.3.1/../../../../arm-none-eabi/lib/thumb/v7e-m+fp/hard\libc_nano.a(lib_a-impure.o)
 .ARM.attributes
                0x0000000000000483       0x34 c:/st/stm32cubeide_1.10.1/stm32cubeide/plugins/com.st.stm32cube.ide.mcu.externaltools.gnu-tools-for-stm32.10.3-2021.10.win32_1.0.0.202111181127/tools/bin/../lib/gcc/arm-none-eabi/10.3.1/../../../../arm-none-eabi/lib/thumb/v7e-m+fp/hard\libc_nano.a(lib_a-init.o)
 .ARM.attributes
                0x00000000000004b7       0x34 c:/st/stm32cubeide_1.10.1/stm32cubeide/plugins/com.st.stm32cube.ide.mcu.externaltools.gnu-tools-for-stm32.10.3-2021.10.win32_1.0.0.202111181127/tools/bin/../lib/gcc/arm-none-eabi/10.3.1/../../../../arm-none-eabi/lib/thumb/v7e-m+fp/hard\libc_nano.a(lib_a-memset.o)
 .ARM.attributes
                0x00000000000004eb       0x34 c:/st/stm32cubeide_1.10.1/stm32cubeide/plugins/com.st.stm32cube.ide.mcu.externaltools.gnu-tools-for-stm32.10.3-2021.10.win32_1.0.0.202111181127/tools/bin/../lib/gcc/arm-none-eabi/10.3.1/../../../../arm-none-eabi/lib/thumb/v7e-m+fp/hard\libc_nano.a(lib_a-strtol.o)
 .ARM.attributes
                0x000000000000051f       0x34 c:/st/stm32cubeide_1.10.1/stm32cubeide/plugins/com.st.stm32cube.ide.mcu.externaltools.gnu-tools-for-stm32.10.3-2021.10.win32_1.0.0.202111181127/tools/bin/../lib/gcc/arm-none-eabi/10.3.1/../../../../arm-none-eabi/lib/thumb/v7e-m+fp/hard\libc_nano.a(lib_a-ctype_.o)
 .ARM.attributes
                0x0000000000000553       0x1e c:/st/stm32cubeide_1.10.1/stm32cubeide/plugins/com.st.stm32cube.ide.mcu.externaltools.gnu-tools-for-stm32.10.3-2021.10.win32_1.0.0.202111181127/tools/bin/../lib/gcc/arm-none-eabi/10.3.1/thumb/v7e-m+fp/hard\libgcc.a(_aeabi_uldivmod.o)
 .ARM.attributes
                0x0000000000000571       0x34 c:/st/stm32cubeide_1.10.1/stm32cubeide/plugins/com.st.stm32cube.ide.mcu.externaltools.gnu-tools-for-stm32.10.3-2021.10.win32_1.0.0.202111181127/tools/bin/../lib/gcc/arm-none-eabi/10.3.1/thumb/v7e-m+fp/hard\libgcc.a(_udivmoddi4.o)
 .ARM.attributes
                0x00000000000005a5       0x1e c:/st/stm32cubeide_1.10.1/stm32cubeide/plugins/com.st.stm32cube.ide.mcu.externaltools.gnu-tools-for-stm32.10.3-2021.10.win32_1.0.0.202111181127/tools/bin/../lib/gcc/arm-none-eabi/10.3.1/thumb/v7e-m+fp/hard\libgcc.a(_dvmd_tls.o)
 .ARM.attributes
                0x00000000000005c3       0x1e c:/st/stm32cubeide_1.10.1/stm32cubeide/plugins/com.st.stm32cube.ide.mcu.externaltools.gnu-tools-for-stm32.10.3-2021.10.win32_1.0.0.202111181127/tools/bin/../lib/gcc/arm-none-eabi/10.3.1/thumb/v7e-m+fp/hard/crtn.o
OUTPUT(ProjetoXX - SD Card 1.elf elf32-littlearm)
LOAD linker stubs
LOAD c:/st/stm32cubeide_1.10.1/stm32cubeide/plugins/com.st.stm32cube.ide.mcu.externaltools.gnu-tools-for-stm32.10.3-2021.10.win32_1.0.0.202111181127/tools/bin/../lib/gcc/arm-none-eabi/10.3.1/../../../../arm-none-eabi/lib/thumb/v7e-m+fp/hard\libc.a
LOAD c:/st/stm32cubeide_1.10.1/stm32cubeide/plugins/com.st.stm32cube.ide.mcu.externaltools.gnu-tools-for-stm32.10.3-2021.10.win32_1.0.0.202111181127/tools/bin/../lib/gcc/arm-none-eabi/10.3.1/../../../../arm-none-eabi/lib/thumb/v7e-m+fp/hard\libm.a
LOAD c:/st/stm32cubeide_1.10.1/stm32cubeide/plugins/com.st.stm32cube.ide.mcu.externaltools.gnu-tools-for-stm32.10.3-2021.10.win32_1.0.0.202111181127/tools/bin/../lib/gcc/arm-none-eabi/10.3.1/thumb/v7e-m+fp/hard\libgcc.a

.debug_info     0x0000000000000000     0xd1b9
 .debug_info    0x0000000000000000     0x148d ./Core/Src/main.o
 .debug_info    0x000000000000148d      0xda6 ./Core/Src/stm32f4xx_hal_msp.o
 .debug_info    0x0000000000002233      0x7d5 ./Core/Src/stm32f4xx_it.o
 .debug_info    0x0000000000002a08      0x523 ./Core/Src/system_stm32f4xx.o
 .debug_info    0x0000000000002f2b       0x22 ./Core/Startup/startup_stm32f407vetx.o
 .debug_info    0x0000000000002f4d      0x97c ./Drivers/STM32F4xx_HAL_Driver/Src/stm32f4xx_hal.o
 .debug_info    0x00000000000038c9      0xe1b ./Drivers/STM32F4xx_HAL_Driver/Src/stm32f4xx_hal_cortex.o
 .debug_info    0x00000000000046e4      0x94f ./Drivers/STM32F4xx_HAL_Driver/Src/stm32f4xx_hal_dma.o
 .debug_info    0x0000000000005033      0x76a ./Drivers/STM32F4xx_HAL_Driver/Src/stm32f4xx_hal_gpio.o
 .debug_info    0x000000000000579d      0x966 ./Drivers/STM32F4xx_HAL_Driver/Src/stm32f4xx_hal_rcc.o
 .debug_info    0x0000000000006103     0x1d34 ./Drivers/STM32F4xx_HAL_Driver/Src/stm32f4xx_hal_sd.o
 .debug_info    0x0000000000007e37     0x11dd ./Drivers/STM32F4xx_HAL_Driver/Src/stm32f4xx_ll_sdmmc.o
 .debug_info    0x0000000000009014      0x4fa ./FATFS/App/fatfs.o
 .debug_info    0x000000000000950e      0xb55 ./FATFS/Target/bsp_driver_sd.o
 .debug_info    0x000000000000a063      0x59e ./FATFS/Target/sd_diskio.o
 .debug_info    0x000000000000a601      0x412 ./Middlewares/Third_Party/FatFs/src/diskio.o
 .debug_info    0x000000000000aa13     0x23fd ./Middlewares/Third_Party/FatFs/src/ff.o
 .debug_info    0x000000000000ce10      0x3a9 ./Middlewares/Third_Party/FatFs/src/ff_gen_drv.o

.debug_abbrev   0x0000000000000000     0x237e
 .debug_abbrev  0x0000000000000000      0x2fd ./Core/Src/main.o
 .debug_abbrev  0x00000000000002fd      0x1f6 ./Core/Src/stm32f4xx_hal_msp.o
 .debug_abbrev  0x00000000000004f3      0x19c ./Core/Src/stm32f4xx_it.o
 .debug_abbrev  0x000000000000068f      0x116 ./Core/Src/system_stm32f4xx.o
 .debug_abbrev  0x00000000000007a5       0x12 ./Core/Startup/startup_stm32f407vetx.o
 .debug_abbrev  0x00000000000007b7      0x20d ./Drivers/STM32F4xx_HAL_Driver/Src/stm32f4xx_hal.o
 .debug_abbrev  0x00000000000009c4      0x316 ./Drivers/STM32F4xx_HAL_Driver/Src/stm32f4xx_hal_cortex.o
 .debug_abbrev  0x0000000000000cda      0x25b ./Drivers/STM32F4xx_HAL_Driver/Src/stm32f4xx_hal_dma.o
 .debug_abbrev  0x0000000000000f35      0x1c4 ./Drivers/STM32F4xx_HAL_Driver/Src/stm32f4xx_hal_gpio.o
 .debug_abbrev  0x00000000000010f9      0x2aa ./Drivers/STM32F4xx_HAL_Driver/Src/stm32f4xx_hal_rcc.o
 .debug_abbrev  0x00000000000013a3      0x288 ./Drivers/STM32F4xx_HAL_Driver/Src/stm32f4xx_hal_sd.o
 .debug_abbrev  0x000000000000162b      0x1ce ./Drivers/STM32F4xx_HAL_Driver/Src/stm32f4xx_ll_sdmmc.o
 .debug_abbrev  0x00000000000017f9      0x15a ./FATFS/App/fatfs.o
 .debug_abbrev  0x0000000000001953      0x295 ./FATFS/Target/bsp_driver_sd.o
 .debug_abbrev  0x0000000000001be8      0x21f ./FATFS/Target/sd_diskio.o
 .debug_abbrev  0x0000000000001e07      0x178 ./Middlewares/Third_Party/FatFs/src/diskio.o
 .debug_abbrev  0x0000000000001f7f      0x269 ./Middlewares/Third_Party/FatFs/src/ff.o
 .debug_abbrev  0x00000000000021e8      0x196 ./Middlewares/Third_Party/FatFs/src/ff_gen_drv.o

.debug_aranges  0x0000000000000000      0xb60
 .debug_aranges
                0x0000000000000000       0x48 ./Core/Src/main.o
 .debug_aranges
                0x0000000000000048       0x30 ./Core/Src/stm32f4xx_hal_msp.o
 .debug_aranges
                0x0000000000000078       0x78 ./Core/Src/stm32f4xx_it.o
 .debug_aranges
                0x00000000000000f0       0x28 ./Core/Src/system_stm32f4xx.o
 .debug_aranges
                0x0000000000000118       0x28 ./Core/Startup/startup_stm32f407vetx.o
 .debug_aranges
                0x0000000000000140       0xf0 ./Drivers/STM32F4xx_HAL_Driver/Src/stm32f4xx_hal.o
 .debug_aranges
                0x0000000000000230      0x118 ./Drivers/STM32F4xx_HAL_Driver/Src/stm32f4xx_hal_cortex.o
 .debug_aranges
                0x0000000000000348       0x90 ./Drivers/STM32F4xx_HAL_Driver/Src/stm32f4xx_hal_dma.o
 .debug_aranges
                0x00000000000003d8       0x58 ./Drivers/STM32F4xx_HAL_Driver/Src/stm32f4xx_hal_gpio.o
 .debug_aranges
                0x0000000000000430       0x88 ./Drivers/STM32F4xx_HAL_Driver/Src/stm32f4xx_hal_rcc.o
 .debug_aranges
                0x00000000000004b8      0x168 ./Drivers/STM32F4xx_HAL_Driver/Src/stm32f4xx_hal_sd.o
 .debug_aranges
                0x0000000000000620      0x188 ./Drivers/STM32F4xx_HAL_Driver/Src/stm32f4xx_ll_sdmmc.o
 .debug_aranges
                0x00000000000007a8       0x28 ./FATFS/App/fatfs.o
 .debug_aranges
                0x00000000000007d0       0xa0 ./FATFS/Target/bsp_driver_sd.o
 .debug_aranges
                0x0000000000000870       0x60 ./FATFS/Target/sd_diskio.o
 .debug_aranges
                0x00000000000008d0       0x48 ./Middlewares/Third_Party/FatFs/src/diskio.o
 .debug_aranges
                0x0000000000000918      0x208 ./Middlewares/Third_Party/FatFs/src/ff.o
 .debug_aranges
                0x0000000000000b20       0x40 ./Middlewares/Third_Party/FatFs/src/ff_gen_drv.o

.debug_ranges   0x0000000000000000      0xa48
 .debug_ranges  0x0000000000000000       0x38 ./Core/Src/main.o
 .debug_ranges  0x0000000000000038       0x20 ./Core/Src/stm32f4xx_hal_msp.o
 .debug_ranges  0x0000000000000058       0x68 ./Core/Src/stm32f4xx_it.o
 .debug_ranges  0x00000000000000c0       0x18 ./Core/Src/system_stm32f4xx.o
 .debug_ranges  0x00000000000000d8       0x20 ./Core/Startup/startup_stm32f407vetx.o
 .debug_ranges  0x00000000000000f8       0xe0 ./Drivers/STM32F4xx_HAL_Driver/Src/stm32f4xx_hal.o
 .debug_ranges  0x00000000000001d8      0x108 ./Drivers/STM32F4xx_HAL_Driver/Src/stm32f4xx_hal_cortex.o
 .debug_ranges  0x00000000000002e0       0x80 ./Drivers/STM32F4xx_HAL_Driver/Src/stm32f4xx_hal_dma.o
 .debug_ranges  0x0000000000000360       0x48 ./Drivers/STM32F4xx_HAL_Driver/Src/stm32f4xx_hal_gpio.o
 .debug_ranges  0x00000000000003a8       0x78 ./Drivers/STM32F4xx_HAL_Driver/Src/stm32f4xx_hal_rcc.o
 .debug_ranges  0x0000000000000420      0x158 ./Drivers/STM32F4xx_HAL_Driver/Src/stm32f4xx_hal_sd.o
 .debug_ranges  0x0000000000000578      0x178 ./Drivers/STM32F4xx_HAL_Driver/Src/stm32f4xx_ll_sdmmc.o
 .debug_ranges  0x00000000000006f0       0x18 ./FATFS/App/fatfs.o
 .debug_ranges  0x0000000000000708       0x90 ./FATFS/Target/bsp_driver_sd.o
 .debug_ranges  0x0000000000000798       0x50 ./FATFS/Target/sd_diskio.o
 .debug_ranges  0x00000000000007e8       0x38 ./Middlewares/Third_Party/FatFs/src/diskio.o
 .debug_ranges  0x0000000000000820      0x1f8 ./Middlewares/Third_Party/FatFs/src/ff.o
 .debug_ranges  0x0000000000000a18       0x30 ./Middlewares/Third_Party/FatFs/src/ff_gen_drv.o

.debug_macro    0x0000000000000000    0x223d9
 .debug_macro   0x0000000000000000      0x3f7 ./Core/Src/main.o
 .debug_macro   0x00000000000003f7      0xa78 ./Core/Src/main.o
 .debug_macro   0x0000000000000e6f      0x295 ./Core/Src/main.o
 .debug_macro   0x0000000000001104       0x2e ./Core/Src/main.o
 .debug_macro   0x0000000000001132       0x2f ./Core/Src/main.o
 .debug_macro   0x0000000000001161       0x22 ./Core/Src/main.o
 .debug_macro   0x0000000000001183       0x8e ./Core/Src/main.o
 .debug_macro   0x0000000000001211       0x51 ./Core/Src/main.o
 .debug_macro   0x0000000000001262      0x103 ./Core/Src/main.o
 .debug_macro   0x0000000000001365       0x6a ./Core/Src/main.o
 .debug_macro   0x00000000000013cf      0x1df ./Core/Src/main.o
 .debug_macro   0x00000000000015ae       0x1c ./Core/Src/main.o
 .debug_macro   0x00000000000015ca       0x22 ./Core/Src/main.o
 .debug_macro   0x00000000000015ec       0xd9 ./Core/Src/main.o
 .debug_macro   0x00000000000016c5     0x102d ./Core/Src/main.o
 .debug_macro   0x00000000000026f2      0x11f ./Core/Src/main.o
 .debug_macro   0x0000000000002811    0x15e82 ./Core/Src/main.o
 .debug_macro   0x0000000000018693       0x6d ./Core/Src/main.o
 .debug_macro   0x0000000000018700     0x367e ./Core/Src/main.o
 .debug_macro   0x000000000001bd7e      0x174 ./Core/Src/main.o
 .debug_macro   0x000000000001bef2       0x5c ./Core/Src/main.o
 .debug_macro   0x000000000001bf4e      0x96b ./Core/Src/main.o
 .debug_macro   0x000000000001c8b9      0x9fe ./Core/Src/main.o
 .debug_macro   0x000000000001d2b7      0x115 ./Core/Src/main.o
 .debug_macro   0x000000000001d3cc      0x13e ./Core/Src/main.o
 .debug_macro   0x000000000001d50a       0xa5 ./Core/Src/main.o
 .debug_macro   0x000000000001d5af      0x174 ./Core/Src/main.o
 .debug_macro   0x000000000001d723      0x287 ./Core/Src/main.o
 .debug_macro   0x000000000001d9aa       0x5f ./Core/Src/main.o
 .debug_macro   0x000000000001da09      0x236 ./Core/Src/main.o
 .debug_macro   0x000000000001dc3f      0x12c ./Core/Src/main.o
 .debug_macro   0x000000000001dd6b      0x21e ./Core/Src/main.o
 .debug_macro   0x000000000001df89       0x2e ./Core/Src/main.o
 .debug_macro   0x000000000001dfb7      0x11a ./Core/Src/main.o
 .debug_macro   0x000000000001e0d1       0x7e ./Core/Src/main.o
 .debug_macro   0x000000000001e14f       0x89 ./Core/Src/main.o
 .debug_macro   0x000000000001e1d8      0x861 ./Core/Src/main.o
 .debug_macro   0x000000000001ea39      0x1d5 ./Core/Src/main.o
 .debug_macro   0x000000000001ec0e      0x12d ./Core/Src/main.o
 .debug_macro   0x000000000001ed3b       0x10 ./Core/Src/main.o
 .debug_macro   0x000000000001ed4b       0x3a ./Core/Src/main.o
 .debug_macro   0x000000000001ed85       0xe5 ./Core/Src/main.o
 .debug_macro   0x000000000001ee6a       0x1e ./Core/Src/main.o
 .debug_macro   0x000000000001ee88       0x52 ./Core/Src/main.o
 .debug_macro   0x000000000001eeda       0x3c ./Core/Src/main.o
 .debug_macro   0x000000000001ef16       0x34 ./Core/Src/main.o
 .debug_macro   0x000000000001ef4a       0x16 ./Core/Src/main.o
 .debug_macro   0x000000000001ef60       0x35 ./Core/Src/main.o
 .debug_macro   0x000000000001ef95       0x16 ./Core/Src/main.o
 .debug_macro   0x000000000001efab       0x43 ./Core/Src/main.o
 .debug_macro   0x000000000001efee       0x34 ./Core/Src/main.o
 .debug_macro   0x000000000001f022       0x10 ./Core/Src/main.o
 .debug_macro   0x000000000001f032       0x58 ./Core/Src/main.o
 .debug_macro   0x000000000001f08a       0x71 ./Core/Src/main.o
 .debug_macro   0x000000000001f0fb       0x1c ./Core/Src/main.o
 .debug_macro   0x000000000001f117      0x12a ./Core/Src/main.o
 .debug_macro   0x000000000001f241      0x341 ./Core/Src/main.o
 .debug_macro   0x000000000001f582       0x16 ./Core/Src/main.o
 .debug_macro   0x000000000001f598       0x29 ./Core/Src/main.o
 .debug_macro   0x000000000001f5c1       0x12 ./Core/Src/main.o
 .debug_macro   0x000000000001f5d3       0xe2 ./Core/Src/main.o
 .debug_macro   0x000000000001f6b5       0x8e ./Core/Src/main.o
 .debug_macro   0x000000000001f743       0x1c ./Core/Src/main.o
 .debug_macro   0x000000000001f75f       0x10 ./Core/Src/main.o
 .debug_macro   0x000000000001f76f       0x10 ./Core/Src/main.o
 .debug_macro   0x000000000001f77f       0x1c ./Core/Src/main.o
 .debug_macro   0x000000000001f79b       0x52 ./Core/Src/main.o
 .debug_macro   0x000000000001f7ed       0x22 ./Core/Src/main.o
 .debug_macro   0x000000000001f80f       0x10 ./Core/Src/main.o
 .debug_macro   0x000000000001f81f       0x52 ./Core/Src/main.o
 .debug_macro   0x000000000001f871       0xd5 ./Core/Src/main.o
 .debug_macro   0x000000000001f946       0x1c ./Core/Src/main.o
 .debug_macro   0x000000000001f962       0x3d ./Core/Src/main.o
 .debug_macro   0x000000000001f99f       0x16 ./Core/Src/main.o
 .debug_macro   0x000000000001f9b5      0x145 ./Core/Src/main.o
 .debug_macro   0x000000000001fafa       0x16 ./Core/Src/main.o
 .debug_macro   0x000000000001fb10       0x20 ./Core/Src/main.o
 .debug_macro   0x000000000001fb30      0x1d8 ./Core/Src/stm32f4xx_hal_msp.o
 .debug_macro   0x000000000001fd08      0x1e2 ./Core/Src/stm32f4xx_it.o
 .debug_macro   0x000000000001feea      0x1c9 ./Core/Src/system_stm32f4xx.o
 .debug_macro   0x00000000000200b3      0x229 ./Drivers/STM32F4xx_HAL_Driver/Src/stm32f4xx_hal.o
 .debug_macro   0x00000000000202dc      0x1c9 ./Drivers/STM32F4xx_HAL_Driver/Src/stm32f4xx_hal_cortex.o
 .debug_macro   0x00000000000204a5      0x1cf ./Drivers/STM32F4xx_HAL_Driver/Src/stm32f4xx_hal_dma.o
 .debug_macro   0x0000000000020674      0x1cf ./Drivers/STM32F4xx_HAL_Driver/Src/stm32f4xx_hal_gpio.o
 .debug_macro   0x0000000000020843      0x1ed ./Drivers/STM32F4xx_HAL_Driver/Src/stm32f4xx_hal_rcc.o
 .debug_macro   0x0000000000020a30      0x1ca ./Drivers/STM32F4xx_HAL_Driver/Src/stm32f4xx_hal_sd.o
 .debug_macro   0x0000000000020bfa      0x1ca ./Drivers/STM32F4xx_HAL_Driver/Src/stm32f4xx_ll_sdmmc.o
 .debug_macro   0x0000000000020dc4      0x306 ./FATFS/App/fatfs.o
 .debug_macro   0x00000000000210ca      0x1d8 ./FATFS/Target/bsp_driver_sd.o
 .debug_macro   0x00000000000212a2       0x34 ./FATFS/Target/bsp_driver_sd.o
 .debug_macro   0x00000000000212d6      0x339 ./FATFS/Target/sd_diskio.o
 .debug_macro   0x000000000002160f       0x16 ./FATFS/Target/sd_diskio.o
 .debug_macro   0x0000000000021625       0x7c ./FATFS/Target/sd_diskio.o
 .debug_macro   0x00000000000216a1      0x2f3 ./Middlewares/Third_Party/FatFs/src/diskio.o
 .debug_macro   0x0000000000021994      0x6fa ./Middlewares/Third_Party/FatFs/src/ff.o
 .debug_macro   0x000000000002208e       0x58 ./Middlewares/Third_Party/FatFs/src/ff.o
 .debug_macro   0x00000000000220e6      0x2f3 ./Middlewares/Third_Party/FatFs/src/ff_gen_drv.o

.debug_line     0x0000000000000000     0xec9d
 .debug_line    0x0000000000000000      0xaa1 ./Core/Src/main.o
 .debug_line    0x0000000000000aa1      0x767 ./Core/Src/stm32f4xx_hal_msp.o
 .debug_line    0x0000000000001208      0x7ab ./Core/Src/stm32f4xx_it.o
 .debug_line    0x00000000000019b3      0x722 ./Core/Src/system_stm32f4xx.o
 .debug_line    0x00000000000020d5       0x88 ./Core/Startup/startup_stm32f407vetx.o
 .debug_line    0x000000000000215d      0x988 ./Drivers/STM32F4xx_HAL_Driver/Src/stm32f4xx_hal.o
 .debug_line    0x0000000000002ae5      0xc37 ./Drivers/STM32F4xx_HAL_Driver/Src/stm32f4xx_hal_cortex.o
 .debug_line    0x000000000000371c      0xeec ./Drivers/STM32F4xx_HAL_Driver/Src/stm32f4xx_hal_dma.o
 .debug_line    0x0000000000004608      0xafc ./Drivers/STM32F4xx_HAL_Driver/Src/stm32f4xx_hal_gpio.o
 .debug_line    0x0000000000005104      0xd02 ./Drivers/STM32F4xx_HAL_Driver/Src/stm32f4xx_hal_rcc.o
 .debug_line    0x0000000000005e06     0x1db5 ./Drivers/STM32F4xx_HAL_Driver/Src/stm32f4xx_hal_sd.o
 .debug_line    0x0000000000007bbb      0xf1b ./Drivers/STM32F4xx_HAL_Driver/Src/stm32f4xx_ll_sdmmc.o
 .debug_line    0x0000000000008ad6      0x89c ./FATFS/App/fatfs.o
 .debug_line    0x0000000000009372      0x871 ./FATFS/Target/bsp_driver_sd.o
 .debug_line    0x0000000000009be3      0xaad ./FATFS/Target/sd_diskio.o
 .debug_line    0x000000000000a690      0x90d ./Middlewares/Third_Party/FatFs/src/diskio.o
 .debug_line    0x000000000000af9d     0x33d5 ./Middlewares/Third_Party/FatFs/src/ff.o
 .debug_line    0x000000000000e372      0x92b ./Middlewares/Third_Party/FatFs/src/ff_gen_drv.o

.debug_str      0x0000000000000000    0xc74fc
 .debug_str     0x0000000000000000    0xc438b ./Core/Src/main.o
                                      0xc4707 (size before relaxing)
 .debug_str     0x00000000000c438b       0x8c ./Core/Src/stm32f4xx_hal_msp.o
                                      0xbfd37 (size before relaxing)
 .debug_str     0x00000000000c4417      0x11e ./Core/Src/stm32f4xx_it.o
                                      0xbf6fa (size before relaxing)
 .debug_str     0x00000000000c4535       0xdb ./Core/Src/system_stm32f4xx.o
                                      0xbf2b6 (size before relaxing)
 .debug_str     0x00000000000c4610       0x36 ./Core/Startup/startup_stm32f407vetx.o
                                         0x8a (size before relaxing)
 .debug_str     0x00000000000c4646      0x608 ./Drivers/STM32F4xx_HAL_Driver/Src/stm32f4xx_hal.o
                                      0xbfe3a (size before relaxing)
 .debug_str     0x00000000000c4c4e      0x32d ./Drivers/STM32F4xx_HAL_Driver/Src/stm32f4xx_hal_cortex.o
                                      0xbfb6d (size before relaxing)
 .debug_str     0x00000000000c4f7b      0x2f9 ./Drivers/STM32F4xx_HAL_Driver/Src/stm32f4xx_hal_dma.o
                                      0xbf6d0 (size before relaxing)
 .debug_str     0x00000000000c5274      0x10e ./Drivers/STM32F4xx_HAL_Driver/Src/stm32f4xx_hal_gpio.o
                                      0xbf431 (size before relaxing)
 .debug_str     0x00000000000c5382      0x233 ./Drivers/STM32F4xx_HAL_Driver/Src/stm32f4xx_hal_rcc.o
                                      0xbf6ea (size before relaxing)
 .debug_str     0x00000000000c55b5      0x908 ./Drivers/STM32F4xx_HAL_Driver/Src/stm32f4xx_hal_sd.o
                                      0xc002f (size before relaxing)
 .debug_str     0x00000000000c5ebd      0x227 ./Drivers/STM32F4xx_HAL_Driver/Src/stm32f4xx_ll_sdmmc.o
                                      0xbf73d (size before relaxing)
 .debug_str     0x00000000000c60e4       0xe0 ./FATFS/App/fatfs.o
                                      0xc289c (size before relaxing)
 .debug_str     0x00000000000c61c4      0x164 ./FATFS/Target/bsp_driver_sd.o
                                      0xbf945 (size before relaxing)
 .debug_str     0x00000000000c6328       0xcf ./FATFS/Target/sd_diskio.o
                                      0xc29d9 (size before relaxing)
 .debug_str     0x00000000000c63f7       0x57 ./Middlewares/Third_Party/FatFs/src/diskio.o
                                      0xc27b7 (size before relaxing)
 .debug_str     0x00000000000c644e     0x101d ./Middlewares/Third_Party/FatFs/src/ff.o
                                      0xc3a1a (size before relaxing)
 .debug_str     0x00000000000c746b       0x91 ./Middlewares/Third_Party/FatFs/src/ff_gen_drv.o
                                      0xc2808 (size before relaxing)

.comment        0x0000000000000000       0x50
 .comment       0x0000000000000000       0x50 ./Core/Src/main.o
                                         0x51 (size before relaxing)
 .comment       0x0000000000000050       0x51 ./Core/Src/stm32f4xx_hal_msp.o
 .comment       0x0000000000000050       0x51 ./Core/Src/stm32f4xx_it.o
 .comment       0x0000000000000050       0x51 ./Core/Src/system_stm32f4xx.o
 .comment       0x0000000000000050       0x51 ./Drivers/STM32F4xx_HAL_Driver/Src/stm32f4xx_hal.o
 .comment       0x0000000000000050       0x51 ./Drivers/STM32F4xx_HAL_Driver/Src/stm32f4xx_hal_cortex.o
 .comment       0x0000000000000050       0x51 ./Drivers/STM32F4xx_HAL_Driver/Src/stm32f4xx_hal_dma.o
 .comment       0x0000000000000050       0x51 ./Drivers/STM32F4xx_HAL_Driver/Src/stm32f4xx_hal_gpio.o
 .comment       0x0000000000000050       0x51 ./Drivers/STM32F4xx_HAL_Driver/Src/stm32f4xx_hal_rcc.o
 .comment       0x0000000000000050       0x51 ./Drivers/STM32F4xx_HAL_Driver/Src/stm32f4xx_hal_sd.o
 .comment       0x0000000000000050       0x51 ./Drivers/STM32F4xx_HAL_Driver/Src/stm32f4xx_ll_sdmmc.o
 .comment       0x0000000000000050       0x51 ./FATFS/App/fatfs.o
 .comment       0x0000000000000050       0x51 ./FATFS/Target/bsp_driver_sd.o
 .comment       0x0000000000000050       0x51 ./FATFS/Target/sd_diskio.o
 .comment       0x0000000000000050       0x51 ./Middlewares/Third_Party/FatFs/src/diskio.o
 .comment       0x0000000000000050       0x51 ./Middlewares/Third_Party/FatFs/src/ff.o
 .comment       0x0000000000000050       0x51 ./Middlewares/Third_Party/FatFs/src/ff_gen_drv.o

.debug_frame    0x0000000000000000     0x2e14
 .debug_frame   0x0000000000000000       0xd4 ./Core/Src/main.o
 .debug_frame   0x00000000000000d4       0x80 ./Core/Src/stm32f4xx_hal_msp.o
 .debug_frame   0x0000000000000154      0x158 ./Core/Src/stm32f4xx_it.o
 .debug_frame   0x00000000000002ac       0x58 ./Core/Src/system_stm32f4xx.o
 .debug_frame   0x0000000000000304      0x374 ./Drivers/STM32F4xx_HAL_Driver/Src/stm32f4xx_hal.o
 .debug_frame   0x0000000000000678      0x498 ./Drivers/STM32F4xx_HAL_Driver/Src/stm32f4xx_hal_cortex.o
 .debug_frame   0x0000000000000b10      0x250 ./Drivers/STM32F4xx_HAL_Driver/Src/stm32f4xx_hal_dma.o
 .debug_frame   0x0000000000000d60      0x14c ./Drivers/STM32F4xx_HAL_Driver/Src/stm32f4xx_hal_gpio.o
 .debug_frame   0x0000000000000eac      0x1f4 ./Drivers/STM32F4xx_HAL_Driver/Src/stm32f4xx_hal_rcc.o
 .debug_frame   0x00000000000010a0      0x650 ./Drivers/STM32F4xx_HAL_Driver/Src/stm32f4xx_hal_sd.o
 .debug_frame   0x00000000000016f0      0x6d0 ./Drivers/STM32F4xx_HAL_Driver/Src/stm32f4xx_ll_sdmmc.o
 .debug_frame   0x0000000000001dc0       0x4c ./FATFS/App/fatfs.o
 .debug_frame   0x0000000000001e0c      0x25c ./FATFS/Target/bsp_driver_sd.o
 .debug_frame   0x0000000000002068      0x14c ./FATFS/Target/sd_diskio.o
 .debug_frame   0x00000000000021b4       0xec ./Middlewares/Third_Party/FatFs/src/diskio.o
 .debug_frame   0x00000000000022a0      0x94c ./Middlewares/Third_Party/FatFs/src/ff.o
 .debug_frame   0x0000000000002bec       0xc8 ./Middlewares/Third_Party/FatFs/src/ff_gen_drv.o
 .debug_frame   0x0000000000002cb4       0x30 c:/st/stm32cubeide_1.10.1/stm32cubeide/plugins/com.st.stm32cube.ide.mcu.externaltools.gnu-tools-for-stm32.10.3-2021.10.win32_1.0.0.202111181127/tools/bin/../lib/gcc/arm-none-eabi/10.3.1/../../../../arm-none-eabi/lib/thumb/v7e-m+fp/hard\libc_nano.a(lib_a-atoi.o)
 .debug_frame   0x0000000000002ce4       0x20 c:/st/stm32cubeide_1.10.1/stm32cubeide/plugins/com.st.stm32cube.ide.mcu.externaltools.gnu-tools-for-stm32.10.3-2021.10.win32_1.0.0.202111181127/tools/bin/../lib/gcc/arm-none-eabi/10.3.1/../../../../arm-none-eabi/lib/thumb/v7e-m+fp/hard\libc_nano.a(lib_a-errno.o)
 .debug_frame   0x0000000000002d04       0x2c c:/st/stm32cubeide_1.10.1/stm32cubeide/plugins/com.st.stm32cube.ide.mcu.externaltools.gnu-tools-for-stm32.10.3-2021.10.win32_1.0.0.202111181127/tools/bin/../lib/gcc/arm-none-eabi/10.3.1/../../../../arm-none-eabi/lib/thumb/v7e-m+fp/hard\libc_nano.a(lib_a-init.o)
 .debug_frame   0x0000000000002d30       0x20 c:/st/stm32cubeide_1.10.1/stm32cubeide/plugins/com.st.stm32cube.ide.mcu.externaltools.gnu-tools-for-stm32.10.3-2021.10.win32_1.0.0.202111181127/tools/bin/../lib/gcc/arm-none-eabi/10.3.1/../../../../arm-none-eabi/lib/thumb/v7e-m+fp/hard\libc_nano.a(lib_a-memset.o)
 .debug_frame   0x0000000000002d50       0x64 c:/st/stm32cubeide_1.10.1/stm32cubeide/plugins/com.st.stm32cube.ide.mcu.externaltools.gnu-tools-for-stm32.10.3-2021.10.win32_1.0.0.202111181127/tools/bin/../lib/gcc/arm-none-eabi/10.3.1/../../../../arm-none-eabi/lib/thumb/v7e-m+fp/hard\libc_nano.a(lib_a-strtol.o)
 .debug_frame   0x0000000000002db4       0x2c c:/st/stm32cubeide_1.10.1/stm32cubeide/plugins/com.st.stm32cube.ide.mcu.externaltools.gnu-tools-for-stm32.10.3-2021.10.win32_1.0.0.202111181127/tools/bin/../lib/gcc/arm-none-eabi/10.3.1/thumb/v7e-m+fp/hard\libgcc.a(_aeabi_uldivmod.o)
 .debug_frame   0x0000000000002de0       0x34 c:/st/stm32cubeide_1.10.1/stm32cubeide/plugins/com.st.stm32cube.ide.mcu.externaltools.gnu-tools-for-stm32.10.3-2021.10.win32_1.0.0.202111181127/tools/bin/../lib/gcc/arm-none-eabi/10.3.1/thumb/v7e-m+fp/hard\libgcc.a(_udivmoddi4.o)
