../Drivers/CMSIS/Include/core_cm4.h:1816:22:__NVIC_SetPriority	16	static
../Drivers/CMSIS/Include/core_cm4.h:1939:34:__NVIC_SystemReset	4	static,ignoring_inline_asm
../Drivers/CMSIS/Include/core_cm4.h:2022:26:SysTick_Config	16	static
../Core/Src/main.c:72:5:main	40	static
../Core/Src/main.c:143:6:SystemClock_Config	88	static
../Core/Src/main.c:182:6:QF_onStartup	8	static
../Core/Src/main.c:188:6:QF_onCleanup	4	static
../Core/Src/main.c:190:6:QV_onIdle	4	static,ignoring_inline_asm
../Core/Src/main.c:195:6:Q_onAssert	16	static,ignoring_inline_asm
../Core/Src/main.c:207:6:Error_Handler	4	static,ignoring_inline_asm
