09:17:24 **** Build of configuration Debug for project QP - Projeto01 - Bink ****
make -j28 all 
arm-none-eabi-gcc "../QP/src/qv/qv.c" -mcpu=cortex-m4 -std=gnu11 -g3 -DDEBUG -DUSE_HAL_DRIVER -DSTM32F407xx -c -I../Core/Inc -I../Drivers/STM32F4xx_HAL_Driver/Inc -I../Drivers/STM32F4xx_HAL_Driver/Inc/Legacy -I../Drivers/CMSIS/Device/ST/STM32F4xx/Include -I../Drivers/CMSIS/Include -I"C:/ST/Workspace STM/Workspace Estudo/Projetos-iniciais-STM32/QP - Projeto01 - Bink/QP/include" -I"C:/ST/Workspace STM/Workspace Estudo/Projetos-iniciais-STM32/QP - Projeto01 - Bink/QP/ports/arm-cm/qv/gnu" -I"C:/ST/Workspace STM/Workspace Estudo/Projetos-iniciais-STM32/QP - Projeto01 - Bink/QP/src" -O0 -ffunction-sections -fdata-sections -Wall -fstack-usage -MMD -MP -MF"QP/src/qv/qv.d" -MT"QP/src/qv/qv.o" --specs=nano.specs -mfpu=fpv4-sp-d16 -mfloat-abi=hard -mthumb -o "QP/src/qv/qv.o"
arm-none-eabi-gcc "../QP/src/qf/qep_hsm.c" -mcpu=cortex-m4 -std=gnu11 -g3 -DDEBUG -DUSE_HAL_DRIVER -DSTM32F407xx -c -I../Core/Inc -I../Drivers/STM32F4xx_HAL_Driver/Inc -I../Drivers/STM32F4xx_HAL_Driver/Inc/Legacy -I../Drivers/CMSIS/Device/ST/STM32F4xx/Include -I../Drivers/CMSIS/Include -I"C:/ST/Workspace STM/Workspace Estudo/Projetos-iniciais-STM32/QP - Projeto01 - Bink/QP/include" -I"C:/ST/Workspace STM/Workspace Estudo/Projetos-iniciais-STM32/QP - Projeto01 - Bink/QP/ports/arm-cm/qv/gnu" -I"C:/ST/Workspace STM/Workspace Estudo/Projetos-iniciais-STM32/QP - Projeto01 - Bink/QP/src" -O0 -ffunction-sections -fdata-sections -Wall -fstack-usage -MMD -MP -MF"QP/src/qf/qep_hsm.d" -MT"QP/src/qf/qep_hsm.o" --specs=nano.specs -mfpu=fpv4-sp-d16 -mfloat-abi=hard -mthumb -o "QP/src/qf/qep_hsm.o"
arm-none-eabi-gcc "../QP/src/qf/qep_msm.c" -mcpu=cortex-m4 -std=gnu11 -g3 -DDEBUG -DUSE_HAL_DRIVER -DSTM32F407xx -c -I../Core/Inc -I../Drivers/STM32F4xx_HAL_Driver/Inc -I../Drivers/STM32F4xx_HAL_Driver/Inc/Legacy -I../Drivers/CMSIS/Device/ST/STM32F4xx/Include -I../Drivers/CMSIS/Include -I"C:/ST/Workspace STM/Workspace Estudo/Projetos-iniciais-STM32/QP - Projeto01 - Bink/QP/include" -I"C:/ST/Workspace STM/Workspace Estudo/Projetos-iniciais-STM32/QP - Projeto01 - Bink/QP/ports/arm-cm/qv/gnu" -I"C:/ST/Workspace STM/Workspace Estudo/Projetos-iniciais-STM32/QP - Projeto01 - Bink/QP/src" -O0 -ffunction-sections -fdata-sections -Wall -fstack-usage -MMD -MP -MF"QP/src/qf/qep_msm.d" -MT"QP/src/qf/qep_msm.o" --specs=nano.specs -mfpu=fpv4-sp-d16 -mfloat-abi=hard -mthumb -o "QP/src/qf/qep_msm.o"
arm-none-eabi-gcc "../QP/src/qf/qf_act.c" -mcpu=cortex-m4 -std=gnu11 -g3 -DDEBUG -DUSE_HAL_DRIVER -DSTM32F407xx -c -I../Core/Inc -I../Drivers/STM32F4xx_HAL_Driver/Inc -I../Drivers/STM32F4xx_HAL_Driver/Inc/Legacy -I../Drivers/CMSIS/Device/ST/STM32F4xx/Include -I../Drivers/CMSIS/Include -I"C:/ST/Workspace STM/Workspace Estudo/Projetos-iniciais-STM32/QP - Projeto01 - Bink/QP/include" -I"C:/ST/Workspace STM/Workspace Estudo/Projetos-iniciais-STM32/QP - Projeto01 - Bink/QP/ports/arm-cm/qv/gnu" -I"C:/ST/Workspace STM/Workspace Estudo/Projetos-iniciais-STM32/QP - Projeto01 - Bink/QP/src" -O0 -ffunction-sections -fdata-sections -Wall -fstack-usage -MMD -MP -MF"QP/src/qf/qf_act.d" -MT"QP/src/qf/qf_act.o" --specs=nano.specs -mfpu=fpv4-sp-d16 -mfloat-abi=hard -mthumb -o "QP/src/qf/qf_act.o"
arm-none-eabi-gcc "../QP/src/qf/qf_actq.c" -mcpu=cortex-m4 -std=gnu11 -g3 -DDEBUG -DUSE_HAL_DRIVER -DSTM32F407xx -c -I../Core/Inc -I../Drivers/STM32F4xx_HAL_Driver/Inc -I../Drivers/STM32F4xx_HAL_Driver/Inc/Legacy -I../Drivers/CMSIS/Device/ST/STM32F4xx/Include -I../Drivers/CMSIS/Include -I"C:/ST/Workspace STM/Workspace Estudo/Projetos-iniciais-STM32/QP - Projeto01 - Bink/QP/include" -I"C:/ST/Workspace STM/Workspace Estudo/Projetos-iniciais-STM32/QP - Projeto01 - Bink/QP/ports/arm-cm/qv/gnu" -I"C:/ST/Workspace STM/Workspace Estudo/Projetos-iniciais-STM32/QP - Projeto01 - Bink/QP/src" -O0 -ffunction-sections -fdata-sections -Wall -fstack-usage -MMD -MP -MF"QP/src/qf/qf_actq.d" -MT"QP/src/qf/qf_actq.o" --specs=nano.specs -mfpu=fpv4-sp-d16 -mfloat-abi=hard -mthumb -o "QP/src/qf/qf_actq.o"
arm-none-eabi-gcc "../QP/src/qf/qf_defer.c" -mcpu=cortex-m4 -std=gnu11 -g3 -DDEBUG -DUSE_HAL_DRIVER -DSTM32F407xx -c -I../Core/Inc -I../Drivers/STM32F4xx_HAL_Driver/Inc -I../Drivers/STM32F4xx_HAL_Driver/Inc/Legacy -I../Drivers/CMSIS/Device/ST/STM32F4xx/Include -I../Drivers/CMSIS/Include -I"C:/ST/Workspace STM/Workspace Estudo/Projetos-iniciais-STM32/QP - Projeto01 - Bink/QP/include" -I"C:/ST/Workspace STM/Workspace Estudo/Projetos-iniciais-STM32/QP - Projeto01 - Bink/QP/ports/arm-cm/qv/gnu" -I"C:/ST/Workspace STM/Workspace Estudo/Projetos-iniciais-STM32/QP - Projeto01 - Bink/QP/src" -O0 -ffunction-sections -fdata-sections -Wall -fstack-usage -MMD -MP -MF"QP/src/qf/qf_defer.d" -MT"QP/src/qf/qf_defer.o" --specs=nano.specs -mfpu=fpv4-sp-d16 -mfloat-abi=hard -mthumb -o "QP/src/qf/qf_defer.o"
arm-none-eabi-gcc "../QP/src/qf/qf_dyn.c" -mcpu=cortex-m4 -std=gnu11 -g3 -DDEBUG -DUSE_HAL_DRIVER -DSTM32F407xx -c -I../Core/Inc -I../Drivers/STM32F4xx_HAL_Driver/Inc -I../Drivers/STM32F4xx_HAL_Driver/Inc/Legacy -I../Drivers/CMSIS/Device/ST/STM32F4xx/Include -I../Drivers/CMSIS/Include -I"C:/ST/Workspace STM/Workspace Estudo/Projetos-iniciais-STM32/QP - Projeto01 - Bink/QP/include" -I"C:/ST/Workspace STM/Workspace Estudo/Projetos-iniciais-STM32/QP - Projeto01 - Bink/QP/ports/arm-cm/qv/gnu" -I"C:/ST/Workspace STM/Workspace Estudo/Projetos-iniciais-STM32/QP - Projeto01 - Bink/QP/src" -O0 -ffunction-sections -fdata-sections -Wall -fstack-usage -MMD -MP -MF"QP/src/qf/qf_dyn.d" -MT"QP/src/qf/qf_dyn.o" --specs=nano.specs -mfpu=fpv4-sp-d16 -mfloat-abi=hard -mthumb -o "QP/src/qf/qf_dyn.o"
arm-none-eabi-gcc "../QP/src/qf/qf_mem.c" -mcpu=cortex-m4 -std=gnu11 -g3 -DDEBUG -DUSE_HAL_DRIVER -DSTM32F407xx -c -I../Core/Inc -I../Drivers/STM32F4xx_HAL_Driver/Inc -I../Drivers/STM32F4xx_HAL_Driver/Inc/Legacy -I../Drivers/CMSIS/Device/ST/STM32F4xx/Include -I../Drivers/CMSIS/Include -I"C:/ST/Workspace STM/Workspace Estudo/Projetos-iniciais-STM32/QP - Projeto01 - Bink/QP/include" -I"C:/ST/Workspace STM/Workspace Estudo/Projetos-iniciais-STM32/QP - Projeto01 - Bink/QP/ports/arm-cm/qv/gnu" -I"C:/ST/Workspace STM/Workspace Estudo/Projetos-iniciais-STM32/QP - Projeto01 - Bink/QP/src" -O0 -ffunction-sections -fdata-sections -Wall -fstack-usage -MMD -MP -MF"QP/src/qf/qf_mem.d" -MT"QP/src/qf/qf_mem.o" --specs=nano.specs -mfpu=fpv4-sp-d16 -mfloat-abi=hard -mthumb -o "QP/src/qf/qf_mem.o"
arm-none-eabi-gcc "../QP/src/qf/qf_ps.c" -mcpu=cortex-m4 -std=gnu11 -g3 -DDEBUG -DUSE_HAL_DRIVER -DSTM32F407xx -c -I../Core/Inc -I../Drivers/STM32F4xx_HAL_Driver/Inc -I../Drivers/STM32F4xx_HAL_Driver/Inc/Legacy -I../Drivers/CMSIS/Device/ST/STM32F4xx/Include -I../Drivers/CMSIS/Include -I"C:/ST/Workspace STM/Workspace Estudo/Projetos-iniciais-STM32/QP - Projeto01 - Bink/QP/include" -I"C:/ST/Workspace STM/Workspace Estudo/Projetos-iniciais-STM32/QP - Projeto01 - Bink/QP/ports/arm-cm/qv/gnu" -I"C:/ST/Workspace STM/Workspace Estudo/Projetos-iniciais-STM32/QP - Projeto01 - Bink/QP/src" -O0 -ffunction-sections -fdata-sections -Wall -fstack-usage -MMD -MP -MF"QP/src/qf/qf_ps.d" -MT"QP/src/qf/qf_ps.o" --specs=nano.specs -mfpu=fpv4-sp-d16 -mfloat-abi=hard -mthumb -o "QP/src/qf/qf_ps.o"
arm-none-eabi-gcc "../QP/src/qf/qf_qact.c" -mcpu=cortex-m4 -std=gnu11 -g3 -DDEBUG -DUSE_HAL_DRIVER -DSTM32F407xx -c -I../Core/Inc -I../Drivers/STM32F4xx_HAL_Driver/Inc -I../Drivers/STM32F4xx_HAL_Driver/Inc/Legacy -I../Drivers/CMSIS/Device/ST/STM32F4xx/Include -I../Drivers/CMSIS/Include -I"C:/ST/Workspace STM/Workspace Estudo/Projetos-iniciais-STM32/QP - Projeto01 - Bink/QP/include" -I"C:/ST/Workspace STM/Workspace Estudo/Projetos-iniciais-STM32/QP - Projeto01 - Bink/QP/ports/arm-cm/qv/gnu" -I"C:/ST/Workspace STM/Workspace Estudo/Projetos-iniciais-STM32/QP - Projeto01 - Bink/QP/src" -O0 -ffunction-sections -fdata-sections -Wall -fstack-usage -MMD -MP -MF"QP/src/qf/qf_qact.d" -MT"QP/src/qf/qf_qact.o" --specs=nano.specs -mfpu=fpv4-sp-d16 -mfloat-abi=hard -mthumb -o "QP/src/qf/qf_qact.o"
arm-none-eabi-gcc "../QP/src/qf/qf_qeq.c" -mcpu=cortex-m4 -std=gnu11 -g3 -DDEBUG -DUSE_HAL_DRIVER -DSTM32F407xx -c -I../Core/Inc -I../Drivers/STM32F4xx_HAL_Driver/Inc -I../Drivers/STM32F4xx_HAL_Driver/Inc/Legacy -I../Drivers/CMSIS/Device/ST/STM32F4xx/Include -I../Drivers/CMSIS/Include -I"C:/ST/Workspace STM/Workspace Estudo/Projetos-iniciais-STM32/QP - Projeto01 - Bink/QP/include" -I"C:/ST/Workspace STM/Workspace Estudo/Projetos-iniciais-STM32/QP - Projeto01 - Bink/QP/ports/arm-cm/qv/gnu" -I"C:/ST/Workspace STM/Workspace Estudo/Projetos-iniciais-STM32/QP - Projeto01 - Bink/QP/src" -O0 -ffunction-sections -fdata-sections -Wall -fstack-usage -MMD -MP -MF"QP/src/qf/qf_qeq.d" -MT"QP/src/qf/qf_qeq.o" --specs=nano.specs -mfpu=fpv4-sp-d16 -mfloat-abi=hard -mthumb -o "QP/src/qf/qf_qeq.o"
arm-none-eabi-gcc "../QP/src/qf/qf_qmact.c" -mcpu=cortex-m4 -std=gnu11 -g3 -DDEBUG -DUSE_HAL_DRIVER -DSTM32F407xx -c -I../Core/Inc -I../Drivers/STM32F4xx_HAL_Driver/Inc -I../Drivers/STM32F4xx_HAL_Driver/Inc/Legacy -I../Drivers/CMSIS/Device/ST/STM32F4xx/Include -I../Drivers/CMSIS/Include -I"C:/ST/Workspace STM/Workspace Estudo/Projetos-iniciais-STM32/QP - Projeto01 - Bink/QP/include" -I"C:/ST/Workspace STM/Workspace Estudo/Projetos-iniciais-STM32/QP - Projeto01 - Bink/QP/ports/arm-cm/qv/gnu" -I"C:/ST/Workspace STM/Workspace Estudo/Projetos-iniciais-STM32/QP - Projeto01 - Bink/QP/src" -O0 -ffunction-sections -fdata-sections -Wall -fstack-usage -MMD -MP -MF"QP/src/qf/qf_qmact.d" -MT"QP/src/qf/qf_qmact.o" --specs=nano.specs -mfpu=fpv4-sp-d16 -mfloat-abi=hard -mthumb -o "QP/src/qf/qf_qmact.o"
arm-none-eabi-gcc "../QP/src/qf/qf_time.c" -mcpu=cortex-m4 -std=gnu11 -g3 -DDEBUG -DUSE_HAL_DRIVER -DSTM32F407xx -c -I../Core/Inc -I../Drivers/STM32F4xx_HAL_Driver/Inc -I../Drivers/STM32F4xx_HAL_Driver/Inc/Legacy -I../Drivers/CMSIS/Device/ST/STM32F4xx/Include -I../Drivers/CMSIS/Include -I"C:/ST/Workspace STM/Workspace Estudo/Projetos-iniciais-STM32/QP - Projeto01 - Bink/QP/include" -I"C:/ST/Workspace STM/Workspace Estudo/Projetos-iniciais-STM32/QP - Projeto01 - Bink/QP/ports/arm-cm/qv/gnu" -I"C:/ST/Workspace STM/Workspace Estudo/Projetos-iniciais-STM32/QP - Projeto01 - Bink/QP/src" -O0 -ffunction-sections -fdata-sections -Wall -fstack-usage -MMD -MP -MF"QP/src/qf/qf_time.d" -MT"QP/src/qf/qf_time.o" --specs=nano.specs -mfpu=fpv4-sp-d16 -mfloat-abi=hard -mthumb -o "QP/src/qf/qf_time.o"
arm-none-eabi-gcc "../QP/ports/arm-cm/qv/gnu/qv_port.c" -mcpu=cortex-m4 -std=gnu11 -g3 -DDEBUG -DUSE_HAL_DRIVER -DSTM32F407xx -c -I../Core/Inc -I../Drivers/STM32F4xx_HAL_Driver/Inc -I../Drivers/STM32F4xx_HAL_Driver/Inc/Legacy -I../Drivers/CMSIS/Device/ST/STM32F4xx/Include -I../Drivers/CMSIS/Include -I"C:/ST/Workspace STM/Workspace Estudo/Projetos-iniciais-STM32/QP - Projeto01 - Bink/QP/include" -I"C:/ST/Workspace STM/Workspace Estudo/Projetos-iniciais-STM32/QP - Projeto01 - Bink/QP/ports/arm-cm/qv/gnu" -I"C:/ST/Workspace STM/Workspace Estudo/Projetos-iniciais-STM32/QP - Projeto01 - Bink/QP/src" -O0 -ffunction-sections -fdata-sections -Wall -fstack-usage -MMD -MP -MF"QP/ports/arm-cm/qv/gnu/qv_port.d" -MT"QP/ports/arm-cm/qv/gnu/qv_port.o" --specs=nano.specs -mfpu=fpv4-sp-d16 -mfloat-abi=hard -mthumb -o "QP/ports/arm-cm/qv/gnu/qv_port.o"
arm-none-eabi-gcc "../QP/include/qstamp.c" -mcpu=cortex-m4 -std=gnu11 -g3 -DDEBUG -DUSE_HAL_DRIVER -DSTM32F407xx -c -I../Core/Inc -I../Drivers/STM32F4xx_HAL_Driver/Inc -I../Drivers/STM32F4xx_HAL_Driver/Inc/Legacy -I../Drivers/CMSIS/Device/ST/STM32F4xx/Include -I../Drivers/CMSIS/Include -I"C:/ST/Workspace STM/Workspace Estudo/Projetos-iniciais-STM32/QP - Projeto01 - Bink/QP/include" -I"C:/ST/Workspace STM/Workspace Estudo/Projetos-iniciais-STM32/QP - Projeto01 - Bink/QP/ports/arm-cm/qv/gnu" -I"C:/ST/Workspace STM/Workspace Estudo/Projetos-iniciais-STM32/QP - Projeto01 - Bink/QP/src" -O0 -ffunction-sections -fdata-sections -Wall -fstack-usage -MMD -MP -MF"QP/include/qstamp.d" -MT"QP/include/qstamp.o" --specs=nano.specs -mfpu=fpv4-sp-d16 -mfloat-abi=hard -mthumb -o "QP/include/qstamp.o"
arm-none-eabi-gcc "../Drivers/STM32F4xx_HAL_Driver/Src/stm32f4xx_hal.c" -mcpu=cortex-m4 -std=gnu11 -g3 -DDEBUG -DUSE_HAL_DRIVER -DSTM32F407xx -c -I../Core/Inc -I../Drivers/STM32F4xx_HAL_Driver/Inc -I../Drivers/STM32F4xx_HAL_Driver/Inc/Legacy -I../Drivers/CMSIS/Device/ST/STM32F4xx/Include -I../Drivers/CMSIS/Include -I"C:/ST/Workspace STM/Workspace Estudo/Projetos-iniciais-STM32/QP - Projeto01 - Bink/QP/include" -I"C:/ST/Workspace STM/Workspace Estudo/Projetos-iniciais-STM32/QP - Projeto01 - Bink/QP/ports/arm-cm/qv/gnu" -I"C:/ST/Workspace STM/Workspace Estudo/Projetos-iniciais-STM32/QP - Projeto01 - Bink/QP/src" -O0 -ffunction-sections -fdata-sections -Wall -fstack-usage -MMD -MP -MF"Drivers/STM32F4xx_HAL_Driver/Src/stm32f4xx_hal.d" -MT"Drivers/STM32F4xx_HAL_Driver/Src/stm32f4xx_hal.o" --specs=nano.specs -mfpu=fpv4-sp-d16 -mfloat-abi=hard -mthumb -o "Drivers/STM32F4xx_HAL_Driver/Src/stm32f4xx_hal.o"
arm-none-eabi-gcc "../Drivers/STM32F4xx_HAL_Driver/Src/stm32f4xx_hal_cortex.c" -mcpu=cortex-m4 -std=gnu11 -g3 -DDEBUG -DUSE_HAL_DRIVER -DSTM32F407xx -c -I../Core/Inc -I../Drivers/STM32F4xx_HAL_Driver/Inc -I../Drivers/STM32F4xx_HAL_Driver/Inc/Legacy -I../Drivers/CMSIS/Device/ST/STM32F4xx/Include -I../Drivers/CMSIS/Include -I"C:/ST/Workspace STM/Workspace Estudo/Projetos-iniciais-STM32/QP - Projeto01 - Bink/QP/include" -I"C:/ST/Workspace STM/Workspace Estudo/Projetos-iniciais-STM32/QP - Projeto01 - Bink/QP/ports/arm-cm/qv/gnu" -I"C:/ST/Workspace STM/Workspace Estudo/Projetos-iniciais-STM32/QP - Projeto01 - Bink/QP/src" -O0 -ffunction-sections -fdata-sections -Wall -fstack-usage -MMD -MP -MF"Drivers/STM32F4xx_HAL_Driver/Src/stm32f4xx_hal_cortex.d" -MT"Drivers/STM32F4xx_HAL_Driver/Src/stm32f4xx_hal_cortex.o" --specs=nano.specs -mfpu=fpv4-sp-d16 -mfloat-abi=hard -mthumb -o "Drivers/STM32F4xx_HAL_Driver/Src/stm32f4xx_hal_cortex.o"
arm-none-eabi-gcc "../Drivers/STM32F4xx_HAL_Driver/Src/stm32f4xx_hal_dma.c" -mcpu=cortex-m4 -std=gnu11 -g3 -DDEBUG -DUSE_HAL_DRIVER -DSTM32F407xx -c -I../Core/Inc -I../Drivers/STM32F4xx_HAL_Driver/Inc -I../Drivers/STM32F4xx_HAL_Driver/Inc/Legacy -I../Drivers/CMSIS/Device/ST/STM32F4xx/Include -I../Drivers/CMSIS/Include -I"C:/ST/Workspace STM/Workspace Estudo/Projetos-iniciais-STM32/QP - Projeto01 - Bink/QP/include" -I"C:/ST/Workspace STM/Workspace Estudo/Projetos-iniciais-STM32/QP - Projeto01 - Bink/QP/ports/arm-cm/qv/gnu" -I"C:/ST/Workspace STM/Workspace Estudo/Projetos-iniciais-STM32/QP - Projeto01 - Bink/QP/src" -O0 -ffunction-sections -fdata-sections -Wall -fstack-usage -MMD -MP -MF"Drivers/STM32F4xx_HAL_Driver/Src/stm32f4xx_hal_dma.d" -MT"Drivers/STM32F4xx_HAL_Driver/Src/stm32f4xx_hal_dma.o" --specs=nano.specs -mfpu=fpv4-sp-d16 -mfloat-abi=hard -mthumb -o "Drivers/STM32F4xx_HAL_Driver/Src/stm32f4xx_hal_dma.o"
arm-none-eabi-gcc "../Drivers/STM32F4xx_HAL_Driver/Src/stm32f4xx_hal_dma_ex.c" -mcpu=cortex-m4 -std=gnu11 -g3 -DDEBUG -DUSE_HAL_DRIVER -DSTM32F407xx -c -I../Core/Inc -I../Drivers/STM32F4xx_HAL_Driver/Inc -I../Drivers/STM32F4xx_HAL_Driver/Inc/Legacy -I../Drivers/CMSIS/Device/ST/STM32F4xx/Include -I../Drivers/CMSIS/Include -I"C:/ST/Workspace STM/Workspace Estudo/Projetos-iniciais-STM32/QP - Projeto01 - Bink/QP/include" -I"C:/ST/Workspace STM/Workspace Estudo/Projetos-iniciais-STM32/QP - Projeto01 - Bink/QP/ports/arm-cm/qv/gnu" -I"C:/ST/Workspace STM/Workspace Estudo/Projetos-iniciais-STM32/QP - Projeto01 - Bink/QP/src" -O0 -ffunction-sections -fdata-sections -Wall -fstack-usage -MMD -MP -MF"Drivers/STM32F4xx_HAL_Driver/Src/stm32f4xx_hal_dma_ex.d" -MT"Drivers/STM32F4xx_HAL_Driver/Src/stm32f4xx_hal_dma_ex.o" --specs=nano.specs -mfpu=fpv4-sp-d16 -mfloat-abi=hard -mthumb -o "Drivers/STM32F4xx_HAL_Driver/Src/stm32f4xx_hal_dma_ex.o"
arm-none-eabi-gcc "../Drivers/STM32F4xx_HAL_Driver/Src/stm32f4xx_hal_exti.c" -mcpu=cortex-m4 -std=gnu11 -g3 -DDEBUG -DUSE_HAL_DRIVER -DSTM32F407xx -c -I../Core/Inc -I../Drivers/STM32F4xx_HAL_Driver/Inc -I../Drivers/STM32F4xx_HAL_Driver/Inc/Legacy -I../Drivers/CMSIS/Device/ST/STM32F4xx/Include -I../Drivers/CMSIS/Include -I"C:/ST/Workspace STM/Workspace Estudo/Projetos-iniciais-STM32/QP - Projeto01 - Bink/QP/include" -I"C:/ST/Workspace STM/Workspace Estudo/Projetos-iniciais-STM32/QP - Projeto01 - Bink/QP/ports/arm-cm/qv/gnu" -I"C:/ST/Workspace STM/Workspace Estudo/Projetos-iniciais-STM32/QP - Projeto01 - Bink/QP/src" -O0 -ffunction-sections -fdata-sections -Wall -fstack-usage -MMD -MP -MF"Drivers/STM32F4xx_HAL_Driver/Src/stm32f4xx_hal_exti.d" -MT"Drivers/STM32F4xx_HAL_Driver/Src/stm32f4xx_hal_exti.o" --specs=nano.specs -mfpu=fpv4-sp-d16 -mfloat-abi=hard -mthumb -o "Drivers/STM32F4xx_HAL_Driver/Src/stm32f4xx_hal_exti.o"
arm-none-eabi-gcc "../Drivers/STM32F4xx_HAL_Driver/Src/stm32f4xx_hal_flash.c" -mcpu=cortex-m4 -std=gnu11 -g3 -DDEBUG -DUSE_HAL_DRIVER -DSTM32F407xx -c -I../Core/Inc -I../Drivers/STM32F4xx_HAL_Driver/Inc -I../Drivers/STM32F4xx_HAL_Driver/Inc/Legacy -I../Drivers/CMSIS/Device/ST/STM32F4xx/Include -I../Drivers/CMSIS/Include -I"C:/ST/Workspace STM/Workspace Estudo/Projetos-iniciais-STM32/QP - Projeto01 - Bink/QP/include" -I"C:/ST/Workspace STM/Workspace Estudo/Projetos-iniciais-STM32/QP - Projeto01 - Bink/QP/ports/arm-cm/qv/gnu" -I"C:/ST/Workspace STM/Workspace Estudo/Projetos-iniciais-STM32/QP - Projeto01 - Bink/QP/src" -O0 -ffunction-sections -fdata-sections -Wall -fstack-usage -MMD -MP -MF"Drivers/STM32F4xx_HAL_Driver/Src/stm32f4xx_hal_flash.d" -MT"Drivers/STM32F4xx_HAL_Driver/Src/stm32f4xx_hal_flash.o" --specs=nano.specs -mfpu=fpv4-sp-d16 -mfloat-abi=hard -mthumb -o "Drivers/STM32F4xx_HAL_Driver/Src/stm32f4xx_hal_flash.o"
arm-none-eabi-gcc "../Drivers/STM32F4xx_HAL_Driver/Src/stm32f4xx_hal_flash_ex.c" -mcpu=cortex-m4 -std=gnu11 -g3 -DDEBUG -DUSE_HAL_DRIVER -DSTM32F407xx -c -I../Core/Inc -I../Drivers/STM32F4xx_HAL_Driver/Inc -I../Drivers/STM32F4xx_HAL_Driver/Inc/Legacy -I../Drivers/CMSIS/Device/ST/STM32F4xx/Include -I../Drivers/CMSIS/Include -I"C:/ST/Workspace STM/Workspace Estudo/Projetos-iniciais-STM32/QP - Projeto01 - Bink/QP/include" -I"C:/ST/Workspace STM/Workspace Estudo/Projetos-iniciais-STM32/QP - Projeto01 - Bink/QP/ports/arm-cm/qv/gnu" -I"C:/ST/Workspace STM/Workspace Estudo/Projetos-iniciais-STM32/QP - Projeto01 - Bink/QP/src" -O0 -ffunction-sections -fdata-sections -Wall -fstack-usage -MMD -MP -MF"Drivers/STM32F4xx_HAL_Driver/Src/stm32f4xx_hal_flash_ex.d" -MT"Drivers/STM32F4xx_HAL_Driver/Src/stm32f4xx_hal_flash_ex.o" --specs=nano.specs -mfpu=fpv4-sp-d16 -mfloat-abi=hard -mthumb -o "Drivers/STM32F4xx_HAL_Driver/Src/stm32f4xx_hal_flash_ex.o"
arm-none-eabi-gcc "../Drivers/STM32F4xx_HAL_Driver/Src/stm32f4xx_hal_flash_ramfunc.c" -mcpu=cortex-m4 -std=gnu11 -g3 -DDEBUG -DUSE_HAL_DRIVER -DSTM32F407xx -c -I../Core/Inc -I../Drivers/STM32F4xx_HAL_Driver/Inc -I../Drivers/STM32F4xx_HAL_Driver/Inc/Legacy -I../Drivers/CMSIS/Device/ST/STM32F4xx/Include -I../Drivers/CMSIS/Include -I"C:/ST/Workspace STM/Workspace Estudo/Projetos-iniciais-STM32/QP - Projeto01 - Bink/QP/include" -I"C:/ST/Workspace STM/Workspace Estudo/Projetos-iniciais-STM32/QP - Projeto01 - Bink/QP/ports/arm-cm/qv/gnu" -I"C:/ST/Workspace STM/Workspace Estudo/Projetos-iniciais-STM32/QP - Projeto01 - Bink/QP/src" -O0 -ffunction-sections -fdata-sections -Wall -fstack-usage -MMD -MP -MF"Drivers/STM32F4xx_HAL_Driver/Src/stm32f4xx_hal_flash_ramfunc.d" -MT"Drivers/STM32F4xx_HAL_Driver/Src/stm32f4xx_hal_flash_ramfunc.o" --specs=nano.specs -mfpu=fpv4-sp-d16 -mfloat-abi=hard -mthumb -o "Drivers/STM32F4xx_HAL_Driver/Src/stm32f4xx_hal_flash_ramfunc.o"
arm-none-eabi-gcc "../Drivers/STM32F4xx_HAL_Driver/Src/stm32f4xx_hal_gpio.c" -mcpu=cortex-m4 -std=gnu11 -g3 -DDEBUG -DUSE_HAL_DRIVER -DSTM32F407xx -c -I../Core/Inc -I../Drivers/STM32F4xx_HAL_Driver/Inc -I../Drivers/STM32F4xx_HAL_Driver/Inc/Legacy -I../Drivers/CMSIS/Device/ST/STM32F4xx/Include -I../Drivers/CMSIS/Include -I"C:/ST/Workspace STM/Workspace Estudo/Projetos-iniciais-STM32/QP - Projeto01 - Bink/QP/include" -I"C:/ST/Workspace STM/Workspace Estudo/Projetos-iniciais-STM32/QP - Projeto01 - Bink/QP/ports/arm-cm/qv/gnu" -I"C:/ST/Workspace STM/Workspace Estudo/Projetos-iniciais-STM32/QP - Projeto01 - Bink/QP/src" -O0 -ffunction-sections -fdata-sections -Wall -fstack-usage -MMD -MP -MF"Drivers/STM32F4xx_HAL_Driver/Src/stm32f4xx_hal_gpio.d" -MT"Drivers/STM32F4xx_HAL_Driver/Src/stm32f4xx_hal_gpio.o" --specs=nano.specs -mfpu=fpv4-sp-d16 -mfloat-abi=hard -mthumb -o "Drivers/STM32F4xx_HAL_Driver/Src/stm32f4xx_hal_gpio.o"
arm-none-eabi-gcc "../Drivers/STM32F4xx_HAL_Driver/Src/stm32f4xx_hal_pwr.c" -mcpu=cortex-m4 -std=gnu11 -g3 -DDEBUG -DUSE_HAL_DRIVER -DSTM32F407xx -c -I../Core/Inc -I../Drivers/STM32F4xx_HAL_Driver/Inc -I../Drivers/STM32F4xx_HAL_Driver/Inc/Legacy -I../Drivers/CMSIS/Device/ST/STM32F4xx/Include -I../Drivers/CMSIS/Include -I"C:/ST/Workspace STM/Workspace Estudo/Projetos-iniciais-STM32/QP - Projeto01 - Bink/QP/include" -I"C:/ST/Workspace STM/Workspace Estudo/Projetos-iniciais-STM32/QP - Projeto01 - Bink/QP/ports/arm-cm/qv/gnu" -I"C:/ST/Workspace STM/Workspace Estudo/Projetos-iniciais-STM32/QP - Projeto01 - Bink/QP/src" -O0 -ffunction-sections -fdata-sections -Wall -fstack-usage -MMD -MP -MF"Drivers/STM32F4xx_HAL_Driver/Src/stm32f4xx_hal_pwr.d" -MT"Drivers/STM32F4xx_HAL_Driver/Src/stm32f4xx_hal_pwr.o" --specs=nano.specs -mfpu=fpv4-sp-d16 -mfloat-abi=hard -mthumb -o "Drivers/STM32F4xx_HAL_Driver/Src/stm32f4xx_hal_pwr.o"
arm-none-eabi-gcc "../Drivers/STM32F4xx_HAL_Driver/Src/stm32f4xx_hal_pwr_ex.c" -mcpu=cortex-m4 -std=gnu11 -g3 -DDEBUG -DUSE_HAL_DRIVER -DSTM32F407xx -c -I../Core/Inc -I../Drivers/STM32F4xx_HAL_Driver/Inc -I../Drivers/STM32F4xx_HAL_Driver/Inc/Legacy -I../Drivers/CMSIS/Device/ST/STM32F4xx/Include -I../Drivers/CMSIS/Include -I"C:/ST/Workspace STM/Workspace Estudo/Projetos-iniciais-STM32/QP - Projeto01 - Bink/QP/include" -I"C:/ST/Workspace STM/Workspace Estudo/Projetos-iniciais-STM32/QP - Projeto01 - Bink/QP/ports/arm-cm/qv/gnu" -I"C:/ST/Workspace STM/Workspace Estudo/Projetos-iniciais-STM32/QP - Projeto01 - Bink/QP/src" -O0 -ffunction-sections -fdata-sections -Wall -fstack-usage -MMD -MP -MF"Drivers/STM32F4xx_HAL_Driver/Src/stm32f4xx_hal_pwr_ex.d" -MT"Drivers/STM32F4xx_HAL_Driver/Src/stm32f4xx_hal_pwr_ex.o" --specs=nano.specs -mfpu=fpv4-sp-d16 -mfloat-abi=hard -mthumb -o "Drivers/STM32F4xx_HAL_Driver/Src/stm32f4xx_hal_pwr_ex.o"
arm-none-eabi-gcc "../Drivers/STM32F4xx_HAL_Driver/Src/stm32f4xx_hal_rcc.c" -mcpu=cortex-m4 -std=gnu11 -g3 -DDEBUG -DUSE_HAL_DRIVER -DSTM32F407xx -c -I../Core/Inc -I../Drivers/STM32F4xx_HAL_Driver/Inc -I../Drivers/STM32F4xx_HAL_Driver/Inc/Legacy -I../Drivers/CMSIS/Device/ST/STM32F4xx/Include -I../Drivers/CMSIS/Include -I"C:/ST/Workspace STM/Workspace Estudo/Projetos-iniciais-STM32/QP - Projeto01 - Bink/QP/include" -I"C:/ST/Workspace STM/Workspace Estudo/Projetos-iniciais-STM32/QP - Projeto01 - Bink/QP/ports/arm-cm/qv/gnu" -I"C:/ST/Workspace STM/Workspace Estudo/Projetos-iniciais-STM32/QP - Projeto01 - Bink/QP/src" -O0 -ffunction-sections -fdata-sections -Wall -fstack-usage -MMD -MP -MF"Drivers/STM32F4xx_HAL_Driver/Src/stm32f4xx_hal_rcc.d" -MT"Drivers/STM32F4xx_HAL_Driver/Src/stm32f4xx_hal_rcc.o" --specs=nano.specs -mfpu=fpv4-sp-d16 -mfloat-abi=hard -mthumb -o "Drivers/STM32F4xx_HAL_Driver/Src/stm32f4xx_hal_rcc.o"
arm-none-eabi-gcc "../Drivers/STM32F4xx_HAL_Driver/Src/stm32f4xx_hal_rcc_ex.c" -mcpu=cortex-m4 -std=gnu11 -g3 -DDEBUG -DUSE_HAL_DRIVER -DSTM32F407xx -c -I../Core/Inc -I../Drivers/STM32F4xx_HAL_Driver/Inc -I../Drivers/STM32F4xx_HAL_Driver/Inc/Legacy -I../Drivers/CMSIS/Device/ST/STM32F4xx/Include -I../Drivers/CMSIS/Include -I"C:/ST/Workspace STM/Workspace Estudo/Projetos-iniciais-STM32/QP - Projeto01 - Bink/QP/include" -I"C:/ST/Workspace STM/Workspace Estudo/Projetos-iniciais-STM32/QP - Projeto01 - Bink/QP/ports/arm-cm/qv/gnu" -I"C:/ST/Workspace STM/Workspace Estudo/Projetos-iniciais-STM32/QP - Projeto01 - Bink/QP/src" -O0 -ffunction-sections -fdata-sections -Wall -fstack-usage -MMD -MP -MF"Drivers/STM32F4xx_HAL_Driver/Src/stm32f4xx_hal_rcc_ex.d" -MT"Drivers/STM32F4xx_HAL_Driver/Src/stm32f4xx_hal_rcc_ex.o" --specs=nano.specs -mfpu=fpv4-sp-d16 -mfloat-abi=hard -mthumb -o "Drivers/STM32F4xx_HAL_Driver/Src/stm32f4xx_hal_rcc_ex.o"
arm-none-eabi-gcc "../Drivers/STM32F4xx_HAL_Driver/Src/stm32f4xx_hal_tim.c" -mcpu=cortex-m4 -std=gnu11 -g3 -DDEBUG -DUSE_HAL_DRIVER -DSTM32F407xx -c -I../Core/Inc -I../Drivers/STM32F4xx_HAL_Driver/Inc -I../Drivers/STM32F4xx_HAL_Driver/Inc/Legacy -I../Drivers/CMSIS/Device/ST/STM32F4xx/Include -I../Drivers/CMSIS/Include -I"C:/ST/Workspace STM/Workspace Estudo/Projetos-iniciais-STM32/QP - Projeto01 - Bink/QP/include" -I"C:/ST/Workspace STM/Workspace Estudo/Projetos-iniciais-STM32/QP - Projeto01 - Bink/QP/ports/arm-cm/qv/gnu" -I"C:/ST/Workspace STM/Workspace Estudo/Projetos-iniciais-STM32/QP - Projeto01 - Bink/QP/src" -O0 -ffunction-sections -fdata-sections -Wall -fstack-usage -MMD -MP -MF"Drivers/STM32F4xx_HAL_Driver/Src/stm32f4xx_hal_tim.d" -MT"Drivers/STM32F4xx_HAL_Driver/Src/stm32f4xx_hal_tim.o" --specs=nano.specs -mfpu=fpv4-sp-d16 -mfloat-abi=hard -mthumb -o "Drivers/STM32F4xx_HAL_Driver/Src/stm32f4xx_hal_tim.o"
arm-none-eabi-gcc "../Drivers/STM32F4xx_HAL_Driver/Src/stm32f4xx_hal_tim_ex.c" -mcpu=cortex-m4 -std=gnu11 -g3 -DDEBUG -DUSE_HAL_DRIVER -DSTM32F407xx -c -I../Core/Inc -I../Drivers/STM32F4xx_HAL_Driver/Inc -I../Drivers/STM32F4xx_HAL_Driver/Inc/Legacy -I../Drivers/CMSIS/Device/ST/STM32F4xx/Include -I../Drivers/CMSIS/Include -I"C:/ST/Workspace STM/Workspace Estudo/Projetos-iniciais-STM32/QP - Projeto01 - Bink/QP/include" -I"C:/ST/Workspace STM/Workspace Estudo/Projetos-iniciais-STM32/QP - Projeto01 - Bink/QP/ports/arm-cm/qv/gnu" -I"C:/ST/Workspace STM/Workspace Estudo/Projetos-iniciais-STM32/QP - Projeto01 - Bink/QP/src" -O0 -ffunction-sections -fdata-sections -Wall -fstack-usage -MMD -MP -MF"Drivers/STM32F4xx_HAL_Driver/Src/stm32f4xx_hal_tim_ex.d" -MT"Drivers/STM32F4xx_HAL_Driver/Src/stm32f4xx_hal_tim_ex.o" --specs=nano.specs -mfpu=fpv4-sp-d16 -mfloat-abi=hard -mthumb -o "Drivers/STM32F4xx_HAL_Driver/Src/stm32f4xx_hal_tim_ex.o"
arm-none-eabi-gcc -mcpu=cortex-m4 -g3 -DDEBUG -c -x assembler-with-cpp -MMD -MP -MF"Core/Startup/startup_stm32f407vetx.d" -MT"Core/Startup/startup_stm32f407vetx.o" --specs=nano.specs -mfpu=fpv4-sp-d16 -mfloat-abi=hard -mthumb -o "Core/Startup/startup_stm32f407vetx.o" "../Core/Startup/startup_stm32f407vetx.s"
arm-none-eabi-gcc "../Core/Src/SMLed.c" -mcpu=cortex-m4 -std=gnu11 -g3 -DDEBUG -DUSE_HAL_DRIVER -DSTM32F407xx -c -I../Core/Inc -I../Drivers/STM32F4xx_HAL_Driver/Inc -I../Drivers/STM32F4xx_HAL_Driver/Inc/Legacy -I../Drivers/CMSIS/Device/ST/STM32F4xx/Include -I../Drivers/CMSIS/Include -I"C:/ST/Workspace STM/Workspace Estudo/Projetos-iniciais-STM32/QP - Projeto01 - Bink/QP/include" -I"C:/ST/Workspace STM/Workspace Estudo/Projetos-iniciais-STM32/QP - Projeto01 - Bink/QP/ports/arm-cm/qv/gnu" -I"C:/ST/Workspace STM/Workspace Estudo/Projetos-iniciais-STM32/QP - Projeto01 - Bink/QP/src" -O0 -ffunction-sections -fdata-sections -Wall -fstack-usage -MMD -MP -MF"Core/Src/SMLed.d" -MT"Core/Src/SMLed.o" --specs=nano.specs -mfpu=fpv4-sp-d16 -mfloat-abi=hard -mthumb -o "Core/Src/SMLed.o"
arm-none-eabi-gcc "../Core/Src/SMLedActions.c" -mcpu=cortex-m4 -std=gnu11 -g3 -DDEBUG -DUSE_HAL_DRIVER -DSTM32F407xx -c -I../Core/Inc -I../Drivers/STM32F4xx_HAL_Driver/Inc -I../Drivers/STM32F4xx_HAL_Driver/Inc/Legacy -I../Drivers/CMSIS/Device/ST/STM32F4xx/Include -I../Drivers/CMSIS/Include -I"C:/ST/Workspace STM/Workspace Estudo/Projetos-iniciais-STM32/QP - Projeto01 - Bink/QP/include" -I"C:/ST/Workspace STM/Workspace Estudo/Projetos-iniciais-STM32/QP - Projeto01 - Bink/QP/ports/arm-cm/qv/gnu" -I"C:/ST/Workspace STM/Workspace Estudo/Projetos-iniciais-STM32/QP - Projeto01 - Bink/QP/src" -O0 -ffunction-sections -fdata-sections -Wall -fstack-usage -MMD -MP -MF"Core/Src/SMLedActions.d" -MT"Core/Src/SMLedActions.o" --specs=nano.specs -mfpu=fpv4-sp-d16 -mfloat-abi=hard -mthumb -o "Core/Src/SMLedActions.o"
arm-none-eabi-gcc "../Core/Src/main.c" -mcpu=cortex-m4 -std=gnu11 -g3 -DDEBUG -DUSE_HAL_DRIVER -DSTM32F407xx -c -I../Core/Inc -I../Drivers/STM32F4xx_HAL_Driver/Inc -I../Drivers/STM32F4xx_HAL_Driver/Inc/Legacy -I../Drivers/CMSIS/Device/ST/STM32F4xx/Include -I../Drivers/CMSIS/Include -I"C:/ST/Workspace STM/Workspace Estudo/Projetos-iniciais-STM32/QP - Projeto01 - Bink/QP/include" -I"C:/ST/Workspace STM/Workspace Estudo/Projetos-iniciais-STM32/QP - Projeto01 - Bink/QP/ports/arm-cm/qv/gnu" -I"C:/ST/Workspace STM/Workspace Estudo/Projetos-iniciais-STM32/QP - Projeto01 - Bink/QP/src" -O0 -ffunction-sections -fdata-sections -Wall -fstack-usage -MMD -MP -MF"Core/Src/main.d" -MT"Core/Src/main.o" --specs=nano.specs -mfpu=fpv4-sp-d16 -mfloat-abi=hard -mthumb -o "Core/Src/main.o"
arm-none-eabi-gcc "../Core/Src/stm32f4xx_hal_msp.c" -mcpu=cortex-m4 -std=gnu11 -g3 -DDEBUG -DUSE_HAL_DRIVER -DSTM32F407xx -c -I../Core/Inc -I../Drivers/STM32F4xx_HAL_Driver/Inc -I../Drivers/STM32F4xx_HAL_Driver/Inc/Legacy -I../Drivers/CMSIS/Device/ST/STM32F4xx/Include -I../Drivers/CMSIS/Include -I"C:/ST/Workspace STM/Workspace Estudo/Projetos-iniciais-STM32/QP - Projeto01 - Bink/QP/include" -I"C:/ST/Workspace STM/Workspace Estudo/Projetos-iniciais-STM32/QP - Projeto01 - Bink/QP/ports/arm-cm/qv/gnu" -I"C:/ST/Workspace STM/Workspace Estudo/Projetos-iniciais-STM32/QP - Projeto01 - Bink/QP/src" -O0 -ffunction-sections -fdata-sections -Wall -fstack-usage -MMD -MP -MF"Core/Src/stm32f4xx_hal_msp.d" -MT"Core/Src/stm32f4xx_hal_msp.o" --specs=nano.specs -mfpu=fpv4-sp-d16 -mfloat-abi=hard -mthumb -o "Core/Src/stm32f4xx_hal_msp.o"
arm-none-eabi-gcc "../Core/Src/stm32f4xx_it.c" -mcpu=cortex-m4 -std=gnu11 -g3 -DDEBUG -DUSE_HAL_DRIVER -DSTM32F407xx -c -I../Core/Inc -I../Drivers/STM32F4xx_HAL_Driver/Inc -I../Drivers/STM32F4xx_HAL_Driver/Inc/Legacy -I../Drivers/CMSIS/Device/ST/STM32F4xx/Include -I../Drivers/CMSIS/Include -I"C:/ST/Workspace STM/Workspace Estudo/Projetos-iniciais-STM32/QP - Projeto01 - Bink/QP/include" -I"C:/ST/Workspace STM/Workspace Estudo/Projetos-iniciais-STM32/QP - Projeto01 - Bink/QP/ports/arm-cm/qv/gnu" -I"C:/ST/Workspace STM/Workspace Estudo/Projetos-iniciais-STM32/QP - Projeto01 - Bink/QP/src" -O0 -ffunction-sections -fdata-sections -Wall -fstack-usage -MMD -MP -MF"Core/Src/stm32f4xx_it.d" -MT"Core/Src/stm32f4xx_it.o" --specs=nano.specs -mfpu=fpv4-sp-d16 -mfloat-abi=hard -mthumb -o "Core/Src/stm32f4xx_it.o"
arm-none-eabi-gcc "../Core/Src/syscalls.c" -mcpu=cortex-m4 -std=gnu11 -g3 -DDEBUG -DUSE_HAL_DRIVER -DSTM32F407xx -c -I../Core/Inc -I../Drivers/STM32F4xx_HAL_Driver/Inc -I../Drivers/STM32F4xx_HAL_Driver/Inc/Legacy -I../Drivers/CMSIS/Device/ST/STM32F4xx/Include -I../Drivers/CMSIS/Include -I"C:/ST/Workspace STM/Workspace Estudo/Projetos-iniciais-STM32/QP - Projeto01 - Bink/QP/include" -I"C:/ST/Workspace STM/Workspace Estudo/Projetos-iniciais-STM32/QP - Projeto01 - Bink/QP/ports/arm-cm/qv/gnu" -I"C:/ST/Workspace STM/Workspace Estudo/Projetos-iniciais-STM32/QP - Projeto01 - Bink/QP/src" -O0 -ffunction-sections -fdata-sections -Wall -fstack-usage -MMD -MP -MF"Core/Src/syscalls.d" -MT"Core/Src/syscalls.o" --specs=nano.specs -mfpu=fpv4-sp-d16 -mfloat-abi=hard -mthumb -o "Core/Src/syscalls.o"
arm-none-eabi-gcc "../Core/Src/sysmem.c" -mcpu=cortex-m4 -std=gnu11 -g3 -DDEBUG -DUSE_HAL_DRIVER -DSTM32F407xx -c -I../Core/Inc -I../Drivers/STM32F4xx_HAL_Driver/Inc -I../Drivers/STM32F4xx_HAL_Driver/Inc/Legacy -I../Drivers/CMSIS/Device/ST/STM32F4xx/Include -I../Drivers/CMSIS/Include -I"C:/ST/Workspace STM/Workspace Estudo/Projetos-iniciais-STM32/QP - Projeto01 - Bink/QP/include" -I"C:/ST/Workspace STM/Workspace Estudo/Projetos-iniciais-STM32/QP - Projeto01 - Bink/QP/ports/arm-cm/qv/gnu" -I"C:/ST/Workspace STM/Workspace Estudo/Projetos-iniciais-STM32/QP - Projeto01 - Bink/QP/src" -O0 -ffunction-sections -fdata-sections -Wall -fstack-usage -MMD -MP -MF"Core/Src/sysmem.d" -MT"Core/Src/sysmem.o" --specs=nano.specs -mfpu=fpv4-sp-d16 -mfloat-abi=hard -mthumb -o "Core/Src/sysmem.o"
arm-none-eabi-gcc "../Core/Src/system_stm32f4xx.c" -mcpu=cortex-m4 -std=gnu11 -g3 -DDEBUG -DUSE_HAL_DRIVER -DSTM32F407xx -c -I../Core/Inc -I../Drivers/STM32F4xx_HAL_Driver/Inc -I../Drivers/STM32F4xx_HAL_Driver/Inc/Legacy -I../Drivers/CMSIS/Device/ST/STM32F4xx/Include -I../Drivers/CMSIS/Include -I"C:/ST/Workspace STM/Workspace Estudo/Projetos-iniciais-STM32/QP - Projeto01 - Bink/QP/include" -I"C:/ST/Workspace STM/Workspace Estudo/Projetos-iniciais-STM32/QP - Projeto01 - Bink/QP/ports/arm-cm/qv/gnu" -I"C:/ST/Workspace STM/Workspace Estudo/Projetos-iniciais-STM32/QP - Projeto01 - Bink/QP/src" -O0 -ffunction-sections -fdata-sections -Wall -fstack-usage -MMD -MP -MF"Core/Src/system_stm32f4xx.d" -MT"Core/Src/system_stm32f4xx.o" --specs=nano.specs -mfpu=fpv4-sp-d16 -mfloat-abi=hard -mthumb -o "Core/Src/system_stm32f4xx.o"
In file included from C:/ST/Workspace STM/Workspace Estudo/Projetos-iniciais-STM32/QP - Projeto01 - Bink/QP/ports/arm-cm/qv/gnu/qf_port.h:100,
                 from ../Core/Inc/main.h:35,
                 from ../Core/Src/stm32f4xx_it.c:21:
../Core/Src/stm32f4xx_it.c: In function 'EXTI4_IRQHandler':
C:/ST/Workspace STM/Workspace Estudo/Projetos-iniciais-STM32/QP - Projeto01 - Bink/QP/include/qf.h:282:14: warning: passing argument 1 of '((const QActiveVtable *)((QHsm *)AO_SMLed)->vptr)->post' from incompatible pointer type [-Wincompatible-pointer-types]
  282 |              (me_), (e_), QF_NO_MARGIN))
      |              ^~~~~
      |              |
      |              QMActive * const
../Core/Src/stm32f4xx_it.c:216:3: note: in expansion of macro 'QACTIVE_POST'
  216 |   QACTIVE_POST(AO_SMLed, &evt, 0);
      |   ^~~~~~~~~~~~
C:/ST/Workspace STM/Workspace Estudo/Projetos-iniciais-STM32/QP - Projeto01 - Bink/QP/include/qf.h:282:14: note: expected 'QActive * const' but argument is of type 'QMActive * const'
  282 |              (me_), (e_), QF_NO_MARGIN))
      |              ^~~~~
../Core/Src/stm32f4xx_it.c:216:3: note: in expansion of macro 'QACTIVE_POST'
  216 |   QACTIVE_POST(AO_SMLed, &evt, 0);
      |   ^~~~~~~~~~~~
arm-none-eabi-gcc -o "QP - Projeto01 - Bink.elf" @"objects.list"   -mcpu=cortex-m4 -T"C:\ST\Workspace STM\Workspace Estudo\Projetos-iniciais-STM32\QP - Projeto01 - Bink\STM32F407VETX_FLASH.ld" --specs=nosys.specs -Wl,-Map="QP - Projeto01 - Bink.map" -Wl,--gc-sections -static --specs=nano.specs -mfpu=fpv4-sp-d16 -mfloat-abi=hard -mthumb -Wl,--start-group -lc -lm -Wl,--end-group
Finished building target: QP - Projeto01 - Bink.elf
 
arm-none-eabi-size   QP\ -\ Projeto01\ -\ Bink.elf 
arm-none-eabi-objdump -h -S  QP\ -\ Projeto01\ -\ Bink.elf  > "QP - Projeto01 - Bink.list"
   text	   data	    bss	    dec	    hex	filename
   9304	     20	   1884	  11208	   2bc8	QP - Projeto01 - Bink.elf
Finished building: default.size.stdout
 
Finished building: QP - Projeto01 - Bink.list
 
