09:10:17 **** Incremental Build of configuration Debug for project Projeto45 - RTOS 05 ****
make -j8 all 
arm-none-eabi-gcc "../Core/Src/main.c" -mcpu=cortex-m4 -std=gnu11 -g3 -DDEBUG -DUSE_HAL_DRIVER -DSTM32F407xx -c -I../Core/Inc -I../Drivers/STM32F4xx_HAL_Driver/Inc -I../Drivers/STM32F4xx_HAL_Driver/Inc/Legacy -I../Drivers/CMSIS/Device/ST/STM32F4xx/Include -I../Drivers/CMSIS/Include -I../Middlewares/Third_Party/FreeRTOS/Source/include -I../Middlewares/Third_Party/FreeRTOS/Source/CMSIS_RTOS_V2 -I../Middlewares/Third_Party/FreeRTOS/Source/portable/GCC/ARM_CM4F -O0 -ffunction-sections -fdata-sections -Wall -fstack-usage -MMD -MP -MF"Core/Src/main.d" -MT"Core/Src/main.o" --specs=nano.specs -mfpu=fpv4-sp-d16 -mfloat-abi=hard -mthumb -o "Core/Src/main.o"
arm-none-eabi-gcc -o "Projeto45 - RTOS 05.elf" @"objects.list"   -mcpu=cortex-m4 -T"C:\Users\joaop\Documents\Workspace STM\Workspace Estudo\Projetos-iniciais-STM32\Projeto45 - RTOS 05\STM32F407VETX_FLASH.ld" --specs=nosys.specs -Wl,-Map="Projeto45 - RTOS 05.map" -Wl,--gc-sections -static --specs=nano.specs -mfpu=fpv4-sp-d16 -mfloat-abi=hard -mthumb -Wl,--start-group -lc -lm -Wl,--end-group
Finished building target: Projeto45 - RTOS 05.elf
 
arm-none-eabi-size   Projeto45\ -\ RTOS\ 05.elf 
arm-none-eabi-objdump -h -S  Projeto45\ -\ RTOS\ 05.elf  > "Projeto45 - RTOS 05.list"
   text	   data	    bss	    dec	    hex	filename
  23552	    124	  20692	  44368	   ad50	Projeto45 - RTOS 05.elf
Finished building: default.size.stdout
 
Finished building: Projeto45 - RTOS 05.list
 

09:10:18 Build Finished. 0 errors, 0 warnings. (took 1s.329ms)

